ets Jul 29 2019 12:21:46

rst:0x1 (POWERON_RESET),boot:0x13 (SPI_FAST_FLASH_BOOT)
configsip: 0, SPIWP:0xee
clk_drv:0x00,q_drv:0x00,d_drv:0x00,cs0_drv:0x00,hd_drv:0x00,wp_drv:0x00
mode:DIO, clock div:2
load:0x3fff0030,len:7084
ho 0 tail 12 room 4
load:0x40078000,len:15584
load:0x40080400,len:4
load:0x40080404,len:3876
entry 0x4008064c
[0;32mI (31) boot: ESP-IDF v5.1.1-dirty 2nd stage bootloader[0m
[0;32mI (31) boot: compile time Oct 14 2025 11:40:32[0m
[0;32mI (31) boot: Multicore bootloader[0m
[0;32mI (36) boot: chip revision: v3.1[0m
[0;32mI (40) boot.esp32: SPI Speed      : 40MHz[0m
[0;32mI (44) boot.esp32: SPI Mode       : DIO[0m
[0;32mI (49) boot.esp32: SPI Flash Size : 4MB[0m
[0;32mI (53) boot: Enabling RNG early entropy source...[0m
[0;32mI (59) boot: Partition Table:[0m
[0;32mI (62) boot: ## Label            Usage          Type ST Offset   Length[0m
[0;32mI (70) boot:  0 nvs              WiFi data        01 02 00009000 00006000[0m
[0;32mI (77) boot:  1 phy_init         RF data          01 01 0000f000 00001000[0m
[0;32mI (85) boot:  2 factory          factory app      00 00 00010000 00200000[0m
[0;32mI (92) boot: End of partition table[0m
[0;32mI (96) esp_image: segment 0: paddr=00010020 vaddr=3f400020 size=76d60h (486752) map[0m
[0;32mI (281) esp_image: segment 1: paddr=00086d88 vaddr=3ffbdb60 size=05468h ( 21608) load[0m
[0;32mI (289) esp_image: segment 2: paddr=0008c1f8 vaddr=40080000 size=03e20h ( 15904) load[0m
[0;32mI (296) esp_image: segment 3: paddr=00090020 vaddr=400d0020 size=fb1c8h (1028552) map[0m
[0;32mI (668) esp_image: segment 4: paddr=0018b1f0 vaddr=40083e20 size=1ab0ch (109324) load[0m
[0;32mI (729) boot: Loaded app from partition at offset 0x10000[0m
[0;32mI (729) boot: Disabling RNG early entropy source...[0m
[0;32mI (741) cpu_start: Multicore app[0m
[0;32mI (741) cpu_start: Pro cpu up.[0m
[0;32mI (742) cpu_start: Starting app cpu, entry point is 0x40081408[0m
[0;32mI (0) cpu_start: App cpu up.[0m
[0;32mI (761) cpu_start: Pro cpu start user code[0m
[0;32mI (762) cpu_start: cpu freq: 160000000 Hz[0m
[0;32mI (762) cpu_start: Application information:[0m
[0;32mI (766) cpu_start: Project name:     main[0m
[0;32mI (771) cpu_start: App version:      1[0m
[0;32mI (775) cpu_start: Compile time:     Oct 16 2025 23:46:43[0m
[0;32mI (781) cpu_start: ELF file SHA256:  a0b415f4509be769...[0m
[0;32mI (787) cpu_start: ESP-IDF:          v5.1.1-dirty[0m
[0;32mI (793) cpu_start: Min chip rev:     v0.0[0m
[0;32mI (798) cpu_start: Max chip rev:     v3.99 [0m
[0;32mI (802) cpu_start: Chip rev:         v3.1[0m
[0;32mI (807) heap_init: Initializing. RAM available for dynamic allocation:[0m
[0;32mI (814) heap_init: At 3FFAFF10 len 000000F0 (0 KiB): DRAM[0m
[0;32mI (820) heap_init: At 3FFB6388 len 00001C78 (7 KiB): DRAM[0m
[0;32mI (826) heap_init: At 3FFB9A20 len 00004108 (16 KiB): DRAM[0m
[0;32mI (833) heap_init: At 3FFCBEE0 len 00014120 (80 KiB): DRAM[0m
[0;32mI (839) heap_init: At 3FFE0440 len 00003AE0 (14 KiB): D/IRAM[0m
[0;32mI (845) heap_init: At 3FFE4350 len 0001BCB0 (111 KiB): D/IRAM[0m
[0;32mI (852) heap_init: At 4009E92C len 000016D4 (5 KiB): IRAM[0m
[0;32mI (859) spi_flash: detected chip: generic[0m
[0;32mI (862) spi_flash: flash io: dio[0m
[0;32mI (867) coexist: coex firmware version: 80b0d89[0m
[0;32mI (872) app_start: Starting scheduler on CPU0[0m
[0;32m[0;32mI (877) app_start: Starting scheduler on CPU1[0m
I (877) main_task: Started on CPU0[0m
[0;32mI (887) main_task: Calling app_main()[0m
[0;32mI (937) APP: Web server handler task started[0m
[0;32mI (937) NVS_HANDLE: Open nvs flash: 0[0m
[0;32mI (937) NVS_HANDLE: Open nvs flash: 0[0m
[0;32mI (937) NVS_HANDLE: Open nvs flash: 0[0m
I (957) wifi:wifi driver task: 3ffd20cc, prio:23, stack:6656, core=0
I (977) wifi:wifi firmware version: ce9244d
I (977) wifi:wifi certification version: v7.0
I (977) wifi:config NVS flash: enabled
I (977) wifi:config nano formating: disabled
I (987) wifi:Init data frame dynamic rx buffer num: 32
I (987) wifi:Init management frame dynamic rx buffer num: 32
I (997) wifi:Init management short buffer num: 32
I (997) wifi:Init dynamic tx buffer num: 32
I (1007) wifi:Init static rx buffer size: 1600
I (1007) wifi:Init static rx buffer num: 10
I (1007) wifi:Init dynamic rx buffer num: 32
[0;32mI (1017) wifi_init: rx ba win: 6[0m
[0;32mI (1017) wifi_init: tcpip mbox: 32[0m
[0;32mI (1017) wifi_init: udp mbox: 6[0m
[0;32mI (1027) wifi_init: tcp mbox: 6[0m
[0;32mI (1027) wifi_init: tcp tx win: 5744[0m
[0;32mI (1037) wifi_init: tcp rx win: 5744[0m
[0;32mI (1037) wifi_init: tcp mss: 1440[0m
[0;32mI (1047) wifi_init: WiFi IRAM OP enabled[0m
[0;32mI (1047) wifi_init: WiFi RX IRAM OP enabled[0m
[0;32mI (1047) WIFI STATION: wifi_init_sta finished, ssid:laptop, pass:12345678. ssid len:6, pass len:8[0m
[0;32mI (1067) phy_init: phy_version 4670,719f9f6,Feb 18 2021,17:07:07[0m
I (1177) wifi:mode : sta (24:dc:c3:a6:d0:28)
I (1177) wifi:enable tsf
[0;32mI (1177) APP: Read data from nvs flash: laptop 12345678 0[0m
[0;32mI (1187) WIFI STA: start connect to access point[0m
I (3597) wifi:new:<2,1>, old:<1,0>, ap:<255,255>, sta:<2,1>, prof:2
I (3597) wifi:state: init -> auth (b0)
I (3607) wifi:state: auth -> assoc (0)
I (3617) wifi:state: assoc -> run (10)
I (4137) wifi:connected with laptop, aid = 10, channel 2, 40U, bssid = 16:13:33:02:85:b3
I (4137) wifi:security: WPA2-PSK, phy: bgn, rssi: -19
I (4147) wifi:pm start, type: 1

I (4157) wifi:AP's beacon interval = 102400 us, DTIM period = 1
I (4167) wifi:<ba-add>idx:0 (ifx:0, 16:13:33:02:85:b3), tid:0, ssn:4, winSize:64
[0;32mI (5147) esp_netif_handlers: sta ip: 192.168.137.216, mask: 255.255.255.0, gw: 192.168.137.1[0m
[0;32mI (5147) WIFI STATION: got ip:192.168.137.1[0m
[0;32mI (5147) APP: Connect to AP successful[0m
[0;32mI (5157) APP: connection state: 1[0m
[0;32mI (5157) APP: Web server handler task started[0m
[0;32mI (5157) NVS_HANDLE: Open nvs flash: 0[0m
[0;32mI (5167) NVS_HANDLE: Open nvs flash: 0[0m
[0;32mI (5167) NVS_HANDLE: Open nvs flash: 0[0m
ESP_ERROR_CHECK failed: esp_err_t 0x103 (ESP_ERR_INVALID_STATE) at 0x400d89e4
file: "./components/Libs_wifiSta/Libs_wifiSta.c" line 143
func: Libs_lwipInit
expression: esp_event_loop_create_default()

abort() was called at PC 0x400917c7 on core 0


Backtrace: 0x40081ab2:0x3ffda000 0x400917d1:0x3ffda020 0x4009887a:0x3ffda040 0x400917c7:0x3ffda0b0 0x400d89e4:0x3ffda0e0 0x400d85e6:0x3ffda1e0 0x400941b1:0x3ffda420




ELF file SHA256: a0b415f4509be769

Rebooting...
ets Jul 29 2019 12:21:46

rst:0xc (SW_CPU_RESET),boot:0x13 (SPI_FAST_FLASH_BOOT)
configsip: 0, SPIWP:0xee
clk_drv:0x00,q_drv:0x00,d_drv:0x00,cs0_drv:0x00,hd_drv:0x00,wp_drv:0x00
mode:DIO, clock div:2
load:0x3fff0030,len:7084
ho 0 tail 12 room 4
load:0x40078000,len:15584
load:0x40080400,len:4
load:0x40080404,len:3876
entry 0x4008064c
[0;32mI (31) boot: ESP-IDF v5.1.1-dirty 2nd stage bootloader[0m
[0;32mI (31) boot: compile time Oct 14 2025 11:40:32[0m
[0;32mI (31) boot: Multicore bootloader[0m
[0;32mI (36) boot: chip revision: v3.1[0m
[0;32mI (40) boot.esp32: SPI Speed      : 40MHz[0m
[0;32mI (44) boot.esp32: SPI Mode       : DIO[0m
[0;32mI (49) boot.esp32: SPI Flash Size : 4MB[0m
[0;32mI (53) boot: Enabling RNG early entropy source...[0m
[0;32mI (59) boot: Partition Table:[0m
[0;32mI (62) boot: ## Label            Usage          Type ST Offset   Length[0m
[0;32mI (70) boot:  0 nvs              WiFi data        01 02 00009000 00006000[0m
[0;32mI (77) boot:  1 phy_init         RF data          01 01 0000f000 00001000[0m
[0;32mI (85) boot:  2 factory          factory app      00 00 00010000 00200000[0m
[0;32mI (92) boot: End of partition table[0m
[0;32mI (96) esp_image: segment 0: paddr=00010020 vaddr=3f400020 size=76d60h (486752) map[0m
[0;32mI (280) esp_image: segment 1: paddr=00086d88 vaddr=3ffbdb60 size=05468h ( 21608) load[0m
[0;32mI (289) esp_image: segment 2: paddr=0008c1f8 vaddr=40080000 size=03e20h ( 15904) load[0m
[0;32mI (296) esp_image: segment 3: paddr=00090020 vaddr=400d0020 size=fb1c8h (1028552) map[0m
[0;32mI (668) esp_image: segment 4: paddr=0018b1f0 vaddr=40083e20 size=1ab0ch (109324) load[0m
[0;32mI (729) boot: Loaded app from partition at offset 0x10000[0m
[0;32mI (729) boot: Disabling RNG early entropy source...[0m
[0;32mI (741) cpu_start: Multicore app[0m
[0;32mI (741) cpu_start: Pro cpu up.[0m
[0;32mI (741) cpu_start: Starting app cpu, entry point is 0x40081408[0m
[0;32mI (731) cpu_start: App cpu up.[0m
[0;32mI (762) cpu_start: Pro cpu start user code[0m
[0;32mI (762) cpu_start: cpu freq: 160000000 Hz[0m
[0;32mI (762) cpu_start: Application information:[0m
[0;32mI (766) cpu_start: Project name:     main[0m
[0;32mI (771) cpu_start: App version:      1[0m
[0;32mI (775) cpu_start: Compile time:     Oct 16 2025 23:46:43[0m
[0;32mI (782) cpu_start: ELF file SHA256:  a0b415f4509be769...[0m
[0;32mI (788) cpu_start: ESP-IDF:          v5.1.1-dirty[0m
[0;32mI (793) cpu_start: Min chip rev:     v0.0[0m
[0;32mI (798) cpu_start: Max chip rev:     v3.99 [0m
[0;32mI (802) cpu_start: Chip rev:         v3.1[0m
[0;32mI (807) heap_init: Initializing. RAM available for dynamic allocation:[0m
[0;32mI (815) heap_init: At 3FFAFF10 len 000000F0 (0 KiB): DRAM[0m
[0;32mI (820) heap_init: At 3FFB6388 len 00001C78 (7 KiB): DRAM[0m
[0;32mI (827) heap_init: At 3FFB9A20 len 00004108 (16 KiB): DRAM[0m
[0;32mI (833) heap_init: At 3FFCBEE0 len 00014120 (80 KiB): DRAM[0m
[0;32mI (839) heap_init: At 3FFE0440 len 00003AE0 (14 KiB): D/IRAM[0m
[0;32mI (845) heap_init: At 3FFE4350 len 0001BCB0 (111 KiB): D/IRAM[0m
[0;32mI (852) heap_init: At 4009E92C len 000016D4 (5 KiB): IRAM[0m
[0;32mI (859) spi_flash: detected chip: generic[0m
[0;32mI (862) spi_flash: flash io: dio[0m
[0;32mI (867) coexist: coex firmware version: 80b0d89[0m
[0;32mI (872) app_start: Starting scheduler on CPU0[0m
[0;32m[0;32mI (877) app_start: Starting scheduler on CPU1[0m
I (877) main_task: Started on CPU0[0m
[0;32mI (887) main_task: Calling app_main()[0m
[0;32mI (937) APP: Web server handler task started[0m
[0;32mI (937) NVS_HANDLE: Open nvs flash: 0[0m
[0;32mI (937) NVS_HANDLE: Open nvs flash: 0[0m
[0;32mI (937) NVS_HANDLE: Open nvs flash: 0[0m
I (957) wifi:wifi driver task: 3ffd20cc, prio:23, stack:6656, core=0
I (977) wifi:wifi firmware version: ce9244d
I (977) wifi:wifi certification version: v7.0
I (977) wifi:config NVS flash: enabled
I (977) wifi:config nano formating: disabled
I (987) wifi:Init data frame dynamic rx buffer num: 32
I (987) wifi:Init management frame dynamic rx buffer num: 32
I (997) wifi:Init management short buffer num: 32
I (997) wifi:Init dynamic tx buffer num: 32
I (1007) wifi:Init static rx buffer size: 1600
I (1007) wifi:Init static rx buffer num: 10
I (1007) wifi:Init dynamic rx buffer num: 32
[0;32mI (1017) wifi_init: rx ba win: 6[0m
[0;32mI (1017) wifi_init: tcpip mbox: 32[0m
[0;32mI (1017) wifi_init: udp mbox: 6[0m
[0;32mI (1027) wifi_init: tcp mbox: 6[0m
[0;32mI (1027) wifi_init: tcp tx win: 5744[0m
[0;32mI (1037) wifi_init: tcp rx win: 5744[0m
[0;32mI (1037) wifi_init: tcp mss: 1440[0m
[0;32mI (1047) wifi_init: WiFi IRAM OP enabled[0m
[0;32mI (1047) wifi_init: WiFi RX IRAM OP enabled[0m
[0;32mI (1047) WIFI STATION: wifi_init_sta finished, ssid:laptop, pass:12345678. ssid len:6, pass len:8[0m
[0;32mI (1067) phy_init: phy_version 4670,719f9f6,Feb 18 2021,17:07:07[0m
I (1177) wifi:mode : sta (24:dc:c3:a6:d0:28)
I (1177) wifi:enable tsf
[0;32mI (1187) APP: Read data from nvs flash: laptop 12345678 0[0m
[0;32mI (1187) WIFI STA: start connect to access point[0m
I (3597) wifi:new:<2,1>, old:<1,0>, ap:<255,255>, sta:<2,1>, prof:2
I (3597) wifi:state: init -> auth (b0)
I (3617) wifi:state: auth -> assoc (0)
I (3617) wifi:state: assoc -> run (10)
I (4127) wifi:connected with laptop, aid = 13, channel 2, 40U, bssid = 16:13:33:02:85:b3
I (4127) wifi:security: WPA2-PSK, phy: bgn, rssi: -32
I (4137) wifi:pm start, type: 1

I (4137) wifi:AP's beacon interval = 102400 us, DTIM period = 1
I (4157) wifi:<ba-add>idx:0 (ifx:0, 16:13:33:02:85:b3), tid:0, ssn:4, winSize:64
[0;32mI (5137) esp_netif_handlers: sta ip: 192.168.137.216, mask: 255.255.255.0, gw: 192.168.137.1[0m
[0;32mI (5137) WIFI STATION: got ip:192.168.137.1[0m
[0;32mI (5137) APP: Connect to AP successful[0m
[0;32mI (5147) APP: connection state: 1[0m
[0;32mI (5147) APP: Web server handler task started[0m
[0;32mI (5147) NVS_HANDLE: Open nvs flash: 0[0m
[0;32mI (5157) NVS_HANDLE: Open nvs flash: 0[0m
[0;32mI (5157) NVS_HANDLE: Open nvs flash: 0[0m
ESP_ERROR_CHECK failed: esp_err_t 0x103 (ESP_ERR_INVALID_STATE) at 0x400d89e4
file: "./components/Libs_wifiSta/Libs_wifiSta.c" line 143
func: Libs_lwipInit
expression: esp_event_loop_create_default()

abort() was called at PC 0x400917c7 on core 0


Backtrace: 0x40081ab2:0x3ffda060 0x400917d1:0x3ffda080 0x4009887a:0x3ffda0a0 0x400917c7:0x3ffda110 0x400d89e4:0x3ffda140 0x400d85e6:0x3ffda240 0x400941b1:0x3ffda480




ELF file SHA256: a0b415f4509be769

Rebooting...
ets Jul 29 2019 12:21:46

rst:0xc (SW_CPU_RESET),boot:0x13 (SPI_FAST_FLASH_BOOT)
configsip: 0, SPIWP:0xee
clk_drv:0x00,q_drv:0x00,d_drv:0x00,cs0_drv:0x00,hd_drv:0x00,wp_drv:0x00
mode:DIO, clock div:2
load:0x3fff0030,len:7084
ho 0 tail 12 room 4
load:0x40078000,len:15584
load:0x40080400,len:4
load:0x40080404,len:3876
entry 0x4008064c
[0;32mI (31) boot: ESP-IDF v5.1.1-dirty 2nd stage bootloader[0m
[0;32mI (31) boot: compile time Oct 14 2025 11:40:32[0m
[0;32mI (31) boot: Multicore bootloader[0m
[0;32mI (36) boot: chip revision: v3.1[0m
[0;32mI (40) boot.esp32: SPI Speed      : 40MHz[0m
[0;32mI (44) boot.esp32: SPI Mode       : DIO[0m
[0;32mI (49) boot.esp32: SPI Flash Size : 4MB[0m
[0;32mI (53) boot: Enabling RNG early entropy source...[0m
[0;32mI (59) boot: Partition Table:[0m
[0;32mI (62) boot: ## Label            Usage          Type ST Offset   Length[0m
[0;32mI (70) boot:  0 nvs              WiFi data        01 02 00009000 00006000[0m
[0;32mI (77) boot:  1 phy_init         RF data          01 01 0000f000 00001000[0m
[0;32mI (85) boot:  2 factory          factory app      00 00 00010000 00200000[0m
[0;32mI (92) boot: End of partition table[0m
[0;32mI (96) esp_image: segment 0: paddr=00010020 vaddr=3f400020 size=76d60h (486752) map[0m
[0;32mI (280) esp_image: segment 1: paddr=00086d88 vaddr=3ffbdb60 size=05468h ( 21608) load[0m
[0;32mI (289) esp_image: segment 2: paddr=0008c1f8 vaddr=40080000 size=03e20h ( 15904) load[0m
[0;32mI (296) esp_image: segment 3: paddr=00090020 vaddr=400d0020 size=fb1c8h (1028552) map[0m
[0;32mI (668) esp_image: segment 4: paddr=0018b1f0 vaddr=40083e20 size=1ab0ch (109324) load[0m
[0;32mI (729) boot: Loaded app from partition at offset 0x10000[0m
[0;32mI (729) boot: Disabling RNG early entropy source...[0m
[0;32mI (741) cpu_start: Multicore app[0m
[0;32mI (741) cpu_start: Pro cpu up.[0m
[0;32mI (741) cpu_start: Starting app cpu, entry point is 0x40081408[0m
[0;32mI (731) cpu_start: App cpu up.[0m
[0;32mI (762) cpu_start: Pro cpu start user code[0m
[0;32mI (762) cpu_start: cpu freq: 160000000 Hz[0m
[0;32mI (762) cpu_start: Application information:[0m
[0;32mI (766) cpu_start: Project name:     main[0m
[0;32mI (771) cpu_start: App version:      1[0m
[0;32mI (775) cpu_start: Compile time:     Oct 16 2025 23:46:43[0m
[0;32mI (782) cpu_start: ELF file SHA256:  a0b415f4509be769...[0m
[0;32mI (788) cpu_start: ESP-IDF:          v5.1.1-dirty[0m
[0;32mI (793) cpu_start: Min chip rev:     v0.0[0m
[0;32mI (798) cpu_start: Max chip rev:     v3.99 [0m
[0;32mI (802) cpu_start: Chip rev:         v3.1[0m
[0;32mI (807) heap_init: Initializing. RAM available for dynamic allocation:[0m
[0;32mI (815) heap_init: At 3FFAFF10 len 000000F0 (0 KiB): DRAM[0m
[0;32mI (820) heap_init: At 3FFB6388 len 00001C78 (7 KiB): DRAM[0m
[0;32mI (827) heap_init: At 3FFB9A20 len 00004108 (16 KiB): DRAM[0m
[0;32mI (833) heap_init: At 3FFCBEE0 len 00014120 (80 KiB): DRAM[0m
[0;32mI (839) heap_init: At 3FFE0440 len 00003AE0 (14 KiB): D/IRAM[0m
[0;32mI (845) heap_init: At 3FFE4350 len 0001BCB0 (111 KiB): D/IRAM[0m
[0;32mI (852) heap_init: At 4009E92C len 000016D4 (5 KiB): IRAM[0m
[0;32mI (859) spi_flash: detected chip: generic[0m
[0;32mI (862) spi_flash: flash io: dio[0m
[0;32mI (867) coexist: coex firmware version: 80b0d89[0m
[0;32mI (872) app_start: Starting scheduler on CPU0[0m
[0;32m[0;32mI (877) app_start: Starting scheduler on CPU1[0m
I (877) main_task: Started on CPU0[0m
[0;32mI (887) main_task: Calling app_main()[0m
[0;32mI (937) APP: Web server handler task started[0m
[0;32mI (937) NVS_HANDLE: Open nvs flash: 0[0m
[0;32mI (937) NVS_HANDLE: Open nvs flash: 0[0m
[0;32mI (937) NVS_HANDLE: Open nvs flash: 0[0m
I (957) wifi:wifi driver task: 3ffd20cc, prio:23, stack:6656, core=0
I (977) wifi:wifi firmware version: ce9244d
I (977) wifi:wifi certification version: v7.0
I (977) wifi:config NVS flash: enabled
I (977) wifi:config nano formating: disabled
I (987) wifi:Init data frame dynamic rx buffer num: 32
I (987) wifi:Init management frame dynamic rx buffer num: 32
I (997) wifi:Init management short buffer num: 32
I (997) wifi:Init dynamic tx buffer num: 32
I (1007) wifi:Init static rx buffer size: 1600
I (1007) wifi:Init static rx buffer num: 10
I (1007) wifi:Init dynamic rx buffer num: 32
[0;32mI (1017) wifi_init: rx ba win: 6[0m
[0;32mI (1017) wifi_init: tcpip mbox: 32[0m
[0;32mI (1017) wifi_init: udp mbox: 6[0m
[0;32mI (1027) wifi_init: tcp mbox: 6[0m
[0;32mI (1027) wifi_init: tcp tx win: 5744[0m
[0;32mI (1037) wifi_init: tcp rx win: 5744[0m
[0;32mI (1037) wifi_init: tcp mss: 1440[0m
[0;32mI (1047) wifi_init: WiFi IRAM OP enabled[0m
[0;32mI (1047) wifi_init: WiFi RX IRAM OP enabled[0m
[0;32mI (1047) WIFI STATION: wifi_init_sta finished, ssid:laptop, pass:12345678. ssid len:6, pass len:8[0m
[0;32mI (1067) phy_init: phy_version 4670,719f9f6,Feb 18 2021,17:07:07[0m
I (1177) wifi:mode : sta (24:dc:c3:a6:d0:28)
I (1177) wifi:enable tsf
[0;32mI (1187) APP: Read data from nvs flash: laptop 12345678 0[0m
[0;32mI (1187) WIFI STA: start connect to access point[0m
I (3597) wifi:new:<2,1>, old:<1,0>, ap:<255,255>, sta:<2,1>, prof:2
I (3597) wifi:state: init -> auth (b0)
I (3607) wifi:state: auth -> assoc (0)
I (3647) wifi:state: assoc -> run (10)
I (3697) wifi:connected with laptop, aid = 14, channel 2, 40U, bssid = 16:13:33:02:85:b3
I (3697) wifi:security: WPA2-PSK, phy: bgn, rssi: -32
I (3707) wifi:pm start, type: 1

I (3727) wifi:<ba-add>idx:0 (ifx:0, 16:13:33:02:85:b3), tid:0, ssn:4, winSize:64
I (3727) wifi:AP's beacon interval = 102400 us, DTIM period = 1
[0;32mI (4707) esp_netif_handlers: sta ip: 192.168.137.216, mask: 255.255.255.0, gw: 192.168.137.1[0m
[0;32mI (4707) WIFI STATION: got ip:192.168.137.1[0m
[0;32mI (4707) APP: Connect to AP successful[0m
[0;32mI (4717) APP: connection state: 1[0m
[0;32mI (4717) APP: Web server handler task started[0m
[0;32mI (4727) NVS_HANDLE: Open nvs flash: 0[0m
[0;32mI (4727) NVS_HANDLE: Open nvs flash: 0[0m
[0;32mI (4727) NVS_HANDLE: Open nvs flash: 0[0m
ESP_ERROR_CHECK failed: esp_err_t 0x103 (ESP_ERR_INVALID_STATE) at 0x400d89e4
file: "./components/Libs_wifiSta/Libs_wifiSta.c" line 143
func: Libs_lwipInit
expression: esp_event_loop_create_default()

abort() was called at PC 0x400917c7 on core 0


Backtrace: 0x40081ab2:0x3ffda060 0x400917d1:0x3ffda080 0x4009887a:0x3ffda0a0 0x400917c7:0x3ffda110 0x400d89e4:0x3ffda140 0x400d85e6:0x3ffda240 0x400941b1:0x3ffda480




ELF file SHA256: a0b415f4509be769

Rebooting...
ets Jul 29 2019 12:21:46

rst:0xc (SW_CPU_RESET),boot:0x13 (SPI_FAST_FLASH_BOOT)
configsip: 0, SPIWP:0xee
clk_drv:0x00,q_drv:0x00,d_drv:0x00,cs0_drv:0x00,hd_drv:0x00,wp_drv:0x00
mode:DIO, clock div:2
load:0x3fff0030,len:7084
ho 0 tail 12 room 4
load:0x40078000,len:15584
load:0x40080400,len:4
load:0x40080404,len:3876
entry 0x4008064c
[0;32mI (31) boot: ESP-IDF v5.1.1-dirty 2nd stage bootloader[0m
[0;32mI (31) boot: compile time Oct 14 2025 11:40:32[0m
[0;32mI (31) boot: Multicore bootloader[0m
[0;32mI (36) boot: chip revision: v3.1[0m
[0;32mI (40) boot.esp32: SPI Speed      : 40MHz[0m
[0;32mI (44) boot.esp32: SPI Mode       : DIO[0m
[0;32mI (49) boot.esp32: SPI Flash Size : 4MB[0m
[0;32mI (53) boot: Enabling RNG early entropy source...[0m
[0;32mI (59) boot: Partition Table:[0m
[0;32mI (62) boot: ## Label            Usage          Type ST Offset   Length[0m
[0;32mI (70) boot:  0 nvs              WiFi data        01 02 00009000 00006000[0m
[0;32mI (77) boot:  1 phy_init         RF data          01 01 0000f000 00001000[0m
[0;32mI (85) boot:  2 factory          factory app      00 00 00010000 00200000[0m
[0;32mI (92) boot: End of partition table[0m
[0;32mI (96) esp_image: segment 0: paddr=00010020 vaddr=3f400020 size=76d60h (486752) map[0m
[0;32mI (280) esp_image: segment 1: paddr=00086d88 vaddr=3ffbdb60 size=05468h ( 21608) load[0m
[0;32mI (289) esp_image: segment 2: paddr=0008c1f8 vaddr=40080000 size=03e20h ( 15904) load[0m
[0;32mI (296) esp_image: segment 3: paddr=00090020 vaddr=400d0020 size=fb1c8h (1028552) map[0m
[0;32mI (668) esp_image: segment 4: paddr=0018b1f0 vaddr=40083e20 size=1ab0ch (109324) load[0m
[0;32mI (729) boot: Loaded app from partition at offset 0x10000[0m
[0;32mI (729) boot: Disabling RNG early entropy source...[0m
[0;32mI (741) cpu_start: Multicore app[0m
[0;32mI (741) cpu_start: Pro cpu up.[0m
[0;32mI (741) cpu_start: Starting app cpu, entry point is 0x40081408[0m
[0;32mI (731) cpu_start: App cpu up.[0m
[0;32mI (762) cpu_start: Pro cpu start user code[0m
[0;32mI (762) cpu_start: cpu freq: 160000000 Hz[0m
[0;32mI (762) cpu_start: Application information:[0m
[0;32mI (766) cpu_start: Project name:     main[0m
[0;32mI (771) cpu_start: App version:      1[0m
[0;32mI (775) cpu_start: Compile time:     Oct 16 2025 23:46:43[0m
[0;32mI (782) cpu_start: ELF file SHA256:  a0b415f4509be769...[0m
[0;32mI (788) cpu_start: ESP-IDF:          v5.1.1-dirty[0m
[0;32mI (793) cpu_start: Min chip rev:     v0.0[0m
[0;32mI (798) cpu_start: Max chip rev:     v3.99 [0m
[0;32mI (802) cpu_start: Chip rev:         v3.1[0m
[0;32mI (807) heap_init: Initializing. RAM available for dynamic allocation:[0m
[0;32mI (815) heap_init: At 3FFAFF10 len 000000F0 (0 KiB): DRAM[0m
[0;32mI (820) heap_init: At 3FFB6388 len 00001C78 (7 KiB): DRAM[0m
[0;32mI (827) heap_init: At 3FFB9A20 len 00004108 (16 KiB): DRAM[0m
[0;32mI (833) heap_init: At 3FFCBEE0 len 00014120 (80 KiB): DRAM[0m
[0;32mI (839) heap_init: At 3FFE0440 len 00003AE0 (14 KiB): D/IRAM[0m
[0;32mI (845) heap_init: At 3FFE4350 len 0001BCB0 (111 KiB): D/IRAM[0m
[0;32mI (852) heap_init: At 4009E92C len 000016D4 (5 KiB): IRAM[0m
[0;32mI (859) spi_flash: detected chip: generic[0m
[0;32mI (862) spi_flash: flash io: dio[0m
[0;32mI (867) coexist: coex firmware version: 80b0d89[0m
[0;32mI (872) app_start: Starting scheduler on CPU0[0m
[0;32m[0;32mI (877) app_start: Starting scheduler on CPU1[0m
I (877) main_task: Started on CPU0[0m
[0;32mI (887) main_task: Calling app_main()[0m
[0;32mI (937) APP: Web server handler task started[0m
[0;32mI (937) NVS_HANDLE: Open nvs flash: 0[0m
[0;32mI (937) NVS_HANDLE: Open nvs flash: 0[0m
[0;32mI (937) NVS_HANDLE: Open nvs flash: 0[0m
I (957) wifi:wifi driver task: 3ffd20cc, prio:23, stack:6656, core=0
I (977) wifi:wifi firmware version: ce9244d
I (977) wifi:wifi certification version: v7.0
I (977) wifi:config NVS flash: enabled
I (977) wifi:config nano formating: disabled
I (987) wifi:Init data frame dynamic rx buffer num: 32
I (987) wifi:Init management frame dynamic rx buffer num: 32
I (997) wifi:Init management short buffer num: 32
I (997) wifi:Init dynamic tx buffer num: 32
I (1007) wifi:Init static rx buffer size: 1600
I (1007) wifi:Init static rx buffer num: 10
I (1007) wifi:Init dynamic rx buffer num: 32
[0;32mI (1017) wifi_init: rx ba win: 6[0m
[0;32mI (1017) wifi_init: tcpip mbox: 32[0m
[0;32mI (1017) wifi_init: udp mbox: 6[0m
[0;32mI (1027) wifi_init: tcp mbox: 6[0m
[0;32mI (1027) wifi_init: tcp tx win: 5744[0m
[0;32mI (1037) wifi_init: tcp rx win: 5744[0m
[0;32mI (1037) wifi_init: tcp mss: 1440[0m
[0;32mI (1047) wifi_init: WiFi IRAM OP enabled[0m
[0;32mI (1047) wifi_init: WiFi RX IRAM OP enabled[0m
[0;32mI (1047) WIFI STATION: wifi_init_sta finished, ssid:laptop, pass:12345678. ssid len:6, pass len:8[0m
[0;32mI (1067) phy_init: phy_version 4670,719f9f6,Feb 18 2021,17:07:07[0m
I (1177) wifi:mode : sta (24:dc:c3:a6:d0:28)
I (1177) wifi:enable tsf
[0;32mI (1177) APP: Read data from nvs flash: laptop 12345678 0[0m
[0;32mI (1187) WIFI STA: start connect to access point[0m
I (3597) wifi:new:<2,1>, old:<1,0>, ap:<255,255>, sta:<2,1>, prof:2
I (3597) wifi:state: init -> auth (b0)
I (3617) wifi:state: auth -> assoc (0)
I (3647) wifi:state: assoc -> run (10)
I (3667) wifi:connected with laptop, aid = 11, channel 2, 40U, bssid = 16:13:33:02:85:b3
I (3667) wifi:security: WPA2-PSK, phy: bgn, rssi: -29
I (3677) wifi:pm start, type: 1

I (3747) wifi:AP's beacon interval = 102400 us, DTIM period = 1
[0;32mI (4677) esp_netif_handlers: sta ip: 192.168.137.216, mask: 255.255.255.0, gw: 192.168.137.1[0m
[0;32mI (4677) WIFI STATION: got ip:192.168.137.1[0m
[0;32mI (4677) APP: Connect to AP successful[0m
[0;32mI (4687) APP: connection state: 1[0m
[0;32mI (4687) APP: Web server handler task started[0m
[0;32mI (4697) NVS_HANDLE: Open nvs flash: 0[0m
[0;32mI (4697) NVS_HANDLE: Open nvs flash: 0[0m
[0;32mI (4697) NVS_HANDLE: Open nvs flash: 0[0m
ESP_ERROR_CHECK failed: esp_err_t 0x103 (ESP_ERR_INVALID_STATE) at 0x400d89e4
file: "./components/Libs_wifiSta/Libs_wifiSta.c" line 143
func: Libs_lwipInit
expression: esp_event_loop_create_default()

abort() was called at PC 0x400917c7 on core 0


Backtrace: 0x40081ab2:0x3ffda060 0x400917d1:0x3ffda080 0x4009887a:0x3ffda0a0 0x400917c7:0x3ffda110 0x400d89e4:0x3ffda140 0x400d85e6:0x3ffda240 0x400941b1:0x3ffda480




ELF file SHA256: a0b415f4509be769

Rebooting...
ets Jul 29 2019 12:21:46

rst:0xc (SW_CPU_RESET),boot:0x13 (SPI_FAST_FLASH_BOOT)
configsip: 0, SPIWP:0xee
clk_drv:0x00,q_drv:0x00,d_drv:0x00,cs0_drv:0x00,hd_drv:0x00,wp_drv:0x00
mode:DIO, clock div:2
load:0x3fff0030,len:7084
ho 0 tail 12 room 4
load:0x40078000,len:15584
load:0x40080400,len:4
load:0x40080404,len:3876
entry 0x4008064c
[0;32mI (31) boot: ESP-IDF v5.1.1-dirty 2nd stage bootloader[0m
[0;32mI (31) boot: compile time Oct 14 2025 11:40:32[0m
[0;32mI (31) boot: Multicore bootloader[0m
[0;32mI (36) boot: chip revision: v3.1[0m
[0;32mI (40) boot.esp32: SPI Speed      : 40MHz[0m
[0;32mI (44) boot.esp32: SPI Mode       : DIO[0m
[0;32mI (49) boot.esp32: SPI Flash Size : 4MB[0m
[0;32mI (53) boot: Enabling RNG early entropy source...[0m
[0;32mI (59) boot: Partition Table:[0m
[0;32mI (62) boot: ## Label            Usage          Type ST Offset   Length[0m
[0;32mI (70) boot:  0 nvs              WiFi data        01 02 00009000 00006000[0m
[0;32mI (77) boot:  1 phy_init         RF data          01 01 0000f000 00001000[0m
[0;32mI (85) boot:  2 factory          factory app      00 00 00010000 00200000[0m
[0;32mI (92) boot: End of partition table[0m
[0;32mI (96) esp_image: segment 0: paddr=00010020 vaddr=3f400020 size=76d60h (486752) map[0m
[0;32mI (280) esp_image: segment 1: paddr=00086d88 vaddr=3ffbdb60 size=05468h ( 21608) load[0m
[0;32mI (289) esp_image: segment 2: paddr=0008c1f8 vaddr=40080000 size=03e20h ( 15904) load[0m
[0;32mI (296) esp_image: segment 3: paddr=00090020 vaddr=400d0020 size=fb1c8h (1028552) map[0m
[0;32mI (668) esp_image: segment 4: paddr=0018b1f0 vaddr=40083e20 size=1ab0ch (109324) load[0m
[0;32mI (729) boot: Loaded app from partition at offset 0x10000[0m
[0;32mI (729) boot: Disabling RNG early entropy source...[0m
[0;32mI (741) cpu_start: Multicore app[0m
[0;32mI (741) cpu_start: Pro cpu up.[0m
[0;32mI (741) cpu_start: Starting app cpu, entry point is 0x40081408[0m
[0;32mI (731) cpu_start: App cpu up.[0m
[0;32mI (762) cpu_start: Pro cpu start user code[0m
[0;32mI (762) cpu_start: cpu freq: 160000000 Hz[0m
[0;32mI (762) cpu_start: Application information:[0m
[0;32mI (766) cpu_start: Project name:     main[0m
[0;32mI (771) cpu_start: App version:      1[0m
[0;32mI (775) cpu_start: Compile time:     Oct 16 2025 23:46:43[0m
[0;32mI (782) cpu_start: ELF file SHA256:  a0b415f4509be769...[0m
[0;32mI (788) cpu_start: ESP-IDF:          v5.1.1-dirty[0m
[0;32mI (793) cpu_start: Min chip rev:     v0.0[0m
[0;32mI (798) cpu_start: Max chip rev:     v3.99 [0m
[0;32mI (802) cpu_start: Chip rev:         v3.1[0m
[0;32mI (807) heap_init: Initializing. RAM available for dynamic allocation:[0m
[0;32mI (815) heap_init: At 3FFAFF10 len 000000F0 (0 KiB): DRAM[0m
[0;32mI (820) heap_init: At 3FFB6388 len 00001C78 (7 KiB): DRAM[0m
[0;32mI (827) heap_init: At 3FFB9A20 len 00004108 (16 KiB): DRAM[0m
[0;32mI (833) heap_init: At 3FFCBEE0 len 00014120 (80 KiB): DRAM[0m
[0;32mI (839) heap_init: At 3FFE0440 len 00003AE0 (14 KiB): D/IRAM[0m
[0;32mI (845) heap_init: At 3FFE4350 len 0001BCB0 (111 KiB): D/IRAM[0m
[0;32mI (852) heap_init: At 4009E92C len 000016D4 (5 KiB): IRAM[0m
[0;32mI (859) spi_flash: detected chip: generic[0m
[0;32mI (862) spi_flash: flash io: dio[0m
[0;32mI (867) coexist: coex firmware version: 80b0d89[0m
[0;32mI (872) app_start: Starting scheduler on CPU0[0m
[0;32m[0;32mI (877) app_start: Starting scheduler on CPU1[0m
I (877) main_task: Started on CPU0[0m
[0;32mI (887) main_task: Calling app_main()[0m
[0;32mI (937) APP: Web server handler task started[0m
[0;32mI (937) NVS_HANDLE: Open nvs flash: 0[0m
[0;32mI (937) NVS_HANDLE: Open nvs flash: 0[0m
[0;32mI (937) NVS_HANDLE: Open nvs flash: 0[0m
I (957) wifi:wifi driver task: 3ffd20cc, prio:23, stack:6656, core=0
I (977) wifi:wifi firmware version: ce9244d
I (977) wifi:wifi certification version: v7.0
I (977) wifi:config NVS flash: enabled
I (977) wifi:config nano formating: disabled
I (987) wifi:Init data frame dynamic rx buffer num: 32
I (987) wifi:Init management frame dynamic rx buffer num: 32
I (997) wifi:Init management short buffer num: 32
I (997) wifi:Init dynamic tx buffer num: 32
I (1007) wifi:Init static rx buffer size: 1600
I (1007) wifi:Init static rx buffer num: 10
I (1007) wifi:Init dynamic rx buffer num: 32
[0;32mI (1017) wifi_init: rx ba win: 6[0m
[0;32mI (1017) wifi_init: tcpip mbox: 32[0m
[0;32mI (1017) wifi_init: udp mbox: 6[0m
[0;32mI (1027) wifi_init: tcp mbox: 6[0m
[0;32mI (1027) wifi_init: tcp tx win: 5744[0m
[0;32mI (1037) wifi_init: tcp rx win: 5744[0m
[0;32mI (1037) wifi_init: tcp mss: 1440[0m
[0;32mI (1047) wifi_init: WiFi IRAM OP enabled[0m
[0;32mI (1047) wifi_init: WiFi RX IRAM OP enabled[0m
[0;32mI (1047) WIFI STATION: wifi_init_sta finished, ssid:laptop, pass:12345678. ssid len:6, pass len:8[0m
[0;32mI (1067) phy_init: phy_version 4670,719f9f6,Feb 18 2021,17:07:07[0m
I (1187) wifi:mode : sta (24:dc:c3:a6:d0:28)
I (1187) wifi:enable tsf
[0;32mI (1187) APP: Read data from nvs flash: laptop 12345678 0[0m
[0;32mI (1197) WIFI STA: start connect to access point[0m
I (3607) wifi:new:<2,1>, old:<1,0>, ap:<255,255>, sta:<2,1>, prof:2
I (3607) wifi:state: init -> auth (b0)
I (3617) wifi:state: auth -> assoc (0)
I (3637) wifi:state: assoc -> run (10)
I (3647) wifi:connected with laptop, aid = 3, channel 2, 40U, bssid = 16:13:33:02:85:b3
I (3647) wifi:security: WPA2-PSK, phy: bgn, rssi: -22
I (3647) wifi:pm start, type: 1

I (3697) wifi:AP's beacon interval = 102400 us, DTIM period = 1
[0;32mI (4657) esp_netif_handlers: sta ip: 192.168.137.216, mask: 255.255.255.0, gw: 192.168.137.1[0m
[0;32mI (4657) WIFI STATION: got ip:192.168.137.1[0m
[0;32mI (4657) APP: Connect to AP successful[0m
[0;32mI (4667) APP: connection state: 1[0m
[0;32mI (4667) APP: Web server handler task started[0m
[0;32mI (4677) NVS_HANDLE: Open nvs flash: 0[0m
[0;32mI (4677) NVS_HANDLE: Open nvs flash: 0[0m
[0;32mI (4677) NVS_HANDLE: Open nvs flash: 0[0m
ESP_ERROR_CHECK failed: esp_err_t 0x103 (ESP_ERR_INVALID_STATE) at 0x400d89e4
file: "./components/Libs_wifiSta/Libs_wifiSta.c" line 143
func: Libs_lwipInit
expression: esp_event_loop_create_default()

abort() was called at PC 0x400917c7 on core 0


Backtrace: 0x40081ab2:0x3ffd9ff0 0x400917d1:0x3ffda010 0x4009887a:0x3ffda030 0x400917c7:0x3ffda0a0 0x400d89e4:0x3ffda0d0 0x400d85e6:0x3ffda1d0 0x400941b1:0x3ffda410




ELF file SHA256: a0b415f4509be769

Rebooting...
ets Jul 29 2019 12:21:46

rst:0xc (SW_CPU_RESET),boot:0x13 (SPI_FAST_FLASH_BOOT)
configsip: 0, SPIWP:0xee
clk_drv:0x00,q_drv:0x00,d_drv:0x00,cs0_drv:0x00,hd_drv:0x00,wp_drv:0x00
mode:DIO, clock div:2
load:0x3fff0030,len:7084
ho 0 tail 12 room 4
load:0x40078000,len:15584
load:0x40080400,len:4
load:0x40080404,len:3876
entry 0x4008064c
[0;32mI (31) boot: ESP-IDF v5.1.1-dirty 2nd stage bootloader[0m
[0;32mI (31) boot: compile time Oct 14 2025 11:40:32[0m
[0;32mI (31) boot: Multicore bootloader[0m
[0;32mI (36) boot: chip revision: v3.1[0m
[0;32mI (40) boot.esp32: SPI Speed      : 40MHz[0m
[0;32mI (44) boot.esp32: SPI Mode       : DIO[0m
[0;32mI (49) boot.esp32: SPI Flash Size : 4MB[0m
[0;32mI (53) boot: Enabling RNG early entropy source...[0m
[0;32mI (59) boot: Partition Table:[0m
[0;32mI (62) boot: ## Label            Usage          Type ST Offset   Length[0m
[0;32mI (70) boot:  0 nvs              WiFi data        01 02 00009000 00006000[0m
[0;32mI (77) boot:  1 phy_init         RF data          01 01 0000f000 00001000[0m
[0;32mI (85) boot:  2 factory          factory app      00 00 00010000 00200000[0m
[0;32mI (92) boot: End of partition table[0m
[0;32mI (96) esp_image: segment 0: paddr=00010020 vaddr=3f400020 size=76d60h (486752) map[0m
[0;32mI (280) esp_image: segment 1: paddr=00086d88 vaddr=3ffbdb60 size=05468h ( 21608) load[0m
[0;32mI (289) esp_image: segment 2: paddr=0008c1f8 vaddr=40080000 size=03e20h ( 15904) load[0m
[0;32mI (296) esp_image: segment 3: paddr=00090020 vaddr=400d0020 size=fb1c8h (1028552) map[0m
[0;32mI (668) esp_image: segment 4: paddr=0018b1f0 vaddr=40083e20 size=1ab0ch (109324) load[0m
[0;32mI (729) boot: Loaded app from partition at offset 0x10000[0m
[0;32mI (729) boot: Disabling RNG early entropy source...[0m
[0;32mI (741) cpu_start: Multicore app[0m
[0;32mI (741) cpu_start: Pro cpu up.[0m
[0;32mI (741) cpu_start: Starting app cpu, entry point is 0x40081408[0m
[0;32mI (731) cpu_start: App cpu up.[0m
[0;32mI (762) cpu_start: Pro cpu start user code[0m
[0;32mI (762) cpu_start: cpu freq: 160000000 Hz[0m
[0;32mI (762) cpu_start: Application information:[0m
[0;32mI (766) cpu_start: Project name:     main[0m
[0;32mI (771) cpu_start: App version:      1[0m
[0;32mI (775) cpu_start: Compile time:     Oct 16 2025 23:46:43[0m
[0;32mI (782) cpu_start: ELF file SHA256:  a0b415f4509be769...[0m
[0;32mI (788) cpu_start: ESP-IDF:          v5.1.1-dirty[0m
[0;32mI (793) cpu_start: Min chip rev:     v0.0[0m
[0;32mI (798) cpu_start: Max chip rev:     v3.99 [0m
[0;32mI (802) cpu_start: Chip rev:         v3.1[0m
[0;32mI (807) heap_init: Initializing. RAM available for dynamic allocation:[0m
[0;32mI (815) heap_init: At 3FFAFF10 len 000000F0 (0 KiB): DRAM[0m
[0;32mI (820) heap_init: At 3FFB6388 len 00001C78 (7 KiB): DRAM[0m
[0;32mI (827) heap_init: At 3FFB9A20 len 00004108 (16 KiB): DRAM[0m
[0;32mI (833) heap_init: At 3FFCBEE0 len 00014120 (80 KiB): DRAM[0m
[0;32mI (839) heap_init: At 3FFE0440 len 00003AE0 (14 KiB): D/IRAM[0m
[0;32mI (845) heap_init: At 3FFE4350 len 0001BCB0 (111 KiB): D/IRAM[0m
[0;32mI (852) heap_init: At 4009E92C len 000016D4 (5 KiB): IRAM[0m
[0;32mI (859) spi_flash: detected chip: generic[0m
[0;32mI (862) spi_flash: flash io: dio[0m
[0;32mI (867) coexist: coex firmware version: 80b0d89[0m
[0;32mI (872) app_start: Starting scheduler on CPU0[0m
[0;32m[0;32mI (877) app_start: Starting scheduler on CPU1[0m
I (877) main_task: Started on CPU0[0m
[0;32mI (887) main_task: Calling app_main()[0m
[0;32mI (937) APP: Web server handler task started[0m
[0;32mI (937) NVS_HANDLE: Open nvs flash: 0[0m
[0;32mI (937) NVS_HANDLE: Open nvs flash: 0[0m
[0;32mI (937) NVS_HANDLE: Open nvs flash: 0[0m
I (957) wifi:wifi driver task: 3ffd20cc, prio:23, stack:6656, core=0
I (977) wifi:wifi firmware version: ce9244d
I (977) wifi:wifi certification version: v7.0
I (977) wifi:config NVS flash: enabled
I (977) wifi:config nano formating: disabled
I (987) wifi:Init data frame dynamic rx buffer num: 32
I (987) wifi:Init management frame dynamic rx buffer num: 32
I (997) wifi:Init management short buffer num: 32
I (997) wifi:Init dynamic tx buffer num: 32
I (1007) wifi:Init static rx buffer size: 1600
I (1007) wifi:Init static rx buffer num: 10
I (1007) wifi:Init dynamic rx buffer num: 32
[0;32mI (1017) wifi_init: rx ba win: 6[0m
[0;32mI (1017) wifi_init: tcpip mbox: 32[0m
[0;32mI (1017) wifi_init: udp mbox: 6[0m
[0;32mI (1027) wifi_init: tcp mbox: 6[0m
[0;32mI (1027) wifi_init: tcp tx win: 5744[0m
[0;32mI (1037) wifi_init: tcp rx win: 5744[0m
[0;32mI (1037) wifi_init: tcp mss: 1440[0m
[0;32mI (1047) wifi_init: WiFi IRAM OP enabled[0m
[0;32mI (1047) wifi_init: WiFi RX IRAM OP enabled[0m
[0;32mI (1047) WIFI STATION: wifi_init_sta finished, ssid:laptop, pass:12345678. ssid len:6, pass len:8[0m
[0;32mI (1067) phy_init: phy_version 4670,719f9f6,Feb 18 2021,17:07:07[0m
I (1177) wifi:mode : sta (24:dc:c3:a6:d0:28)
I (1177) wifi:enable tsf
[0;32mI (1177) APP: Read data from nvs flash: laptop 12345678 0[0m
[0;32mI (1187) WIFI STA: start connect to access point[0m
I (3597) wifi:new:<2,1>, old:<1,0>, ap:<255,255>, sta:<2,1>, prof:2
I (3597) wifi:state: init -> auth (b0)
I (3607) wifi:state: auth -> assoc (0)
I (3617) wifi:state: assoc -> run (10)
I (3677) wifi:connected with laptop, aid = 19, channel 2, 40U, bssid = 16:13:33:02:85:b3
I (3677) wifi:security: WPA2-PSK, phy: bgn, rssi: -36
I (3687) wifi:pm start, type: 1

I (3767) wifi:AP's beacon interval = 102400 us, DTIM period = 1
[0;32mI (4687) esp_netif_handlers: sta ip: 192.168.137.216, mask: 255.255.255.0, gw: 192.168.137.1[0m
[0;32mI (4687) WIFI STATION: got ip:192.168.137.1[0m
[0;32mI (4687) APP: Connect to AP successful[0m
[0;32mI (4697) APP: connection state: 1[0m
[0;32mI (4697) APP: Web server handler task started[0m
[0;32mI (4707) NVS_HANDLE: Open nvs flash: 0[0m
[0;32mI (4707) NVS_HANDLE: Open nvs flash: 0[0m
[0;32mI (4707) NVS_HANDLE: Open nvs flash: 0[0m
ESP_ERROR_CHECK failed: esp_err_t 0x103 (ESP_ERR_INVALID_STATE) at 0x400d89e4
file: "./components/Libs_wifiSta/Libs_wifiSta.c" line 143
func: Libs_lwipInit
expression: esp_event_loop_create_default()

abort() was called at PC 0x400917c7 on core 0


Backtrace: 0x40081ab2:0x3ffda060 0x400917d1:0x3ffda080 0x4009887a:0x3ffda0a0 0x400917c7:0x3ffda110 0x400d89e4:0x3ffda140 0x400d85e6:0x3ffda240 0x400941b1:0x3ffda480




ELF file SHA256: a0b415f4509be769

Rebooting...
ets Jul 29 2019 12:21:46

rst:0xc (SW_CPU_RESET),boot:0x13 (SPI_FAST_FLASH_BOOT)
configsip: 0, SPIWP:0xee
clk_drv:0x00,q_drv:0x00,d_drv:0x00,cs0_drv:0x00,hd_drv:0x00,wp_drv:0x00
mode:DIO, clock div:2
load:0x3fff0030,len:7084
ho 0 tail 12 room 4
load:0x40078000,len:15584
load:0x40080400,len:4
load:0x40080404,len:3876
entry 0x4008064c
[0;32mI (31) boot: ESP-IDF v5.1.1-dirty 2nd stage bootloader[0m
[0;32mI (31) boot: compile time Oct 14 2025 11:40:32[0m
[0;32mI (31) boot: Multicore bootloader[0m
[0;32mI (36) boot: chip revision: v3.1[0m
[0;32mI (40) boot.esp32: SPI Speed      : 40MHz[0m
[0;32mI (44) boot.esp32: SPI Mode       : DIO[0m
[0;32mI (49) boot.esp32: SPI Flash Size : 4MB[0m
[0;32mI (53) boot: Enabling RNG early entropy source...[0m
[0;32mI (59) boot: Partition Table:[0m
[0;32mI (62) boot: ## Label            Usage          Type ST Offset   Length[0m
[0;32mI (70) boot:  0 nvs              WiFi data        01 02 00009000 00006000[0m
[0;32mI (77) boot:  1 phy_init         RF data          01 01 0000f000 00001000[0m
[0;32mI (85) boot:  2 factory          factory app      00 00 00010000 00200000[0m
[0;32mI (92) boot: End of partition table[0m
[0;32mI (96) esp_image: segment 0: paddr=00010020 vaddr=3f400020 size=76d60h (486752) map[0m
[0;32mI (280) esp_image: segment 1: paddr=00086d88 vaddr=3ffbdb60 size=05468h ( 21608) load[0m
[0;32mI (289) esp_image: segment 2: paddr=0008c1f8 vaddr=40080000 size=03e20h ( 15904) load[0m
[0;32mI (296) esp_image: segment 3: paddr=00090020 vaddr=400d0020 size=fb1c8h (1028552) map[0m
[0;32mI (668) esp_image: segment 4: paddr=0018b1f0 vaddr=40083e20 size=1ab0ch (109324) load[0m
[0;32mI (729) boot: Loaded app from partition at offset 0x10000[0m
[0;32mI (729) boot: Disabling RNG early entropy source...[0m
[0;32mI (741) cpu_start: Multicore app[0m
[0;32mI (741) cpu_start: Pro cpu up.[0m
[0;32mI (741) cpu_start: Starting app cpu, entry point is 0x40081408[0m
[0;32mI (731) cpu_start: App cpu up.[0m
[0;32mI (762) cpu_start: Pro cpu start user code[0m
[0;32mI (762) cpu_start: cpu freq: 160000000 Hz[0m
[0;32mI (762) cpu_start: Application information:[0m
[0;32mI (766) cpu_start: Project name:     main[0m
[0;32mI (771) cpu_start: App version:      1[0m
[0;32mI (775) cpu_start: Compile time:     Oct 16 2025 23:46:43[0m
[0;32mI (782) cpu_start: ELF file SHA256:  a0b415f4509be769...[0m
[0;32mI (788) cpu_start: ESP-IDF:          v5.1.1-dirty[0m
[0;32mI (793) cpu_start: Min chip rev:     v0.0[0m
[0;32mI (798) cpu_start: Max chip rev:     v3.99 [0m
[0;32mI (802) cpu_start: Chip rev:         v3.1[0m
[0;32mI (807) heap_init: Initializing. RAM available for dynamic allocation:[0m
[0;32mI (815) heap_init: At 3FFAFF10 len 000000F0 (0 KiB): DRAM[0m
[0;32mI (820) heap_init: At 3FFB6388 len 00001C78 (7 KiB): DRAM[0m
[0;32mI (827) heap_init: At 3FFB9A20 len 00004108 (16 KiB): DRAM[0m
[0;32mI (833) heap_init: At 3FFCBEE0 len 00014120 (80 KiB): DRAM[0m
[0;32mI (839) heap_init: At 3FFE0440 len 00003AE0 (14 KiB): D/IRAM[0m
[0;32mI (845) heap_init: At 3FFE4350 len 0001BCB0 (111 KiB): D/IRAM[0m
[0;32mI (852) heap_init: At 4009E92C len 000016D4 (5 KiB): IRAM[0m
[0;32mI (859) spi_flash: detected chip: generic[0m
[0;32mI (862) spi_flash: flash io: dio[0m
[0;32mI (867) coexist: coex firmware version: 80b0d89[0m
[0;32mI (872) app_start: Starting scheduler on CPU0[0m
[0;32m[0;32mI (877) app_start: Starting scheduler on CPU1[0m
I (877) main_task: Started on CPU0[0m
[0;32mI (887) main_task: Calling app_main()[0m
[0;32mI (937) APP: Web server handler task started[0m
[0;32mI (937) NVS_HANDLE: Open nvs flash: 0[0m
[0;32mI (937) NVS_HANDLE: Open nvs flash: 0[0m
[0;32mI (937) NVS_HANDLE: Open nvs flash: 0[0m
I (957) wifi:wifi driver task: 3ffd20cc, prio:23, stack:6656, core=0
I (977) wifi:wifi firmware version: ce9244d
I (977) wifi:wifi certification version: v7.0
I (977) wifi:config NVS flash: enabled
I (977) wifi:config nano formating: disabled
I (987) wifi:Init data frame dynamic rx buffer num: 32
I (987) wifi:Init management frame dynamic rx buffer num: 32
I (997) wifi:Init management short buffer num: 32
I (997) wifi:Init dynamic tx buffer num: 32
I (1007) wifi:Init static rx buffer size: 1600
I (1007) wifi:Init static rx buffer num: 10
I (1007) wifi:Init dynamic rx buffer num: 32
[0;32mI (1017) wifi_init: rx ba win: 6[0m
[0;32mI (1017) wifi_init: tcpip mbox: 32[0m
[0;32mI (1017) wifi_init: udp mbox: 6[0m
[0;32mI (1027) wifi_init: tcp mbox: 6[0m
[0;32mI (1027) wifi_init: tcp tx win: 5744[0m
[0;32mI (1037) wifi_init: tcp rx win: 5744[0m
[0;32mI (1037) wifi_init: tcp mss: 1440[0m
[0;32mI (1047) wifi_init: WiFi IRAM OP enabled[0m
[0;32mI (1047) wifi_init: WiFi RX IRAM OP enabled[0m
[0;32mI (1047) WIFI STATION: wifi_init_sta finished, ssid:laptop, pass:12345678. ssid len:6, pass len:8[0m
[0;32mI (1067) phy_init: phy_version 4670,719f9f6,Feb 18 2021,17:07:07[0m
I (1177) wifi:mode : sta (24:dc:c3:a6:d0:28)
I (1177) wifi:enable tsf
[0;32mI (1187) APP: Read data from nvs flash: laptop 12345678 0[0m
[0;32mI (1187) WIFI STA: start connect to access point[0m
I (3597) wifi:new:<2,1>, old:<1,0>, ap:<255,255>, sta:<2,1>, prof:2
I (3597) wifi:state: init -> auth (b0)
I (3607) wifi:state: auth -> assoc (0)
I (3647) wifi:state: assoc -> run (10)
I (3677) wifi:connected with laptop, aid = 18, channel 2, 40U, bssid = 16:13:33:02:85:b3
I (3677) wifi:security: WPA2-PSK, phy: bgn, rssi: -30
I (3677) wifi:pm start, type: 1

I (3707) wifi:AP's beacon interval = 102400 us, DTIM period = 1
[0;32mI (4687) esp_netif_handlers: sta ip: 192.168.137.216, mask: 255.255.255.0, gw: 192.168.137.1[0m
[0;32mI (4687) WIFI STATION: got ip:192.168.137.1[0m
[0;32mI (4687) APP: Connect to AP successful[0m
[0;32mI (4697) APP: connection state: 1[0m
[0;32mI (4697) APP: Web server handler task started[0m
[0;32mI (4697) NVS_HANDLE: Open nvs flash: 0[0m
[0;32mI (4707) NVS_HANDLE: Open nvs flash: 0[0m
[0;32mI (4707) NVS_HANDLE: Open nvs flash: 0[0m
ESP_ERROR_CHECK failed: esp_err_t 0x103 (ESP_ERR_INVALID_STATE) at 0x400d89e4
file: "./components/Libs_wifiSta/Libs_wifiSta.c" line 143
func: Libs_lwipInit
expression: esp_event_loop_create_default()

abort() was called at PC 0x400917c7 on core 1


Backtrace: 0x40081ab2:0x3ffda060 0x400917d1:0x3ffda080 0x4009887a:0x3ffda0a0 0x400917c7:0x3ffda110 0x400d89e4:0x3ffda140 0x400d85e6:0x3ffda240 0x400941b1:0x3ffda480




ELF file SHA256: a0b415f4509be769

Rebooting...
ets Jul 29 2019 12:21:46

rst:0xc (SW_CPU_RESET),boot:0x13 (SPI_FAST_FLASH_BOOT)
configsip: 0, SPIWP:0xee
clk_drv:0x00,q_drv:0x00,d_drv:0x00,cs0_drv:0x00,hd_drv:0x00,wp_drv:0x00
mode:DIO, clock div:2
load:0x3fff0030,len:7084
ho 0 tail 12 room 4
load:0x40078000,len:15584
load:0x40080400,len:4
load:0x40080404,len:3876
entry 0x4008064c
[0;32mI (31) boot: ESP-IDF v5.1.1-dirty 2nd stage bootloader[0m
[0;32mI (31) boot: compile time Oct 14 2025 11:40:32[0m
[0;32mI (31) boot: Multicore bootloader[0m
[0;32mI (36) boot: chip revision: v3.1[0m
[0;32mI (40) boot.esp32: SPI Speed      : 40MHz[0m
[0;32mI (44) boot.esp32: SPI Mode       : DIO[0m
[0;32mI (49) boot.esp32: SPI Flash Size : 4MB[0m
[0;32mI (53) boot: Enabling RNG early entropy source...[0m
[0;32mI (59) boot: Partition Table:[0m
[0;32mI (62) boot: ## Label            Usage          Type ST Offset   Length[0m
[0;32mI (70) boot:  0 nvs              WiFi data        01 02 00009000 00006000[0m
[0;32mI (77) boot:  1 phy_init         RF data          01 01 0000f000 00001000[0m
[0;32mI (85) boot:  2 factory          factory app      00 00 00010000 00200000[0m
[0;32mI (92) boot: End of partition table[0m
[0;32mI (96) esp_image: segment 0: paddr=00010020 vaddr=3f400020 size=76d60h (486752) map[0m
[0;32mI (280) esp_image: segment 1: paddr=00086d88 vaddr=3ffbdb60 size=05468h ( 21608) load[0m
[0;32mI (289) esp_image: segment 2: paddr=0008c1f8 vaddr=40080000 size=03e20h ( 15904) load[0m
[0;32mI (296) esp_image: segment 3: paddr=00090020 vaddr=400d0020 size=fb1c8h (1028552) map[0m
[0;32mI (668) esp_image: segment 4: paddr=0018b1f0 vaddr=40083e20 size=1ab0ch (109324) load[0m
[0;32mI (729) boot: Loaded app from partition at offset 0x10000[0m
[0;32mI (729) boot: Disabling RNG early entropy source...[0m
[0;32mI (741) cpu_start: Multicore app[0m
[0;32mI (741) cpu_start: Pro cpu up.[0m
[0;32mI (741) cpu_start: Starting app cpu, entry point is 0x40081408[0m
[0;32mI (731) cpu_start: App cpu up.[0m
[0;32mI (762) cpu_start: Pro cpu start user code[0m
[0;32mI (762) cpu_start: cpu freq: 160000000 Hz[0m
[0;32mI (762) cpu_start: Application information:[0m
[0;32mI (766) cpu_start: Project name:     main[0m
[0;32mI (771) cpu_start: App version:      1[0m
[0;32mI (775) cpu_start: Compile time:     Oct 16 2025 23:46:43[0m
[0;32mI (782) cpu_start: ELF file SHA256:  a0b415f4509be769...[0m
[0;32mI (787) cpu_start: ESP-IDF:          v5.1.1-dirty[0m
[0;32mI (793) cpu_start: Min chip rev:     v0.0[0m
[0;32mI (798) cpu_start: Max chip rev:     v3.99 [0m
[0;32mI (802) cpu_start: Chip rev:         v3.1[0m
[0;32mI (807) heap_init: Initializing. RAM available for dynamic allocation:[0m
[0;32mI (815) heap_init: At 3FFAFF10 len 000000F0 (0 KiB): DRAM[0m
[0;32mI (820) heap_init: At 3FFB6388 len 00001C78 (7 KiB): DRAM[0m
[0;32mI (826) heap_init: At 3FFB9A20 len 00004108 (16 KiB): DRAM[0m
[0;32mI (833) heap_init: At 3FFCBEE0 len 00014120 (80 KiB): DRAM[0m
[0;32mI (839) heap_init: At 3FFE0440 len 00003AE0 (14 KiB): D/IRAM[0m
[0;32mI (845) heap_init: At 3FFE4350 len 0001BCB0 (111 KiB): D/IRAM[0m
[0;32mI (852) heap_init: At 4009E92C len 000016D4 (5 KiB): IRAM[0m
[0;32mI (859) spi_flash: detected chip: generic[0m
[0;32mI (862) spi_flash: flash io: dio[0m
[0;32mI (867) coexist: coex firmware version: 80b0d89[0m
[0;32mI (872) app_start: Starting scheduler on CPU0[0m
[0;32m[0;32mI (877) app_start: Starting scheduler on CPU1[0m
I (877) main_task: Started on CPU0[0m
[0;32mI (887) main_task: Calling app_main()[0m
[0;32mI (937) APP: Web server handler task started[0m
[0;32mI (937) NVS_HANDLE: Open nvs flash: 0[0m
[0;32mI (937) NVS_HANDLE: Open nvs flash: 0[0m
[0;32mI (937) NVS_HANDLE: Open nvs flash: 0[0m
I (957) wifi:wifi driver task: 3ffd20cc, prio:23, stack:6656, core=0
I (977) wifi:wifi firmware version: ce9244d
I (977) wifi:wifi certification version: v7.0
I (977) wifi:config NVS flash: enabled
I (977) wifi:config nano formating: disabled
I (987) wifi:Init data frame dynamic rx buffer num: 32
I (987) wifi:Init management frame dynamic rx buffer num: 32
I (997) wifi:Init management short buffer num: 32
I (997) wifi:Init dynamic tx buffer num: 32
I (1007) wifi:Init static rx buffer size: 1600
I (1007) wifi:Init static rx buffer num: 10
I (1007) wifi:Init dynamic rx buffer num: 32
[0;32mI (1017) wifi_init: rx ba win: 6[0m
[0;32mI (1017) wifi_init: tcpip mbox: 32[0m
[0;32mI (1017) wifi_init: udp mbox: 6[0m
[0;32mI (1027) wifi_init: tcp mbox: 6[0m
[0;32mI (1027) wifi_init: tcp tx win: 5744[0m
[0;32mI (1037) wifi_init: tcp rx win: 5744[0m
[0;32mI (1037) wifi_init: tcp mss: 1440[0m
[0;32mI (1047) wifi_init: WiFi IRAM OP enabled[0m
[0;32mI (1047) wifi_init: WiFi RX IRAM OP enabled[0m
[0;32mI (1047) WIFI STATION: wifi_init_sta finished, ssid:laptop, pass:12345678. ssid len:6, pass len:8[0m
[0;32mI (1067) phy_init: phy_version 4670,719f9f6,Feb 18 2021,17:07:07[0m
I (1177) wifi:mode : sta (24:dc:c3:a6:d0:28)
I (1177) wifi:enable tsf
[0;32mI (1177) APP: Read data from nvs flash: laptop 12345678 0[0m
[0;32mI (1187) WIFI STA: start connect to access point[0m
I (3597) wifi:new:<2,1>, old:<1,0>, ap:<255,255>, sta:<2,1>, prof:2
I (3597) wifi:state: init -> auth (b0)
I (3607) wifi:state: auth -> assoc (0)
I (3617) wifi:state: assoc -> run (10)
I (4127) wifi:connected with laptop, aid = 6, channel 2, 40U, bssid = 16:13:33:02:85:b3
I (4127) wifi:security: WPA2-PSK, phy: bgn, rssi: -30
I (4137) wifi:pm start, type: 1

I (4157) wifi:AP's beacon interval = 102400 us, DTIM period = 1
I (4157) wifi:<ba-add>idx:0 (ifx:0, 16:13:33:02:85:b3), tid:0, ssn:4, winSize:64
[0;32mI (5137) esp_netif_handlers: sta ip: 192.168.137.216, mask: 255.255.255.0, gw: 192.168.137.1[0m
[0;32mI (5137) WIFI STATION: got ip:192.168.137.1[0m
[0;32mI (5137) APP: Connect to AP successful[0m
[0;32mI (5147) APP: connection state: 1[0m
[0;32mI (5147) APP: Web server handler task started[0m
[0;32mI (5147) NVS_HANDLE: Open nvs flash: 0[0m
[0;32mI (5157) NVS_HANDLE: Open nvs flash: 0[0m
[0;32mI (5157) NVS_HANDLE: Open nvs flash: 0[0m
ESP_ERROR_CHECK failed: esp_err_t 0x103 (ESP_ERR_INVALID_STATE) at 0x400d89e4
file: "./components/Libs_wifiSta/Libs_wifiSta.c" line 143
func: Libs_lwipInit
expression: esp_event_loop_create_default()

abort() was called at PC 0x400917c7 on core 0


Backtrace: 0x40081ab2:0x3ffda060 0x400917d1:0x3ffda080 0x4009887a:0x3ffda0a0 0x400917c7:0x3ffda110 0x400d89e4:0x3ffda140 0x400d85e6:0x3ffda240 0x400941b1:0x3ffda480




ELF file SHA256: a0b415f4509be769

Rebooting...
ets Jul 29 2019 12:21:46

rst:0xc (SW_CPU_RESET),boot:0x13 (SPI_FAST_FLASH_BOOT)
configsip: 0, SPIWP:0xee
clk_drv:0x00,q_drv:0x00,d_drv:0x00,cs0_drv:0x00,hd_drv:0x00,wp_drv:0x00
mode:DIO, clock div:2
load:0x3fff0030,len:7084
ho 0 tail 12 room 4
load:0x40078000,len:15584
load:0x40080400,len:4
load:0x40080404,len:3876
entry 0x4008064c
[0;32mI (31) boot: ESP-IDF v5.1.1-dirty 2nd stage bootloader[0m
[0;32mI (31) boot: compile time Oct 14 2025 11:40:32[0m
[0;32mI (31) boot: Multicore bootloader[0m
[0;32mI (36) boot: chip revision: v3.1[0m
[0;32mI (40) boot.esp32: SPI Speed      : 40MHz[0m
[0;32mI (44) boot.esp32: SPI Mode       : DIO[0m
[0;32mI (49) boot.esp32: SPI Flash Size : 4MB[0m
[0;32mI (53) boot: Enabling RNG early entropy source...[0m
[0;32mI (59) boot: Partition Table:[0m
[0;32mI (62) boot: ## Label            Usage          Type ST Offset   Length[0m
[0;32mI (70) boot:  0 nvs              WiFi data        01 02 00009000 00006000[0m
[0;32mI (77) boot:  1 phy_init         RF data          01 01 0000f000 00001000[0m
[0;32mI (85) boot:  2 factory          factory app      00 00 00010000 00200000[0m
[0;32mI (92) boot: End of partition table[0m
[0;32mI (96) esp_image: segment 0: paddr=00010020 vaddr=3f400020 size=76d60h (486752) map[0m
[0;32mI (280) esp_image: segment 1: paddr=00086d88 vaddr=3ffbdb60 size=05468h ( 21608) load[0m
[0;32mI (289) esp_image: segment 2: paddr=0008c1f8 vaddr=40080000 size=03e20h ( 15904) load[0m
[0;32mI (296) esp_image: segment 3: paddr=00090020 vaddr=400d0020 size=fb1c8h (1028552) map[0m
[0;32mI (668) esp_image: segment 4: paddr=0018b1f0 vaddr=40083e20 size=1ab0ch (109324) load[0m
[0;32mI (729) boot: Loaded app from partition at offset 0x10000[0m
[0;32mI (729) boot: Disabling RNG early entropy source...[0m
[0;32mI (741) cpu_start: Multicore app[0m
[0;32mI (741) cpu_start: Pro cpu up.[0m
[0;32mI (741) cpu_start: Starting app cpu, entry point is 0x40081408[0m
[0;32mI (731) cpu_start: App cpu up.[0m
[0;32mI (762) cpu_start: Pro cpu start user code[0m
[0;32mI (762) cpu_start: cpu freq: 160000000 Hz[0m
[0;32mI (762) cpu_start: Application information:[0m
[0;32mI (766) cpu_start: Project name:     main[0m
[0;32mI (771) cpu_start: App version:      1[0m
[0;32mI (775) cpu_start: Compile time:     Oct 16 2025 23:46:43[0m
[0;32mI (782) cpu_start: ELF file SHA256:  a0b415f4509be769...[0m
[0;32mI (788) cpu_start: ESP-IDF:          v5.1.1-dirty[0m
[0;32mI (793) cpu_start: Min chip rev:     v0.0[0m
[0;32mI (798) cpu_start: Max chip rev:     v3.99 [0m
[0;32mI (802) cpu_start: Chip rev:         v3.1[0m
[0;32mI (807) heap_init: Initializing. RAM available for dynamic allocation:[0m
[0;32mI (815) heap_init: At 3FFAFF10 len 000000F0 (0 KiB): DRAM[0m
[0;32mI (820) heap_init: At 3FFB6388 len 00001C78 (7 KiB): DRAM[0m
[0;32mI (827) heap_init: At 3FFB9A20 len 00004108 (16 KiB): DRAM[0m
[0;32mI (833) heap_init: At 3FFCBEE0 len 00014120 (80 KiB): DRAM[0m
[0;32mI (839) heap_init: At 3FFE0440 len 00003AE0 (14 KiB): D/IRAM[0m
[0;32mI (845) heap_init: At 3FFE4350 len 0001BCB0 (111 KiB): D/IRAM[0m
[0;32mI (852) heap_init: At 4009E92C len 000016D4 (5 KiB): IRAM[0m
[0;32mI (859) spi_flash: detected chip: generic[0m
[0;32mI (862) spi_flash: flash io: dio[0m
[0;32mI (867) coexist: coex firmware version: 80b0d89[0m
[0;32mI (872) app_start: Starting scheduler on CPU0[0m
[0;32m[0;32mI (877) app_start: Starting scheduler on CPU1[0m
I (877) main_task: Started on CPU0[0m
[0;32mI (887) main_task: Calling app_main()[0m
[0;32mI (937) APP: Web server handler task started[0m
[0;32mI (937) NVS_HANDLE: Open nvs flash: 0[0m
[0;32mI (937) NVS_HANDLE: Open nvs flash: 0[0m
[0;32mI (937) NVS_HANDLE: Open nvs flash: 0[0m
I (957) wifi:wifi driver task: 3ffd20cc, prio:23, stack:6656, core=0
I (977) wifi:wifi firmware version: ce9244d
I (977) wifi:wifi certification version: v7.0
I (977) wifi:config NVS flash: enabled
I (977) wifi:config nano formating: disabled
I (987) wifi:Init data frame dynamic rx buffer num: 32
I (987) wifi:Init management frame dynamic rx buffer num: 32
I (997) wifi:Init management short buffer num: 32
I (997) wifi:Init dynamic tx buffer num: 32
I (1007) wifi:Init static rx buffer size: 1600
I (1007) wifi:Init static rx buffer num: 10
I (1007) wifi:Init dynamic rx buffer num: 32
[0;32mI (1017) wifi_init: rx ba win: 6[0m
[0;32mI (1017) wifi_init: tcpip mbox: 32[0m
[0;32mI (1017) wifi_init: udp mbox: 6[0m
[0;32mI (1027) wifi_init: tcp mbox: 6[0m
[0;32mI (1027) wifi_init: tcp tx win: 5744[0m
[0;32mI (1037) wifi_init: tcp rx win: 5744[0m
[0;32mI (1037) wifi_init: tcp mss: 1440[0m
[0;32mI (1047) wifi_init: WiFi IRAM OP enabled[0m
[0;32mI (1047) wifi_init: WiFi RX IRAM OP enabled[0m
[0;32mI (1047) WIFI STATION: wifi_init_sta finished, ssid:laptop, pass:12345678. ssid len:6, pass len:8[0m
[0;32mI (1067) phy_init: phy_version 4670,719f9f6,Feb 18 2021,17:07:07[0m
I (1177) wifi:mode : sta (24:dc:c3:a6:d0:28)
I (1177) wifi:enable tsf
[0;32mI (1187) APP: Read data from nvs flash: laptop 12345678 0[0m
[0;32mI (1187) WIFI STA: start connect to access point[0m
I (3597) wifi:new:<2,1>, old:<1,0>, ap:<255,255>, sta:<2,1>, prof:2
I (3597) wifi:state: init -> auth (b0)
I (3607) wifi:state: auth -> assoc (0)
I (3617) wifi:state: assoc -> run (10)
I (4127) wifi:connected with laptop, aid = 7, channel 2, 40U, bssid = 16:13:33:02:85:b3
I (4127) wifi:security: WPA2-PSK, phy: bgn, rssi: -30
I (4127) wifi:pm start, type: 1

I (4147) wifi:AP's beacon interval = 102400 us, DTIM period = 1
I (4157) wifi:<ba-add>idx:0 (ifx:0, 16:13:33:02:85:b3), tid:0, ssn:4, winSize:64
[0;32mI (5137) esp_netif_handlers: sta ip: 192.168.137.216, mask: 255.255.255.0, gw: 192.168.137.1[0m
[0;32mI (5137) WIFI STATION: got ip:192.168.137.1[0m
[0;32mI (5137) APP: Connect to AP successful[0m
[0;32mI (5147) APP: connection state: 1[0m
[0;32mI (5147) APP: Web server handler task started[0m
[0;32mI (5147) NVS_HANDLE: Open nvs flash: 0[0m
[0;32mI (5157) NVS_HANDLE: Open nvs flash: 0[0m
[0;32mI (5157) NVS_HANDLE: Open nvs flash: 0[0m
ESP_ERROR_CHECK failed: esp_err_t 0x103 (ESP_ERR_INVALID_STATE) at 0x400d89e4
file: "./components/Libs_wifiSta/Libs_wifiSta.c" line 143
func: Libs_lwipInit
expression: esp_event_loop_create_default()

abort() was called at PC 0x400917c7 on core 0


Backtrace: 0x40081ab2:0x3ffda060 0x400917d1:0x3ffda080 0x4009887a:0x3ffda0a0 0x400917c7:0x3ffda110 0x400d89e4:0x3ffda140 0x400d85e6:0x3ffda240 0x400941b1:0x3ffda480




ELF file SHA256: a0b415f4509be769

Rebooting...
ets Jul 29 2019 12:21:46

rst:0xc (SW_CPU_RESET),boot:0x13 (SPI_FAST_FLASH_BOOT)
configsip: 0, SPIWP:0xee
clk_drv:0x00,q_drv:0x00,d_drv:0x00,cs0_drv:0x00,hd_drv:0x00,wp_drv:0x00
mode:DIO, clock div:2
load:0x3fff0030,len:7084
ho 0 tail 12 room 4
load:0x40078000,len:15584
load:0x40080400,len:4
load:0x40080404,len:3876
entry 0x4008064c
[0;32mI (31) boot: ESP-IDF v5.1.1-dirty 2nd stage bootloader[0m
[0;32mI (31) boot: compile time Oct 14 2025 11:40:32[0m
[0;32mI (31) boot: Multicore bootloader[0m
[0;32mI (36) boot: chip revision: v3.1[0m
[0;32mI (40) boot.esp32: SPI Speed      : 40MHz[0m
[0;32mI (44) boot.esp32: SPI Mode       : DIO[0m
[0;32mI (49) boot.esp32: SPI Flash Size : 4MB[0m
[0;32mI (53) boot: Enabling RNG early entropy source...[0m
[0;32mI (59) boot: Partition Table:[0m
[0;32mI (62) boot: ## Label            Usage          Type ST Offset   Length[0m
[0;32mI (70) boot:  0 nvs              WiFi data        01 02 00009000 00006000[0m
[0;32mI (77) boot:  1 phy_init         RF data          01 01 0000f000 00001000[0m
[0;32mI (85) boot:  2 factory          factory app      00 00 00010000 00200000[0m
[0;32mI (92) boot: End of partition table[0m
[0;32mI (96) esp_image: segment 0: paddr=00010020 vaddr=3f400020 size=76d60h (486752) map[0m
[0;32mI (280) esp_image: segment 1: paddr=00086d88 vaddr=3ffbdb60 size=05468h ( 21608) load[0m
[0;32mI (289) esp_image: segment 2: paddr=0008c1f8 vaddr=40080000 size=03e20h ( 15904) load[0m
[0;32mI (296) esp_image: segment 3: paddr=00090020 vaddr=400d0020 size=fb1c8h (1028552) map[0m
[0;32mI (668) esp_image: segment 4: paddr=0018b1f0 vaddr=40083e20 size=1ab0ch (109324) load[0m
[0;32mI (729) boot: Loaded app from partition at offset 0x10000[0m
[0;32mI (729) boot: Disabling RNG early entropy source...[0m
[0;32mI (741) cpu_start: Multicore app[0m
[0;32mI (741) cpu_start: Pro cpu up.[0m
[0;32mI (741) cpu_start: Starting app cpu, entry point is 0x40081408[0m
[0;32mI (731) cpu_start: App cpu up.[0m
[0;32mI (762) cpu_start: Pro cpu start user code[0m
[0;32mI (762) cpu_start: cpu freq: 160000000 Hz[0m
[0;32mI (762) cpu_start: Application information:[0m
[0;32mI (766) cpu_start: Project name:     main[0m
[0;32mI (771) cpu_start: App version:      1[0m
[0;32mI (775) cpu_start: Compile time:     Oct 16 2025 23:46:43[0m
[0;32mI (782) cpu_start: ELF file SHA256:  a0b415f4509be769...[0m
[0;32mI (788) cpu_start: ESP-IDF:          v5.1.1-dirty[0m
[0;32mI (793) cpu_start: Min chip rev:     v0.0[0m
[0;32mI (798) cpu_start: Max chip rev:     v3.99 [0m
[0;32mI (802) cpu_start: Chip rev:         v3.1[0m
[0;32mI (807) heap_init: Initializing. RAM available for dynamic allocation:[0m
[0;32mI (815) heap_init: At 3FFAFF10 len 000000F0 (0 KiB): DRAM[0m
[0;32mI (820) heap_init: At 3FFB6388 len 00001C78 (7 KiB): DRAM[0m
[0;32mI (827) heap_init: At 3FFB9A20 len 00004108 (16 KiB): DRAM[0m
[0;32mI (833) heap_init: At 3FFCBEE0 len 00014120 (80 KiB): DRAM[0m
[0;32mI (839) heap_init: At 3FFE0440 len 00003AE0 (14 KiB): D/IRAM[0m
[0;32mI (845) heap_init: At 3FFE4350 len 0001BCB0 (111 KiB): D/IRAM[0m
[0;32mI (852) heap_init: At 4009E92C len 000016D4 (5 KiB): IRAM[0m
[0;32mI (859) spi_flash: detected chip: generic[0m
[0;32mI (862) spi_flash: flash io: dio[0m
[0;32mI (867) coexist: coex firmware version: 80b0d89[0m
[0;32mI (872) app_start: Starting scheduler on CPU0[0m
[0;32m[0;32mI (877) app_start: Starting scheduler on CPU1[0m
I (877) main_task: Started on CPU0[0m
[0;32mI (887) main_task: Calling app_main()[0m
[0;32mI (937) APP: Web server handler task started[0m
[0;32mI (937) NVS_HANDLE: Open nvs flash: 0[0m
[0;32mI (937) NVS_HANDLE: Open nvs flash: 0[0m
[0;32mI (937) NVS_HANDLE: Open nvs flash: 0[0m
I (957) wifi:wifi driver task: 3ffd20cc, prio:23, stack:6656, core=0
I (977) wifi:wifi firmware version: ce9244d
I (977) wifi:wifi certification version: v7.0
I (977) wifi:config NVS flash: enabled
I (977) wifi:config nano formating: disabled
I (987) wifi:Init data frame dynamic rx buffer num: 32
I (987) wifi:Init management frame dynamic rx buffer num: 32
I (997) wifi:Init management short buffer num: 32
I (997) wifi:Init dynamic tx buffer num: 32
I (1007) wifi:Init static rx buffer size: 1600
I (1007) wifi:Init static rx buffer num: 10
I (1007) wifi:Init dynamic rx buffer num: 32
[0;32mI (1017) wifi_init: rx ba win: 6[0m
[0;32mI (1017) wifi_init: tcpip mbox: 32[0m
[0;32mI (1017) wifi_init: udp mbox: 6[0m
[0;32mI (1027) wifi_init: tcp mbox: 6[0m
[0;32mI (1027) wifi_init: tcp tx win: 5744[0m
[0;32mI (1037) wifi_init: tcp rx win: 5744[0m
[0;32mI (1037) wifi_init: tcp mss: 1440[0m
[0;32mI (1047) wifi_init: WiFi IRAM OP enabled[0m
[0;32mI (1047) wifi_init: WiFi RX IRAM OP enabled[0m
[0;32mI (1047) WIFI STATION: wifi_init_sta finished, ssid:laptop, pass:12345678. ssid len:6, pass len:8[0m
[0;32mI (1067) phy_init: phy_version 4670,719f9f6,Feb 18 2021,17:07:07[0m
I (1177) wifi:mode : sta (24:dc:c3:a6:d0:28)
I (1177) wifi:enable tsf
[0;32mI (1187) APP: Read data from nvs flash: laptop 12345678 0[0m
[0;32mI (1187) WIFI STA: start connect to access point[0m
I (3597) wifi:new:<2,1>, old:<1,0>, ap:<255,255>, sta:<2,1>, prof:2
I (3597) wifi:state: init -> auth (b0)
I (3617) wifi:state: auth -> assoc (0)
I (3627) wifi:state: assoc -> run (10)
I (3637) wifi:connected with laptop, aid = 12, channel 2, 40U, bssid = 16:13:33:02:85:b3
I (3637) wifi:security: WPA2-PSK, phy: bgn, rssi: -32
I (3647) wifi:pm start, type: 1

I (3737) wifi:AP's beacon interval = 102400 us, DTIM period = 1
[0;32mI (4647) esp_netif_handlers: sta ip: 192.168.137.216, mask: 255.255.255.0, gw: 192.168.137.1[0m
[0;32mI (4647) WIFI STATION: got ip:192.168.137.1[0m
[0;32mI (4647) APP: Connect to AP successful[0m
[0;32mI (4657) APP: connection state: 1[0m
[0;32mI (4657) APP: Web server handler task started[0m
[0;32mI (4657) NVS_HANDLE: Open nvs flash: 0[0m
[0;32mI (4667) NVS_HANDLE: Open nvs flash: 0[0m
[0;32mI (4667) NVS_HANDLE: Open nvs flash: 0[0m
ESP_ERROR_CHECK failed: esp_err_t 0x103 (ESP_ERR_INVALID_STATE) at 0x400d89e4
file: "./components/Libs_wifiSta/Libs_wifiSta.c" line 143
func: Libs_lwipInit
expression: esp_event_loop_create_default()

abort() was called at PC 0x400917c7 on core 0


Backtrace: 0x40081ab2:0x3ffda060 0x400917d1:0x3ffda080 0x4009887a:0x3ffda0a0 0x400917c7:0x3ffda110 0x400d89e4:0x3ffda140 0x400d85e6:0x3ffda240 0x400941b1:0x3ffda480




ELF file SHA256: a0b415f4509be769

Rebooting...
ets Jul 29 2019 12:21:46

rst:0xc (SW_CPU_RESET),boot:0x13 (SPI_FAST_FLASH_BOOT)
configsip: 0, SPIWP:0xee
clk_drv:0x00,q_drv:0x00,d_drv:0x00,cs0_drv:0x00,hd_drv:0x00,wp_drv:0x00
mode:DIO, clock div:2
load:0x3fff0030,len:7084
ho 0 tail 12 room 4
load:0x40078000,len:15584
load:0x40080400,len:4
load:0x40080404,len:3876
entry 0x4008064c
[0;32mI (31) boot: ESP-IDF v5.1.1-dirty 2nd stage bootloader[0m
[0;32mI (31) boot: compile time Oct 14 2025 11:40:32[0m
[0;32mI (31) boot: Multicore bootloader[0m
[0;32mI (36) boot: chip revision: v3.1[0m
[0;32mI (40) boot.esp32: SPI Speed      : 40MHz[0m
[0;32mI (44) boot.esp32: SPI Mode       : DIO[0m
[0;32mI (49) boot.esp32: SPI Flash Size : 4MB[0m
[0;32mI (53) boot: Enabling RNG early entropy source...[0m
[0;32mI (59) boot: Partition Table:[0m
[0;32mI (62) boot: ## Label            Usage          Type ST Offset   Length[0m
[0;32mI (70) boot:  0 nvs              WiFi data        01 02 00009000 00006000[0m
[0;32mI (77) boot:  1 phy_init         RF data          01 01 0000f000 00001000[0m
[0;32mI (85) boot:  2 factory          factory app      00 00 00010000 00200000[0m
[0;32mI (92) boot: End of partition table[0m
[0;32mI (96) esp_image: segment 0: paddr=00010020 vaddr=3f400020 size=76d60h (486752) map[0m
[0;32mI (280) esp_image: segment 1: paddr=00086d88 vaddr=3ffbdb60 size=05468h ( 21608) load[0m
[0;32mI (289) esp_image: segment 2: paddr=0008c1f8 vaddr=40080000 size=03e20h ( 15904) load[0m
[0;32mI (296) esp_image: segment 3: paddr=00090020 vaddr=400d0020 size=fb1c8h (1028552) map[0m
[0;32mI (668) esp_image: segment 4: paddr=0018b1f0 vaddr=40083e20 size=1ab0ch (109324) load[0m
[0;32mI (729) boot: Loaded app from partition at offset 0x10000[0m
[0;32mI (729) boot: Disabling RNG early entropy source...[0m
[0;32mI (741) cpu_start: Multicore app[0m
[0;32mI (741) cpu_start: Pro cpu up.[0m
[0;32mI (741) cpu_start: Starting app cpu, entry point is 0x40081408[0m
[0;32mI (731) cpu_start: App cpu up.[0m
[0;32mI (762) cpu_start: Pro cpu start user code[0m
[0;32mI (762) cpu_start: cpu freq: 160000000 Hz[0m
[0;32mI (762) cpu_start: Application information:[0m
[0;32mI (766) cpu_start: Project name:     main[0m
[0;32mI (771) cpu_start: App version:      1[0m
[0;32mI (775) cpu_start: Compile time:     Oct 16 2025 23:46:43[0m
[0;32mI (782) cpu_start: ELF file SHA256:  a0b415f4509be769...[0m
[0;32mI (788) cpu_start: ESP-IDF:          v5.1.1-dirty[0m
[0;32mI (793) cpu_start: Min chip rev:     v0.0[0m
[0;32mI (798) cpu_start: Max chip rev:     v3.99 [0m
[0;32mI (802) cpu_start: Chip rev:         v3.1[0m
[0;32mI (807) heap_init: Initializing. RAM available for dynamic allocation:[0m
[0;32mI (815) heap_init: At 3FFAFF10 len 000000F0 (0 KiB): DRAM[0m
[0;32mI (820) heap_init: At 3FFB6388 len 00001C78 (7 KiB): DRAM[0m
[0;32mI (827) heap_init: At 3FFB9A20 len 00004108 (16 KiB): DRAM[0m
[0;32mI (833) heap_init: At 3FFCBEE0 len 00014120 (80 KiB): DRAM[0m
[0;32mI (839) heap_init: At 3FFE0440 len 00003AE0 (14 KiB): D/IRAM[0m
[0;32mI (845) heap_init: At 3FFE4350 len 0001BCB0 (111 KiB): D/IRAM[0m
[0;32mI (852) heap_init: At 4009E92C len 000016D4 (5 KiB): IRAM[0m
[0;32mI (859) spi_flash: detected chip: generic[0m
[0;32mI (862) spi_flash: flash io: dio[0m
[0;32mI (867) coexist: coex firmware version: 80b0d89[0m
[0;32mI (872) app_start: Starting scheduler on CPU0[0m
[0;32m[0;32mI (877) app_start: Starting scheduler on CPU1[0m
I (877) main_task: Started on CPU0[0m
[0;32mI (887) main_task: Calling app_main()[0m
[0;32mI (937) APP: Web server handler task started[0m
[0;32mI (937) NVS_HANDLE: Open nvs flash: 0[0m
[0;32mI (937) NVS_HANDLE: Open nvs flash: 0[0m
[0;32mI (937) NVS_HANDLE: Open nvs flash: 0[0m
I (957) wifi:wifi driver task: 3ffd20cc, prio:23, stack:6656, core=0
I (977) wifi:wifi firmware version: ce9244d
I (977) wifi:wifi certification version: v7.0
I (977) wifi:config NVS flash: enabled
I (977) wifi:config nano formating: disabled
I (987) wifi:Init data frame dynamic rx buffer num: 32
I (987) wifi:Init management frame dynamic rx buffer num: 32
I (997) wifi:Init management short buffer num: 32
I (997) wifi:Init dynamic tx buffer num: 32
I (1007) wifi:Init static rx buffer size: 1600
I (1007) wifi:Init static rx buffer num: 10
I (1007) wifi:Init dynamic rx buffer num: 32
[0;32mI (1017) wifi_init: rx ba win: 6[0m
[0;32mI (1017) wifi_init: tcpip mbox: 32[0m
[0;32mI (1017) wifi_init: udp mbox: 6[0m
[0;32mI (1027) wifi_init: tcp mbox: 6[0m
[0;32mI (1027) wifi_init: tcp tx win: 5744[0m
[0;32mI (1037) wifi_init: tcp rx win: 5744[0m
[0;32mI (1037) wifi_init: tcp mss: 1440[0m
[0;32mI (1047) wifi_init: WiFi IRAM OP enabled[0m
[0;32mI (1047) wifi_init: WiFi RX IRAM OP enabled[0m
[0;32mI (1047) WIFI STATION: wifi_init_sta finished, ssid:laptop, pass:12345678. ssid len:6, pass len:8[0m
[0;32mI (1067) phy_init: phy_version 4670,719f9f6,Feb 18 2021,17:07:07[0m
I (1177) wifi:mode : sta (24:dc:c3:a6:d0:28)
I (1177) wifi:enable tsf
[0;32mI (1177) APP: Read data from nvs flash: laptop 12345678 0[0m
[0;32mI (1187) WIFI STA: start connect to access point[0m
I (3597) wifi:new:<2,1>, old:<1,0>, ap:<255,255>, sta:<2,1>, prof:2
I (3597) wifi:state: init -> auth (b0)
I (3607) wifi:state: auth -> assoc (0)
I (3617) wifi:state: assoc -> run (10)
I (3627) wifi:connected with laptop, aid = 15, channel 2, 40U, bssid = 16:13:33:02:85:b3
I (3627) wifi:security: WPA2-PSK, phy: bgn, rssi: -30
I (3637) wifi:pm start, type: 1

I (3717) wifi:AP's beacon interval = 102400 us, DTIM period = 1
[0;32mI (4637) esp_netif_handlers: sta ip: 192.168.137.216, mask: 255.255.255.0, gw: 192.168.137.1[0m
[0;32mI (4637) WIFI STATION: got ip:192.168.137.1[0m
[0;32mI (4637) APP: Connect to AP successful[0m
[0;32mI (4647) APP: connection state: 1[0m
[0;32mI (4647) APP: Web server handler task started[0m
[0;32mI (4647) NVS_HANDLE: Open nvs flash: 0[0m
[0;32mI (4657) NVS_HANDLE: Open nvs flash: 0[0m
[0;32mI (4657) NVS_HANDLE: Open nvs flash: 0[0m
ESP_ERROR_CHECK failed: esp_err_t 0x103 (ESP_ERR_INVALID_STATE) at 0x400d89e4
file: "./components/Libs_wifiSta/Libs_wifiSta.c" line 143
func: Libs_lwipInit
expression: esp_event_loop_create_default()

abort() was called at PC 0x400917c7 on core 0


Backtrace: 0x40081ab2:0x3ffda060 0x400917d1:0x3ffda080 0x4009887a:0x3ffda0a0 0x400917c7:0x3ffda110 0x400d89e4:0x3ffda140 0x400d85e6:0x3ffda240 0x400941b1:0x3ffda480




ELF file SHA256: a0b415f4509be769

Rebooting...
ets Jul 29 2019 12:21:46

rst:0xc (SW_CPU_RESET),boot:0x13 (SPI_FAST_FLASH_BOOT)
configsip: 0, SPIWP:0xee
clk_drv:0x00,q_drv:0x00,d_drv:0x00,cs0_drv:0x00,hd_drv:0x00,wp_drv:0x00
mode:DIO, clock div:2
load:0x3fff0030,len:7084
ho 0 tail 12 room 4
load:0x40078000,len:15584
load:0x40080400,len:4
load:0x40080404,len:3876
entry 0x4008064c
[0;32mI (31) boot: ESP-IDF v5.1.1-dirty 2nd stage bootloader[0m
[0;32mI (31) boot: compile time Oct 14 2025 11:40:32[0m
[0;32mI (31) boot: Multicore bootloader[0m
[0;32mI (36) boot: chip revision: v3.1[0m
[0;32mI (40) boot.esp32: SPI Speed      : 40MHz[0m
[0;32mI (44) boot.esp32: SPI Mode       : DIO[0m
[0;32mI (49) boot.esp32: SPI Flash Size : 4MB[0m
[0;32mI (53) boot: Enabling RNG early entropy source...[0m
[0;32mI (59) boot: Partition Table:[0m
[0;32mI (62) boot: ## Label            Usage          Type ST Offset   Length[0m
[0;32mI (70) boot:  0 nvs              WiFi data        01 02 00009000 00006000[0m
[0;32mI (77) boot:  1 phy_init         RF data          01 01 0000f000 00001000[0m
[0;32mI (85) boot:  2 factory          factory app      00 00 00010000 00200000[0m
[0;32mI (92) boot: End of partition table[0m
[0;32mI (96) esp_image: segment 0: paddr=00010020 vaddr=3f400020 size=76d60h (486752) map[0m
[0;32mI (280) esp_image: segment 1: paddr=00086d88 vaddr=3ffbdb60 size=05468h ( 21608) load[0m
[0;32mI (289) esp_image: segment 2: paddr=0008c1f8 vaddr=40080000 size=03e20h ( 15904) load[0m
[0;32mI (296) esp_image: segment 3: paddr=00090020 vaddr=400d0020 size=fb1c8h (1028552) map[0m
[0;32mI (668) esp_image: segment 4: paddr=0018b1f0 vaddr=40083e20 size=1ab0ch (109324) load[0m
[0;32mI (729) boot: Loaded app from partition at offset 0x10000[0m
[0;32mI (729) boot: Disabling RNG early entropy source...[0m
[0;32mI (741) cpu_start: Multicore app[0m
[0;32mI (741) cpu_start: Pro cpu up.[0m
[0;32mI (741) cpu_start: Starting app cpu, entry point is 0x40081408[0m
[0;32mI (731) cpu_start: App cpu up.[0m
[0;32mI (762) cpu_start: Pro cpu start user code[0m
[0;32mI (762) cpu_start: cpu freq: 160000000 Hz[0m
[0;32mI (762) cpu_start: Application information:[0m
[0;32mI (766) cpu_start: Project name:     main[0m
[0;32mI (771) cpu_start: App version:      1[0m
[0;32mI (775) cpu_start: Compile time:     Oct 16 2025 23:46:43[0m
[0;32mI (782) cpu_start: ELF file SHA256:  a0b415f4509be769...[0m
[0;32mI (788) cpu_start: ESP-IDF:          v5.1.1-dirty[0m
[0;32mI (793) cpu_start: Min chip rev:     v0.0[0m
[0;32mI (798) cpu_start: Max chip rev:     v3.99 [0m
[0;32mI (802) cpu_start: Chip rev:         v3.1[0m
[0;32mI (807) heap_init: Initializing. RAM available for dynamic allocation:[0m
[0;32mI (815) heap_init: At 3FFAFF10 len 000000F0 (0 KiB): DRAM[0m
[0;32mI (820) heap_init: At 3FFB6388 len 00001C78 (7 KiB): DRAM[0m
[0;32mI (827) heap_init: At 3FFB9A20 len 00004108 (16 KiB): DRAM[0m
[0;32mI (833) heap_init: At 3FFCBEE0 len 00014120 (80 KiB): DRAM[0m
[0;32mI (839) heap_init: At 3FFE0440 len 00003AE0 (14 KiB): D/IRAM[0m
[0;32mI (845) heap_init: At 3FFE4350 len 0001BCB0 (111 KiB): D/IRAM[0m
[0;32mI (852) heap_init: At 4009E92C len 000016D4 (5 KiB): IRAM[0m
[0;32mI (859) spi_flash: detected chip: generic[0m
[0;32mI (862) spi_flash: flash io: dio[0m
[0;32mI (867) coexist: coex firmware version: 80b0d89[0m
[0;32mI (872) app_start: Starting scheduler on CPU0[0m
[0;32m[0;32mI (877) app_start: Starting scheduler on CPU1[0m
I (877) main_task: Started on CPU0[0m
[0;32mI (887) main_task: Calling app_main()[0m
[0;32mI (937) APP: Web server handler task started[0m
[0;32mI (937) NVS_HANDLE: Open nvs flash: 0[0m
[0;32mI (937) NVS_HANDLE: Open nvs flash: 0[0m
[0;32mI (937) NVS_HANDLE: Open nvs flash: 0[0m
I (957) wifi:wifi driver task: 3ffd20cc, prio:23, stack:6656, core=0
I (977) wifi:wifi firmware version: ce9244d
I (977) wifi:wifi certification version: v7.0
I (977) wifi:config NVS flash: enabled
I (977) wifi:config nano formating: disabled
I (987) wifi:Init data frame dynamic rx buffer num: 32
I (987) wifi:Init management frame dynamic rx buffer num: 32
I (997) wifi:Init management short buffer num: 32
I (997) wifi:Init dynamic tx buffer num: 32
I (1007) wifi:Init static rx buffer size: 1600
I (1007) wifi:Init static rx buffer num: 10
I (1007) wifi:Init dynamic rx buffer num: 32
[0;32mI (1017) wifi_init: rx ba win: 6[0m
[0;32mI (1017) wifi_init: tcpip mbox: 32[0m
[0;32mI (1017) wifi_init: udp mbox: 6[0m
[0;32mI (1027) wifi_init: tcp mbox: 6[0m
[0;32mI (1027) wifi_init: tcp tx win: 5744[0m
[0;32mI (1037) wifi_init: tcp rx win: 5744[0m
[0;32mI (1037) wifi_init: tcp mss: 1440[0m
[0;32mI (1047) wifi_init: WiFi IRAM OP enabled[0m
[0;32mI (1047) wifi_init: WiFi RX IRAM OP enabled[0m
[0;32mI (1047) WIFI STATION: wifi_init_sta finished, ssid:laptop, pass:12345678. ssid len:6, pass len:8[0m
[0;32mI (1067) phy_init: phy_version 4670,719f9f6,Feb 18 2021,17:07:07[0m
I (1177) wifi:mode : sta (24:dc:c3:a6:d0:28)
I (1177) wifi:enable tsf
[0;32mI (1177) APP: Read data from nvs flash: laptop 12345678 0[0m
[0;32mI (1187) WIFI STA: start connect to access point[0m
I (3597) wifi:new:<2,1>, old:<1,0>, ap:<255,255>, sta:<2,1>, prof:2
I (3597) wifi:state: init -> auth (b0)
I (3607) wifi:state: auth -> assoc (0)
I (3617) wifi:state: assoc -> run (10)
I (4127) wifi:connected with laptop, aid = 16, channel 2, 40U, bssid = 16:13:33:02:85:b3
I (4127) wifi:security: WPA2-PSK, phy: bgn, rssi: -31
I (4137) wifi:pm start, type: 1

I (4157) wifi:<ba-add>idx:0 (ifx:0, 16:13:33:02:85:b3), tid:0, ssn:4, winSize:64
I (4217) wifi:AP's beacon interval = 102400 us, DTIM period = 1
[0;32mI (5137) esp_netif_handlers: sta ip: 192.168.137.216, mask: 255.255.255.0, gw: 192.168.137.1[0m
[0;32mI (5137) WIFI STATION: got ip:192.168.137.1[0m
[0;32mI (5137) APP: Connect to AP successful[0m
[0;32mI (5147) APP: connection state: 1[0m
[0;32mI (5147) APP: Web server handler task started[0m
[0;32mI (5157) NVS_HANDLE: Open nvs flash: 0[0m
[0;32mI (5157) NVS_HANDLE: Open nvs flash: 0[0m
[0;32mI (5157) NVS_HANDLE: Open nvs flash: 0[0m
ESP_ERROR_CHECK failed: esp_err_t 0x103 (ESP_ERR_INVALID_STATE) at 0x400d89e4
file: "./components/Libs_wifiSta/Libs_wifiSta.c" line 143
func: Libs_lwipInit
expression: esp_event_loop_create_default()

abort() was called at PC 0x400917c7 on core 0


Backtrace: 0x40081ab2:0x3ffda060 0x400917d1:0x3ffda080 0x4009887a:0x3ffda0a0 0x400917c7:0x3ffda110 0x400d89e4:0x3ffda140 0x400d85e6:0x3ffda240 0x400941b1:0x3ffda480




ELF file SHA256: a0b415f4509be769

Rebooting...
ets Jul 29 2019 12:21:46

rst:0xc (SW_CPU_RESET),boot:0x13 (SPI_FAST_FLASH_BOOT)
configsip: 0, SPIWP:0xee
clk_drv:0x00,q_drv:0x00,d_drv:0x00,cs0_drv:0x00,hd_drv:0x00,wp_drv:0x00
mode:DIO, clock div:2
load:0x3fff0030,len:7084
ho 0 tail 12 room 4
load:0x40078000,len:15584
load:0x40080400,len:4
load:0x40080404,len:3876
entry 0x4008064c
[0;32mI (31) boot: ESP-IDF v5.1.1-dirty 2nd stage bootloader[0m
[0;32mI (31) boot: compile time Oct 14 2025 11:40:32[0m
[0;32mI (31) boot: Multicore bootloader[0m
[0;32mI (36) boot: chip revision: v3.1[0m
[0;32mI (40) boot.esp32: SPI Speed      : 40MHz[0m
[0;32mI (44) boot.esp32: SPI Mode       : DIO[0m
[0;32mI (49) boot.esp32: SPI Flash Size : 4MB[0m
[0;32mI (53) boot: Enabling RNG early entropy source...[0m
[0;32mI (59) boot: Partition Table:[0m
[0;32mI (62) boot: ## Label            Usage          Type ST Offset   Length[0m
[0;32mI (70) boot:  0 nvs              WiFi data        01 02 00009000 00006000[0m
[0;32mI (77) boot:  1 phy_init         RF data          01 01 0000f000 00001000[0m
[0;32mI (85) boot:  2 factory          factory app      00 00 00010000 00200000[0m
[0;32mI (92) boot: End of partition table[0m
[0;32mI (96) esp_image: segment 0: paddr=00010020 vaddr=3f400020 size=76d60h (486752) map[0m
[0;32mI (280) esp_image: segment 1: paddr=00086d88 vaddr=3ffbdb60 size=05468h ( 21608) load[0m
[0;32mI (289) esp_image: segment 2: paddr=0008c1f8 vaddr=40080000 size=03e20h ( 15904) load[0m
[0;32mI (296) esp_image: segment 3: paddr=00090020 vaddr=400d0020 size=fb1c8h (1028552) map[0m
[0;32mI (668) esp_image: segment 4: paddr=0018b1f0 vaddr=40083e20 size=1ab0ch (109324) load[0m
[0;32mI (729) boot: Loaded app from partition at offset 0x10000[0m
[0;32mI (729) boot: Disabling RNG early entropy source...[0m
[0;32mI (741) cpu_start: Multicore app[0m
[0;32mI (741) cpu_start: Pro cpu up.[0m
[0;32mI (741) cpu_start: Starting app cpu, entry point is 0x40081408[0m
[0;32mI (731) cpu_start: App cpu up.[0m
[0;32mI (762) cpu_start: Pro cpu start user code[0m
[0;32mI (762) cpu_start: cpu freq: 160000000 Hz[0m
[0;32mI (762) cpu_start: Application information:[0m
[0;32mI (766) cpu_start: Project name:     main[0m
[0;32mI (771) cpu_start: App version:      1[0m
[0;32mI (775) cpu_start: Compile time:     Oct 16 2025 23:46:43[0m
[0;32mI (782) cpu_start: ELF file SHA256:  a0b415f4509be769...[0m
[0;32mI (788) cpu_start: ESP-IDF:          v5.1.1-dirty[0m
[0;32mI (793) cpu_start: Min chip rev:     v0.0[0m
[0;32mI (798) cpu_start: Max chip rev:     v3.99 [0m
[0;32mI (802) cpu_start: Chip rev:         v3.1[0m
[0;32mI (807) heap_init: Initializing. RAM available for dynamic allocation:[0m
[0;32mI (815) heap_init: At 3FFAFF10 len 000000F0 (0 KiB): DRAM[0m
[0;32mI (820) heap_init: At 3FFB6388 len 00001C78 (7 KiB): DRAM[0m
[0;32mI (827) heap_init: At 3FFB9A20 len 00004108 (16 KiB): DRAM[0m
[0;32mI (833) heap_init: At 3FFCBEE0 len 00014120 (80 KiB): DRAM[0m
[0;32mI (839) heap_init: At 3FFE0440 len 00003AE0 (14 KiB): D/IRAM[0m
[0;32mI (845) heap_init: At 3FFE4350 len 0001BCB0 (111 KiB): D/IRAM[0m
[0;32mI (852) heap_init: At 4009E92C len 000016D4 (5 KiB): IRAM[0m
[0;32mI (859) spi_flash: detected chip: generic[0m
[0;32mI (862) spi_flash: flash io: dio[0m
[0;32mI (867) coexist: coex firmware version: 80b0d89[0m
[0;32mI (872) app_start: Starting scheduler on CPU0[0m
[0;32m[0;32mI (877) app_start: Starting scheduler on CPU1[0m
I (877) main_task: Started on CPU0[0m
[0;32mI (887) main_task: Calling app_main()[0m
[0;32mI (937) APP: Web server handler task started[0m
[0;32mI (937) NVS_HANDLE: Open nvs flash: 0[0m
[0;32mI (937) NVS_HANDLE: Open nvs flash: 0[0m
[0;32mI (937) NVS_HANDLE: Open nvs flash: 0[0m
I (957) wifi:wifi driver task: 3ffd20cc, prio:23, stack:6656, core=0
I (977) wifi:wifi firmware version: ce9244d
I (977) wifi:wifi certification version: v7.0
I (977) wifi:config NVS flash: enabled
I (977) wifi:config nano formating: disabled
I (987) wifi:Init data frame dynamic rx buffer num: 32
I (987) wifi:Init management frame dynamic rx buffer num: 32
I (997) wifi:Init management short buffer num: 32
I (997) wifi:Init dynamic tx buffer num: 32
I (1007) wifi:Init static rx buffer size: 1600
I (1007) wifi:Init static rx buffer num: 10
I (1007) wifi:Init dynamic rx buffer num: 32
[0;32mI (1017) wifi_init: rx ba win: 6[0m
[0;32mI (1017) wifi_init: tcpip mbox: 32[0m
[0;32mI (1017) wifi_init: udp mbox: 6[0m
[0;32mI (1027) wifi_init: tcp mbox: 6[0m
[0;32mI (1027) wifi_init: tcp tx win: 5744[0m
[0;32mI (1037) wifi_init: tcp rx win: 5744[0m
[0;32mI (1037) wifi_init: tcp mss: 1440[0m
[0;32mI (1047) wifi_init: WiFi IRAM OP enabled[0m
[0;32mI (1047) wifi_init: WiFi RX IRAM OP enabled[0m
[0;32mI (1047) WIFI STATION: wifi_init_sta finished, ssid:laptop, pass:12345678. ssid len:6, pass len:8[0m
[0;32mI (1067) phy_init: phy_version 4670,719f9f6,Feb 18 2021,17:07:07[0m
I (1177) wifi:mode : sta (24:dc:c3:a6:d0:28)
I (1177) wifi:enable tsf
[0;32mI (1177) APP: Read data from nvs flash: laptop 12345678 0[0m
[0;32mI (1187) WIFI STA: start connect to access point[0m
I (3597) wifi:new:<2,1>, old:<1,0>, ap:<255,255>, sta:<2,1>, prof:2
I (3597) wifi:state: init -> auth (b0)
I (3607) wifi:state: auth -> assoc (0)
I (3617) wifi:state: assoc -> run (10)
I (3697) wifi:connected with laptop, aid = 17, channel 2, 40U, bssid = 16:13:33:02:85:b3
I (3697) wifi:security: WPA2-PSK, phy: bgn, rssi: -30
I (3707) wifi:pm start, type: 1

I (3707) wifi:AP's beacon interval = 102400 us, DTIM period = 1
[0;32mI (4707) esp_netif_handlers: sta ip: 192.168.137.216, mask: 255.255.255.0, gw: 192.168.137.1[0m
[0;32mI (4707) WIFI STATION: got ip:192.168.137.1[0m
[0;32mI (4707) APP: Connect to AP successful[0m
[0;32mI (4717) APP: connection state: 1[0m
[0;32mI (4717) APP: Web server handler task started[0m
[0;32mI (4717) NVS_HANDLE: Open nvs flash: 0[0m
[0;32mI (4727) NVS_HANDLE: Open nvs flash: 0[0m
[0;32mI (4727) NVS_HANDLE: Open nvs flash: 0[0m
ESP_ERROR_CHECK failed: esp_err_t 0x103 (ESP_ERR_INVALID_STATE) at 0x400d89e4
file: "./components/Libs_wifiSta/Libs_wifiSta.c" line 143
func: Libs_lwipInit
expression: esp_event_loop_create_default()

abort() was called at PC 0x400917c7 on core 0


Backtrace: 0x40081ab2:0x3ffda060 0x400917d1:0x3ffda080 0x4009887a:0x3ffda0a0 0x400917c7:0x3ffda110 0x400d89e4:0x3ffda140 0x400d85e6:0x3ffda240 0x400941b1:0x3ffda480




ELF file SHA256: a0b415f4509be769

Rebooting...
ets Jul 29 2019 12:21:46

rst:0xc (SW_CPU_RESET),boot:0x13 (SPI_FAST_FLASH_BOOT)
configsip: 0, SPIWP:0xee
clk_drv:0x00,q_drv:0x00,d_drv:0x00,cs0_drv:0x00,hd_drv:0x00,wp_drv:0x00
mode:DIO, clock div:2
load:0x3fff0030,len:7084
ho 0 tail 12 room 4
load:0x40078000,len:15584
load:0x40080400,len:4
load:0x40080404,len:3876
entry 0x4008064c
[0;32mI (31) boot: ESP-IDF v5.1.1-dirty 2nd stage bootloader[0m
[0;32mI (31) boot: compile time Oct 14 2025 11:40:32[0m
[0;32mI (31) boot: Multicore bootloader[0m
[0;32mI (36) boot: chip revision: v3.1[0m
[0;32mI (40) boot.esp32: SPI Speed      : 40MHz[0m
[0;32mI (44) boot.esp32: SPI Mode       : DIO[0m
[0;32mI (49) boot.esp32: SPI Flash Size : 4MB[0m
[0;32mI (53) boot: Enabling RNG early entropy source...[0m
[0;32mI (59) boot: Partition Table:[0m
[0;32mI (62) boot: ## Label            Usage          Type ST Offset   Length[0m
[0;32mI (70) boot:  0 nvs              WiFi data        01 02 00009000 00006000[0m
[0;32mI (77) boot:  1 phy_init         RF data          01 01 0000f000 00001000[0m
[0;32mI (85) boot:  2 factory          factory app      00 00 00010000 00200000[0m
[0;32mI (92) boot: End of partition table[0m
[0;32mI (96) esp_image: segment 0: paddr=00010020 vaddr=3f400020 size=76d60h (486752) map[0m
[0;32mI (280) esp_image: segment 1: paddr=00086d88 vaddr=3ffbdb60 size=05468h ( 21608) load[0m
[0;32mI (289) esp_image: segment 2: paddr=0008c1f8 vaddr=40080000 size=03e20h ( 15904) load[0m
[0;32mI (296) esp_image: segment 3: paddr=00090020 vaddr=400d0020 size=fb1c8h (1028552) map[0m
[0;32mI (668) esp_image: segment 4: paddr=0018b1f0 vaddr=40083e20 size=1ab0ch (109324) load[0m
[0;32mI (729) boot: Loaded app from partition at offset 0x10000[0m
[0;32mI (729) boot: Disabling RNG early entropy source...[0m
[0;32mI (741) cpu_start: Multicore app[0m
[0;32mI (741) cpu_start: Pro cpu up.[0m
[0;32mI (741) cpu_start: Starting app cpu, entry point is 0x40081408[0m
[0;32mI (731) cpu_start: App cpu up.[0m
[0;32mI (762) cpu_start: Pro cpu start user code[0m
[0;32mI (762) cpu_start: cpu freq: 160000000 Hz[0m
[0;32mI (762) cpu_start: Application information:[0m
[0;32mI (766) cpu_start: Project name:     main[0m
[0;32mI (771) cpu_start: App version:      1[0m
[0;32mI (775) cpu_start: Compile time:     Oct 16 2025 23:46:43[0m
[0;32mI (782) cpu_start: ELF file SHA256:  a0b415f4509be769...[0m
[0;32mI (788) cpu_start: ESP-IDF:          v5.1.1-dirty[0m
[0;32mI (793) cpu_start: Min chip rev:     v0.0[0m
[0;32mI (798) cpu_start: Max chip rev:     v3.99 [0m
[0;32mI (802) cpu_start: Chip rev:         v3.1[0m
[0;32mI (807) heap_init: Initializing. RAM available for dynamic allocation:[0m
[0;32mI (815) heap_init: At 3FFAFF10 len 000000F0 (0 KiB): DRAM[0m
[0;32mI (820) heap_init: At 3FFB6388 len 00001C78 (7 KiB): DRAM[0m
[0;32mI (827) heap_init: At 3FFB9A20 len 00004108 (16 KiB): DRAM[0m
[0;32mI (833) heap_init: At 3FFCBEE0 len 00014120 (80 KiB): DRAM[0m
[0;32mI (839) heap_init: At 3FFE0440 len 00003AE0 (14 KiB): D/IRAM[0m
[0;32mI (845) heap_init: At 3FFE4350 len 0001BCB0 (111 KiB): D/IRAM[0m
[0;32mI (852) heap_init: At 4009E92C len 000016D4 (5 KiB): IRAM[0m
[0;32mI (859) spi_flash: detected chip: generic[0m
[0;32mI (862) spi_flash: flash io: dio[0m
[0;32mI (867) coexist: coex firmware version: 80b0d89[0m
[0;32mI (872) app_start: Starting scheduler on CPU0[0m
[0;32m[0;32mI (877) app_start: Starting scheduler on CPU1[0m
I (877) main_task: Started on CPU0[0m
[0;32mI (887) main_task: Calling app_main()[0m
[0;32mI (937) APP: Web server handler task started[0m
[0;32mI (937) NVS_HANDLE: Open nvs flash: 0[0m
[0;32mI (937) NVS_HANDLE: Open nvs flash: 0[0m
[0;32mI (937) NVS_HANDLE: Open nvs flash: 0[0m
I (957) wifi:wifi driver task: 3ffd20cc, prio:23, stack:6656, core=0
I (977) wifi:wifi firmware version: ce9244d
I (977) wifi:wifi certification version: v7.0
I (977) wifi:config NVS flash: enabled
I (977) wifi:config nano formating: disabled
I (987) wifi:Init data frame dynamic rx buffer num: 32
I (987) wifi:Init management frame dynamic rx buffer num: 32
I (997) wifi:Init management short buffer num: 32
I (997) wifi:Init dynamic tx buffer num: 32
I (1007) wifi:Init static rx buffer size: 1600
I (1007) wifi:Init static rx buffer num: 10
I (1007) wifi:Init dynamic rx buffer num: 32
[0;32mI (1017) wifi_init: rx ba win: 6[0m
[0;32mI (1017) wifi_init: tcpip mbox: 32[0m
[0;32mI (1017) wifi_init: udp mbox: 6[0m
[0;32mI (1027) wifi_init: tcp mbox: 6[0m
[0;32mI (1027) wifi_init: tcp tx win: 5744[0m
[0;32mI (1037) wifi_init: tcp rx win: 5744[0m
[0;32mI (1037) wifi_init: tcp mss: 1440[0m
[0;32mI (1047) wifi_init: WiFi IRAM OP enabled[0m
[0;32mI (1047) wifi_init: WiFi RX IRAM OP enabled[0m
[0;32mI (1047) WIFI STATION: wifi_init_sta finished, ssid:laptop, pass:12345678. ssid len:6, pass len:8[0m
[0;32mI (1067) phy_init: phy_version 4670,719f9f6,Feb 18 2021,17:07:07[0m
I (1187) wifi:mode : sta (24:dc:c3:a6:d0:28)
I (1187) wifi:enable tsf
[0;32mI (1187) APP: Read data from nvs flash: laptop 12345678 0[0m
[0;32mI (1187) WIFI STA: start connect to access point[0m
I (3597) wifi:new:<2,1>, old:<1,0>, ap:<255,255>, sta:<2,1>, prof:2
I (3607) wifi:state: init -> auth (b0)
I (3617) wifi:state: auth -> assoc (0)
I (3667) wifi:state: assoc -> run (10)
I (4167) wifi:connected with laptop, aid = 10, channel 2, 40U, bssid = 16:13:33:02:85:b3
I (4167) wifi:security: WPA2-PSK, phy: bgn, rssi: -31
I (4177) wifi:pm start, type: 1

I (4197) wifi:<ba-add>idx:0 (ifx:0, 16:13:33:02:85:b3), tid:0, ssn:4, winSize:64
I (4237) wifi:AP's beacon interval = 102400 us, DTIM period = 1
[0;32mI (5177) esp_netif_handlers: sta ip: 192.168.137.216, mask: 255.255.255.0, gw: 192.168.137.1[0m
[0;32mI (5177) WIFI STATION: got ip:192.168.137.1[0m
[0;32mI (5177) APP: Connect to AP successful[0m
[0;32mI (5187) APP: connection state: 1[0m
[0;32mI (5187) APP: Web server handler task started[0m
[0;32mI (5187) NVS_HANDLE: Open nvs flash: 0[0m
[0;32mI (5197) NVS_HANDLE: Open nvs flash: 0[0m
[0;32mI (5197) NVS_HANDLE: Open nvs flash: 0[0m
ESP_ERROR_CHECK failed: esp_err_t 0x103 (ESP_ERR_INVALID_STATE) at 0x400d89e4
file: "./components/Libs_wifiSta/Libs_wifiSta.c" line 143
func: Libs_lwipInit
expression: esp_event_loop_create_default()

abort() was called at PC 0x400917c7 on core 0


Backtrace: 0x40081ab2:0x3ffda060 0x400917d1:0x3ffda080 0x4009887a:0x3ffda0a0 0x400917c7:0x3ffda110 0x400d89e4:0x3ffda140 0x400d85e6:0x3ffda240 0x400941b1:0x3ffda480




ELF file SHA256: a0b415f4509be769

Rebooting...
ets Jul 29 2019 12:21:46

rst:0xc (SW_CPU_RESET),boot:0x13 (SPI_FAST_FLASH_BOOT)
configsip: 0, SPIWP:0xee
clk_drv:0x00,q_drv:0x00,d_drv:0x00,cs0_drv:0x00,hd_drv:0x00,wp_drv:0x00
mode:DIO, clock div:2
load:0x3fff0030,len:7084
ho 0 tail 12 room 4
load:0x40078000,len:15584
load:0x40080400,len:4
load:0x40080404,len:3876
entry 0x4008064c
[0;32mI (31) boot: ESP-IDF v5.1.1-dirty 2nd stage bootloader[0m
[0;32mI (31) boot: compile time Oct 14 2025 11:40:32[0m
[0;32mI (31) boot: Multicore bootloader[0m
[0;32mI (36) boot: chip revision: v3.1[0m
[0;32mI (40) boot.esp32: SPI Speed      : 40MHz[0m
[0;32mI (44) boot.esp32: SPI Mode       : DIO[0m
[0;32mI (49) boot.esp32: SPI Flash Size : 4MB[0m
[0;32mI (53) boot: Enabling RNG early entropy source...[0m
[0;32mI (59) boot: Partition Table:[0m
[0;32mI (62) boot: ## Label            Usage          Type ST Offset   Length[0m
[0;32mI (70) boot:  0 nvs              WiFi data        01 02 00009000 00006000[0m
[0;32mI (77) boot:  1 phy_init         RF data          01 01 0000f000 00001000[0m
[0;32mI (85) boot:  2 factory          factory app      00 00 00010000 00200000[0m
[0;32mI (92) boot: End of partition table[0m
[0;32mI (96) esp_image: segment 0: paddr=00010020 vaddr=3f400020 size=76d60h (486752) map[0m
[0;32mI (280) esp_image: segment 1: paddr=00086d88 vaddr=3ffbdb60 size=05468h ( 21608) load[0m
[0;32mI (289) esp_image: segment 2: paddr=0008c1f8 vaddr=40080000 size=03e20h ( 15904) load[0m
[0;32mI (296) esp_image: segment 3: paddr=00090020 vaddr=400d0020 size=fb1c8h (1028552) map[0m
[0;32mI (668) esp_image: segment 4: paddr=0018b1f0 vaddr=40083e20 size=1ab0ch (109324) load[0m
[0;32mI (729) boot: Loaded app from partition at offset 0x10000[0m
[0;32mI (729) boot: Disabling RNG early entropy source...[0m
[0;32mI (741) cpu_start: Multicore app[0m
[0;32mI (741) cpu_start: Pro cpu up.[0m
[0;32mI (741) cpu_start: Starting app cpu, entry point is 0x40081408[0m
[0;32mI (731) cpu_start: App cpu up.[0m
[0;32mI (762) cpu_start: Pro cpu start user code[0m
[0;32mI (762) cpu_start: cpu freq: 160000000 Hz[0m
[0;32mI (762) cpu_start: Application information:[0m
[0;32mI (766) cpu_start: Project name:     main[0m
[0;32mI (771) cpu_start: App version:      1[0m
[0;32mI (775) cpu_start: Compile time:     Oct 16 2025 23:46:43[0m
[0;32mI (782) cpu_start: ELF file SHA256:  a0b415f4509be769...[0m
[0;32mI (788) cpu_start: ESP-IDF:          v5.1.1-dirty[0m
[0;32mI (793) cpu_start: Min chip rev:     v0.0[0m
[0;32mI (798) cpu_start: Max chip rev:     v3.99 [0m
[0;32mI (802) cpu_start: Chip rev:         v3.1[0m
[0;32mI (807) heap_init: Initializing. RAM available for dynamic allocation:[0m
[0;32mI (815) heap_init: At 3FFAFF10 len 000000F0 (0 KiB): DRAM[0m
[0;32mI (820) heap_init: At 3FFB6388 len 00001C78 (7 KiB): DRAM[0m
[0;32mI (827) heap_init: At 3FFB9A20 len 00004108 (16 KiB): DRAM[0m
[0;32mI (833) heap_init: At 3FFCBEE0 len 00014120 (80 KiB): DRAM[0m
[0;32mI (839) heap_init: At 3FFE0440 len 00003AE0 (14 KiB): D/IRAM[0m
[0;32mI (845) heap_init: At 3FFE4350 len 0001BCB0 (111 KiB): D/IRAM[0m
[0;32mI (852) heap_init: At 4009E92C len 000016D4 (5 KiB): IRAM[0m
[0;32mI (859) spi_flash: detected chip: generic[0m
[0;32mI (862) spi_flash: flash io: dio[0m
[0;32mI (867) coexist: coex firmware version: 80b0d89[0m
[0;32mI (872) app_start: Starting scheduler on CPU0[0m
[0;32m[0;32mI (877) app_start: Starting scheduler on CPU1[0m
I (877) main_task: Started on CPU0[0m
[0;32mI (887) main_task: Calling app_main()[0m
[0;32mI (937) APP: Web server handler task started[0m
[0;32mI (937) NVS_HANDLE: Open nvs flash: 0[0m
[0;32mI (937) NVS_HANDLE: Open nvs flash: 0[0m
[0;32mI (937) NVS_HANDLE: Open nvs flash: 0[0m
I (957) wifi:wifi driver task: 3ffd20cc, prio:23, stack:6656, core=0
I (977) wifi:wifi firmware version: ce9244d
I (977) wifi:wifi certification version: v7.0
I (977) wifi:config NVS flash: enabled
I (977) wifi:config nano formating: disabled
I (987) wifi:Init data frame dynamic rx buffer num: 32
I (987) wifi:Init management frame dynamic rx buffer num: 32
I (997) wifi:Init management short buffer num: 32
I (997) wifi:Init dynamic tx buffer num: 32
I (1007) wifi:Init static rx buffer size: 1600
I (1007) wifi:Init static rx buffer num: 10
I (1007) wifi:Init dynamic rx buffer num: 32
