5) app_start: Starting scheduler on CPU1[0m
I (815)ï¿½ets Jul 29 2019 12:21:46

rst:0x1 (POWERON_RESET),boot:0x13 (SPI_FAST_FLASH_BOOT)
configsip: 0, SPIWP:0xee
clk_drv:0x00,q_drv:0x00,d_drv:0x00,cs0_drv:0x00,hd_drv:0x00,wp_drv:0x00
mode:DIO, clock div:2
load:0x3fff0030,len:7084
ho 0 tail 12 room 4
load:0x40078000,len:15584
load:0x40080400,len:4
load:0x40080404,len:3876
entry 0x4008064c
[0;32mI (31) boot: ESP-IDF v5.1.1-dirty 2nd stage bootloader[0m
[0;32mI (31) boot: compile time Oct 14 2025 11:40:32[0m
[0;32mI (31) boot: Multicore bootloader[0m
[0;32mI (36) boot: chip revision: v3.1[0m
[0;32mI (40) boot.esp32: SPI Speed      : 40MHz[0m
[0;32mI (44) boot.esp32: SPI Mode       : DIO[0m
[0;32mI (49) boot.esp32: SPI Flash Size : 4MB[0m
[0;32mI (53) boot: Enabling RNG early entropy source...[0m
[0;32mI (59) boot: Partition Table:[0m
[0;32mI (62) boot: ## Label            Usage          Type ST Offset   Length[0m
[0;32mI (70) boot:  0 nvs              WiFi data        01 02 00009000 00006000[0m
[0;32mI (77) boot:  1 phy_init         RF data          01 01 0000f000 00001000[0m
[0;32mI (85) boot:  2 factory          factory app      00 00 00010000 00200000[0m
[0;32mI (92) boot: End of partition table[0m
[0;32mI (96) esp_image: segment 0: paddr=00010020 vaddr=3f400020 size=62d80h (404864) map[0m
[0;32mI (251) esp_image: segment 1: paddr=00072da8 vaddr=3ffbdb60 size=05398h ( 21400) load[0m
[0;32mI (260) esp_image: segment 2: paddr=00078148 vaddr=40080000 size=07ed0h ( 32464) load[0m
[0;32mI (273) esp_image: segment 3: paddr=00080020 vaddr=400d0020 size=e5c94h (941204) map[0m
[0;32mI (613) esp_image: segment 4: paddr=00165cbc vaddr=40087ed0 size=16a34h ( 92724) load[0m
[0;32mI (668) boot: Loaded app from partition at offset 0x10000[0m
[0;32mI (668) boot: Disabling RNG early entropy source...[0m
[0;32mI (679) cpu_start: Multicore app[0m
[0;32mI (680) cpu_start: Pro cpu up.[0m
[0;32mI (680) cpu_start: Starting app cpu, entry point is 0x40081408[0m
[0;32mI (0) cpu_start: App cpu up.[0m
[0;32mI (700) cpu_start: Pro cpu start user code[0m
[0;32mI (700) cpu_start: cpu freq: 160000000 Hz[0m
[0;32mI (700) cpu_start: Application information:[0m
[0;32mI (704) cpu_start: Project name:     main[0m
[0;32mI (709) cpu_start: App version:      1[0m
[0;32mI (714) cpu_start: Compile time:     Oct 14 2025 11:40:01[0m
[0;32mI (720) cpu_start: ELF file SHA256:  e7f4026c979dead2...[0m
[0;32mI (726) cpu_start: ESP-IDF:          v5.1.1-dirty[0m
[0;32mI (731) cpu_start: Min chip rev:     v0.0[0m
[0;32mI (736) cpu_start: Max chip rev:     v3.99 [0m
[0;32mI (740) cpu_start: Chip rev:         v3.1[0m
[0;32mI (745) heap_init: Initializing. RAM available for dynamic allocation:[0m
[0;32mI (753) heap_init: At 3FFAFF10 len 000000F0 (0 KiB): DRAM[0m
[0;32mI (759) heap_init: At 3FFB6388 len 00001C78 (7 KiB): DRAM[0m
[0;32mI (765) heap_init: At 3FFB9A20 len 00004108 (16 KiB): DRAM[0m
[0;32mI (771) heap_init: At 3FFCB000 len 00015000 (84 KiB): DRAM[0m
[0;32mI (777) heap_init: At 3FFE0440 len 00003AE0 (14 KiB): D/IRAM[0m
[0;32mI (783) heap_init: At 3FFE4350 len 0001BCB0 (111 KiB): D/IRAM[0m
[0;32mI (790) heap_init: At 4009E904 len 000016FC (5 KiB): IRAM[0m
[0;32mI (797) spi_flash: detected chip: generic[0m
[0;32mI (800) spi_flash: flash io: dio[0m
[0;32mI (805) coexist: coex firmware version: 80b0d89[0m
[0;32mI (810) app_start: Starting scheduler on CPU0[0m
[0;32m[0;32mI (815) app_start: Starting scheduler on CPU1[0m
I (815) main_task: Started on CPU0[0m
[0;32mI (825) main_task: Calling app_main()[0m
[0;32mI (875) APP: Web server handler task started[0m
[0;32mI (875) NVS_HANDLE: Open nvs flash: 0[0m
[0;32mI (875) NVS_HANDLE: Open nvs flash: 0[0m
[0;32mI (875) NVS_HANDLE: Open nvs flash: 0[0m
I (895) wifi:wifi driver task: 3ffd11c8, prio:23, stack:6656, core=0
I (915) wifi:wifi firmware version: ce9244d
I (915) wifi:wifi certification version: v7.0
I (915) wifi:config NVS flash: enabled
I (915) wifi:config nano formating: disabled
I (925) wifi:Init data frame dynamic rx buffer num: 32
I (925) wifi:Init management frame dynamic rx buffer num: 32
I (935) wifi:Init management short buffer num: 32
I (935) wifi:Init dynamic tx buffer num: 32
I (935) wifi:Init static rx buffer size: 1600
I (945) wifi:Init static rx buffer num: 10
I (945) wifi:Init dynamic rx buffer num: 32
[0;32mI (955) wifi_init: rx ba win: 6[0m
[0;32mI (955) wifi_init: tcpip mbox: 32[0m
[0;32mI (955) wifi_init: udp mbox: 6[0m
[0;32mI (965) wifi_init: tcp mbox: 6[0m
[0;32mI (965) wifi_init: tcp tx win: 5744[0m
[0;32mI (975) wifi_init: tcp rx win: 5744[0m
[0;32mI (975) wifi_init: tcp mss: 1440[0m
[0;32mI (975) wifi_init: WiFi IRAM OP enabled[0m
[0;32mI (985) wifi_init: WiFi RX IRAM OP enabled[0m
[0;32mI (985) WIFI STATION: wifi_init_sta finished, ssid:laptop, pass:12345678. ssid len:6, pass len:8[0m
[0;32mI (1005) phy_init: phy_version 4670,719f9f6,Feb 18 2021,17:07:07[0m
I (1115) wifi:mode : sta (fc:b4:67:f5:ed:80)
I (1125) wifi:enable tsf
[0;32mI (1125) APP: Read data from nvs flash: laptop 12345678 0[0m
[0;32mI (1125) WIFI STA: start connect to access point[0m
[0;32mI (3535) WIFI STATION: retry to connect to the AP[0m
[0;32mI (3545) WIFI STATION: connect to the AP fail[0m
I (5955) wifi:new:<11,0>, old:<1,0>, ap:<255,255>, sta:<11,0>, prof:2
I (5955) wifi:state: init -> auth (b0)
I (6955) wifi:state: auth -> init (200)
I (6955) wifi:new:<11,0>, old:<11,0>, ap:<255,255>, sta:<11,0>, prof:2
[0;32mI (6965) WIFI STATION: retry to connect to the AP[0m
[0;32mI (6965) WIFI STATION: connect to the AP fail[0m
[0;32mI (9375) WIFI STATION: retry to connect to the AP[0m
[0;32mI (9375) WIFI STATION: connect to the AP fail[0m
I (11785) wifi:new:<11,0>, old:<11,0>, ap:<255,255>, sta:<11,0>, prof:2
I (11785) wifi:state: init -> auth (b0)
I (11795) wifi:state: auth -> assoc (0)
I (11795) wifi:state: assoc -> run (10)
I (12325) wifi:connected with laptop, aid = 19, channel 11, BW20, bssid = 16:13:33:02:85:b3
I (12325) wifi:security: WPA2-PSK, phy: bgn, rssi: -36
I (12335) wifi:pm start, type: 1

I (12465) wifi:AP's beacon interval = 102400 us, DTIM period = 1
[0;32mI (13835) esp_netif_handlers: sta ip: 192.168.137.128, mask: 255.255.255.0, gw: 192.168.137.1[0m
[0;32mI (13835) WIFI STATION: got ip:192.168.137.1[0m
[0;32mI (13835) APP: Connect to AP successful[0m
[0;32mI (13845) APP: connection state: 1[0m
[0;32mI (13845) BTDM_INIT: BT controller compile version [946b762][0m
[0;32mI (13855) BTDM_INIT: Bluetooth MAC: fc:b4:67:f5:ed:82[0m
[0;32mI (14175) GATTC_MULTI: Registered gattc_if=3, start scan[0m
[0;32mI (14175) GATTC_MULTI: Scan params set -> start scanning[0m
