m
[0;32mI (352) heap_init: At 40091250 leï¿½ets Jun  8 2016 00:22:57

rst:0x1 (POWERON_RESET),boot:0x13 (SPI_FAST_FLASH_BOOT)
configsip: 0, SPIWP:0xee
clk_drv:0x00,q_drv:0x00,d_drv:0x00,cs0_drv:0x00,hd_drv:0x00,wp_drv:0x00
mode:DIO, clock div:2
load:0x3fff0030,len:7084
ho 0 tail 12 room 4
load:0x40078000,len:15584
load:0x40080400,len:4
load:0x40080404,len:3876
entry 0x4008064c
[0;32mI (30) boot: ESP-IDF v5.1.1-dirty 2nd stage bootloader[0m
[0;32mI (30) boot: compile time Oct 11 2025 23:47:32[0m
[0;32mI (30) boot: Multicore bootloader[0m
[0;32mI (35) boot: chip revision: v1.1[0m
[0;32mI (39) boot.esp32: SPI Speed      : 40MHz[0m
[0;32mI (43) boot.esp32: SPI Mode       : DIO[0m
[0;32mI (48) boot.esp32: SPI Flash Size : 2MB[0m
[0;32mI (53) boot: Enabling RNG early entropy source...[0m
[0;32mI (58) boot: Partition Table:[0m
[0;32mI (62) boot: ## Label            Usage          Type ST Offset   Length[0m
[0;32mI (69) boot:  0 nvs              WiFi data        01 02 00009000 00006000[0m
[0;32mI (76) boot:  1 phy_init         RF data          01 01 0000f000 00001000[0m
[0;32mI (84) boot:  2 factory          factory app      00 00 00010000 00100000[0m
[0;32mI (91) boot: End of partition table[0m
[0;32mI (95) esp_image: segment 0: paddr=00010020 vaddr=3f400020 size=0c918h ( 51480) map[0m
[0;32mI (123) esp_image: segment 1: paddr=0001c940 vaddr=3ffbdb60 size=036d8h ( 14040) load[0m
[0;32mI (128) esp_image: segment 2: paddr=00020020 vaddr=400d0020 size=30bd0h (199632) map[0m
[0;32mI (201) esp_image: segment 3: paddr=00050bf8 vaddr=3ffc1238 size=00a28h (  2600) load[0m
[0;32mI (202) esp_image: segment 4: paddr=00051628 vaddr=40080000 size=11250h ( 70224) load[0m
[0;32mI (245) boot: Loaded app from partition at offset 0x10000[0m
[0;32mI (245) boot: Disabling RNG early entropy source...[0m
[0;32mI (256) cpu_start: Multicore app[0m
[0;32mI (256) cpu_start: Pro cpu up.[0m
[0;32mI (257) cpu_start: Starting app cpu, entry point is 0x400812ec[0m
[0;32mI (0) cpu_start: App cpu up.[0m
[0;32mI (274) cpu_start: Pro cpu start user code[0m
[0;32mI (274) cpu_start: cpu freq: 160000000 Hz[0m
[0;32mI (275) cpu_start: Application information:[0m
[0;32mI (279) cpu_start: Project name:     main[0m
[0;32mI (284) cpu_start: App version:      1[0m
[0;32mI (288) cpu_start: Compile time:     Oct 11 2025 23:46:53[0m
[0;32mI (294) cpu_start: ELF file SHA256:  c66a3a7ec895d51b...[0m
[0;32mI (300) cpu_start: ESP-IDF:          v5.1.1-dirty[0m
[0;32mI (306) cpu_start: Min chip rev:     v0.0[0m
[0;32mI (310) cpu_start: Max chip rev:     v3.99 [0m
[0;32mI (315) cpu_start: Chip rev:         v1.1[0m
[0;32mI (320) heap_init: Initializing. RAM available for dynamic allocation:[0m
[0;32mI (327) heap_init: At 3FFAE6E0 len 0000F480 (61 KiB): DRAM[0m
[0;32mI (333) heap_init: At 3FFC4A80 len 0001B580 (109 KiB): DRAM[0m
[0;32mI (340) heap_init: At 3FFE0440 len 00003AE0 (14 KiB): D/IRAM[0m
[0;32mI (346) heap_init: At 3FFE4350 len 0001BCB0 (111 KiB): D/IRAM[0m
[0;32mI (352) heap_init: At 40091250 len 0000EDB0 (59 KiB): IRAM[0m
[0;32mI (360) spi_flash: detected chip: generic[0m
[0;32mI (363) spi_flash: flash io: dio[0m
[0;33mW (367) spi_flash: Detected size(4096k) larger than the size in the binary image header(2048k). Using the size in the binary image header.[0m
[0;32mI (381) coexist: coex firmware version: 80b0d89[0m
[0;32mI (386) app_start: Starting scheduler on CPU0[0m
[0;32[0;32mI (391) app_start: Starting scheduler on CPU1[0m
mI (391) main_task: Started on CPU0[0m
[0;32mI (401) main_task: Calling app_main()[0m
[0;32mI (451) WIFI STATION: wifi_init_sta finished, ssid:Infrastructure NW_Ext, pass:NetworkPolicy. ssid len:21, pass len:13[0m
ESP_ERROR_CHECK failed: esp_err_t 0x3001 (ESP_ERR_WIFI_NOT_INIT) at 0x400d5aaa
file: "./components/Libs_wifiSta/Libs_wifiSta.c" line 123
func: Libs_staInit
expression: esp_wifi_set_mode(WIFI_MODE_STA)

abort() was called at PC 0x4008896f on core 0


Backtrace: 0x40081996:0x3ffb1cc0 0x40088979:0x3ffb1ce0 0x4008ea6a:0x3ffb1d00 0x4008896f:0x3ffb1d70 0x400d5aaa:0x3ffb1da0 0x400d5a32:0x3ffb1e90 0x400fff0b:0x3ffb1eb0 0x4008aea9:0x3ffb1ee0




ELF file SHA256: c66a3a7ec895d51b

Rebooting...
ets Jun  8 2016 00:22:57

rst:0xc (SW_CPU_RESET),boot:0x13 (SPI_FAST_FLASH_BOOT)
configsip: 0, SPIWP:0xee
clk_drv:0x00,q_drv:0x00,d_drv:0x00,cs0_drv:0x00,hd_drv:0x00,wp_drv:0x00
mode:DIO, clock div:2
load:0x3fff0030,len:7084
ho 0 tail 12 room 4
load:0x40078000,len:15584
load:0x40080400,len:4
load:0x40080404,len:3876
entry 0x4008064c
[0;32mI (31) boot: ESP-IDF v5.1.1-dirty 2nd stage bootloader[0m
[0;32mI (31) boot: compile time Oct 11 2025 23:47:32[0m
[0;32mI (31) boot: Multicore bootloader[0m
[0;32mI (36) boot: chip revision: v1.1[0m
[0;32mI (40) boot.esp32: SPI Speed      : 40MHz[0m
[0;32mI (44) boot.esp32: SPI Mode       : DIO[0m
[0;32mI (49) boot.esp32: SPI Flash Size : 2MB[0m
[0;32mI (53) boot: Enabling RNG early entropy source...[0m
[0;32mI (59) boot: Partition Table:[0m
[0;32mI (62) boot: ## Label            Usage          Type ST Offset   Length[0m
[0;32mI (70) boot:  0 nvs              WiFi data        01 02 00009000 00006000[0m
[0;32mI (77) boot:  1 phy_init         RF data          01 01 0000f000 00001000[0m
[0;32mI (84) boot:  2 factory          factory app      00 00 00010000 00100000[0m
[0;32mI (92) boot: End of partition table[0m
[0;32mI (96) esp_image: segment 0: paddr=00010020 vaddr=3f400020 size=0c918h ( 51480) map[0m
[0;32mI (123) esp_image: segment 1: paddr=0001c940 vaddr=3ffbdb60 size=036d8h ( 14040) load[0m
[0;32mI (129) esp_image: segment 2: paddr=00020020 vaddr=400d0020 size=30bd0h (199632) map[0m
[0;32mI (201) esp_image: segment 3: paddr=00050bf8 vaddr=3ffc1238 size=00a28h (  2600) load[0m
[0;32mI (203) esp_image: segment 4: paddr=00051628 vaddr=40080000 size=11250h ( 70224) load[0m
[0;32mI (245) boot: Loaded app from partition at offset 0x10000[0m
[0;32mI (245) boot: Disabling RNG early entropy source...[0m
[0;32mI (257) cpu_start: Multicore app[0m
[0;32mI (257) cpu_start: Pro cpu up.[0m
[0;32mI (257) cpu_start: Starting app cpu, entry point is 0x400812ec[0m
[0;32mI (245) cpu_start: App cpu up.[0m
[0;32mI (275) cpu_start: Pro cpu start user code[0m
[0;32mI (275) cpu_start: cpu freq: 160000000 Hz[0m
[0;32mI (275) cpu_start: Application information:[0m
[0;32mI (280) cpu_start: Project name:     main[0m
[0;32mI (285) cpu_start: App version:      1[0m
[0;32mI (289) cpu_start: Compile time:     Oct 11 2025 23:46:53[0m
[0;32mI (295) cpu_start: ELF file SHA256:  c66a3a7ec895d51b...[0m
[0;32mI (301) cpu_start: ESP-IDF:          v5.1.1-dirty[0m
[0;32mI (307) cpu_start: Min chip rev:     v0.0[0m
[0;32mI (311) cpu_start: Max chip rev:     v3.99 [0m
[0;32mI (316) cpu_start: Chip rev:         v1.1[0m
[0;32mI (321) heap_init: Initializing. RAM available for dynamic allocation:[0m
[0;32mI (328) heap_init: At 3FFAE6E0 len 0000F480 (61 KiB): DRAM[0m
[0;32mI (334) heap_init: At 3FFC4A80 len 0001B580 (109 KiB): DRAM[0m
[0;32mI (341) heap_init: At 3FFE0440 len 00003AE0 (14 KiB): D/IRAM[0m
[0;32mI (347) heap_init: At 3FFE4350 len 0001BCB0 (111 KiB): D/IRAM[0m
[0;32mI (353) heap_init: At 40091250 len 0000EDB0 (59 KiB): IRAM[0m
[0;32mI (361) spi_flash: detected chip: generic[0m
[0;32mI (364) spi_flash: flash io: dio[0m
[0;33mW (368) spi_flash: Detected size(4096k) larger than the size in the binary image header(2048k). Using the size in the binary image header.[0m
[0;32mI (382) coexist: coex firmware version: 80b0d89[0m
[0;32mI (387) app_start: Starting scheduler on CPU0[0m
[0;32[0;32mI (392) app_start: Starting scheduler on CPU1[0m
mI (392) main_task: Started on CPU0[0m
[0;32mI (402) main_task: Calling app_main()[0m
[0;32mI (452) WIFI STATION: wifi_init_sta finished, ssid:Infrastructure NW_Ext, pass:NetworkPolicy. ssid len:21, pass len:13[0m
ESP_ERROR_CHECK failed: esp_err_t 0x3001 (ESP_ERR_WIFI_NOT_INIT) at 0x400d5aaa
file: "./components/Libs_wifiSta/Libs_wifiSta.c" line 123
func: Libs_staInit
expression: esp_wifi_set_mode(WIFI_MODE_STA)

abort() was called at PC 0x4008896f on core 0


Backtrace: 0x40081996:0x3ffb1cc0 0x40088979:0x3ffb1ce0 0x4008ea6a:0x3ffb1d00 0x4008896f:0x3ffb1d70 0x400d5aaa:0x3ffb1da0 0x400d5a32:0x3ffb1e90 0x400fff0b:0x3ffb1eb0 0x4008aea9:0x3ffb1ee0




ELF file SHA256: c66a3a7ec895d51b

Rebooting...
ets Jun  8 2016 00:22:57

rst:0xc (SW_CPU_RESET),boot:0x13 (SPI_FAST_FLASH_BOOT)
configsip: 0, SPIWP:0xee
clk_drv:0x00,q_drv:0x00,d_drv:0x00,cs0_drv:0x00,hd_drv:0x00,wp_drv:0x00
mode:DIO, clock div:2
load:0x3fff0030,len:7084
ho 0 tail 12 room 4
load:0x40078000,len:15584
load:0x40080400,len:4
load:0x40080404,len:3876
entry 0x4008064c
[0;32mI (31) boot: ESP-IDF v5.1.1-dirty 2nd stage bootloader[0m
[0;32mI (31) boot: compile time Oct 11 2025 23:47:32[0m
[0;32mI (31) boot: Multicore bootloader[0m
[0;32mI (36) boot: chip revision: v1.1[0m
[0;32mI (40) boot.esp32: SPI Speed      : 40MHz[0m
[0;32mI (44) boot.esp32: SPI Mode       : DIO[0m
[0;32mI (49) boot.esp32: SPI Flash Size : 2MB[0m
[0;32mI (53) boot: Enabling RNG early entropy source...[0m
[0;32mI (59) boot: Partition Table:[0m
[0;32mI (62) boot: ## Label            Usage          Type ST Offset   Length[0m
[0;32mI (70) boot:  0 nvs              WiFi data        01 02 00009000 00006000[0m
[0;32mI (77) boot:  1 phy_init         RF data          01 01 0000f000 00001000[0m
[0;32mI (84) boot:  2 factory          factory app      00 00 00010000 00100000[0m
[0;32mI (92) boot: End of partition table[0m
[0;32mI (96) esp_image: segment 0: paddr=00010020 vaddr=3f400020 size=0c918h ( 51480) map[0m
[0;32mI (123) esp_image: segment 1: paddr=0001c940 vaddr=3ffbdb60 size=036d8h ( 14040) load[0m
[0;32mI (129) esp_image: segment 2: paddr=00020020 vaddr=400d0020 size=30bd0h (199632) map[0m
[0;32mI (201) esp_image: segment 3: paddr=00050bf8 vaddr=3ffc1238 size=00a28h (  2600) load[0m
[0;32mI (203) esp_image: segment 4: paddr=00051628 vaddr=40080000 size=11250h ( 70224) load[0m
[0;32mI (245) boot: Loaded app from partition at offset 0x10000[0m
[0;32mI (245) boot: Disabling RNG early entropy source...[0m
[0;32mI (257) cpu_start: Multicore app[0m
[0;32mI (257) cpu_start: Pro cpu up.[0m
[0;32mI (257) cpu_start: Starting app cpu, entry point is 0x400812ec[0m
[0;32mI (245) cpu_start: App cpu up.[0m
[0;32mI (275) cpu_start: Pro cpu start user code[0m
[0;32mI (275) cpu_start: cpu freq: 160000000 Hz[0m
[0;32mI (275) cpu_start: Application information:[0m
[0;32mI (280) cpu_start: Project name:     main[0m
[0;32mI (285) cpu_start: App version:      1[0m
[0;32mI (289) cpu_start: Compile time:     Oct 11 2025 23:46:53[0m
[0;32mI (295) cpu_start: ELF file SHA256:  c66a3a7ec895d51b...[0m
[0;32mI (301) cpu_start: ESP-IDF:          v5.1.1-dirty[0m
[0;32mI (307) cpu_start: Min chip rev:     v0.0[0m
[0;32mI (311) cpu_start: Max chip rev:     v3.99 [0m
[0;32mI (316) cpu_start: Chip rev:         v1.1[0m
[0;32mI (321) heap_init: Initializing. RAM available for dynamic allocation:[0m
[0;32mI (328) heap_init: At 3FFAE6E0 len 0000F480 (61 KiB): DRAM[0m
[0;32mI (334) heap_init: At 3FFC4A80 len 0001B580 (109 KiB): DRAM[0m
[0;32mI (341) heap_init: At 3FFE0440 len 00003AE0 (14 KiB): D/IRAM[0m
[0;32mI (347) heap_init: At 3FFE4350 len 0001BCB0 (111 KiB): D/IRAM[0m
[0;32mI (353) heap_init: At 40091250 len 0000EDB0 (59 KiB): IRAM[0m
[0;32mI (361) spi_flash: detected chip: generic[0m
[0;32mI (364) spi_flash: flash io: dio[0m
[0;33mW (368) spi_flash: Detected size(4096k) larger than the size in the binary image header(2048k). Using the size in the binary image header.[0m
[0;32mI (382) coexist: coex firmware version: 80b0d89[0m
[0;32mI (387) app_start: Starting scheduler on CPU0[0m
[0;32[0;32mI (392) app_start: Starting scheduler on CPU1[0m
mI (392) main_task: Started on CPU0[0m
[0;32mI (402) main_task: Calling app_main()[0m
[0;32mI (452) WIFI STATION: wifi_init_sta finished, ssid:Infrastructure NW_Ext, pass:NetworkPolicy. ssid len:21, pass len:13[0m
ESP_ERROR_CHECK failed: esp_err_t 0x3001 (ESP_ERR_WIFI_NOT_INIT) at 0x400d5aaa
file: "./components/Libs_wifiSta/Libs_wifiSta.c" line 123
func: Libs_staInit
expression: esp_wifi_set_mode(WIFI_MODE_STA)

abort() was called at PC 0x4008896f on core 0


Backtrace: 0x40081996:0x3ffb1cc0 0x40088979:0x3ffb1ce0 0x4008ea6a:0x3ffb1d00 0x4008896f:0x3ffb1d70 0x400d5aaa:0x3ffb1da0 0x400d5a32:0x3ffb1e90 0x400fff0b:0x3ffb1eb0 0x4008aea9:0x3ffb1ee0




ELF file SHA256: c66a3a7ec895d51b

Rebooting...
ets Jun  8 2016 00:22:57

rst:0xc (SW_CPU_RESET),boot:0x13 (SPI_FAST_FLASH_BOOT)
configsip: 0, SPIWP:0xee
clk_drv:0x00,q_drv:0x00,d_drv:0x00,cs0_drv:0x00,hd_drv:0x00,wp_drv:0x00
mode:DIO, clock div:2
load:0x3fff0030,len:7084
ho 0 tail 12 room 4
load:0x40078000,len:15584
load:0x40080400,len:4
load:0x40080404,len:3876
entry 0x4008064c
[0;32mI (31) boot: ESP-IDF v5.1.1-dirty 2nd stage bootloader[0m
[0;32mI (31) boot: compile time Oct 11 2025 23:47:32[0m
[0;32mI (31) boot: Multicore bootloader[0m
[0;32mI (36) boot: chip revision: v1.1[0m
[0;32mI (40) boot.esp32: SPI Speed      : 40MHz[0m
[0;32mI (44) boot.esp32: SPI Mode       : DIO[0m
[0;32mI (49) boot.esp32: SPI Flash Size : 2MB[0m
[0;32mI (53) boot: Enabling RNG early entropy source...[0m
[0;32mI (59) boot: Partition Table:[0m
[0;32mI (62) boot: ## Label            Usage          Type ST Offset   Length[0m
[0;32mI (70) boot:  0 nvs              WiFi data        01 02 00009000 00006000[0m
[0;32mI (77) boot:  1 phy_init         RF data          01 01 0000f000 00001000[0m
[0;32mI (84) boot:  2 factory          factory app      00 00 00010000 00100000[0m
[0;32mI (92) boot: End of partition table[0m
[0;32mI (96) esp_image: segment 0: paddr=00010020 vaddr=3f400020 size=0c918h ( 51480) map[0m
[0;32mI (123) esp_image: segment 1: paddr=0001c940 vaddr=3ffbdb60 size=036d8h ( 14040) load[0m
[0;32mI (129) esp_image: segment 2: paddr=00020020 vaddr=400d0020 size=30bd0h (199632) map[0m
[0;32mI (201) esp_image: segment 3: paddr=00050bf8 vaddr=3ffc1238 size=00a28h (  2600) load[0m
[0;32mI (203) esp_image: segment 4: paddr=00051628 vaddr=40080000 size=11250h ( 70224) load[0m
[0;32mI (245) boot: Loaded app from partition at offset 0x10000[0m
[0;32mI (245) boot: Disabling RNG early entropy source...[0m
[0;32mI (257) cpu_start: Multicore app[0m
[0;32mI (257) cpu_start: Pro cpu up.[0m
[0;32mI (257) cpu_start: Starting app cpu, entry point is 0x400812ec[0m
[0;32mI (245) cpu_start: App cpu up.[0m
[0;32mI (275) cpu_start: Pro cpu start user code[0m
[0;32mI (275) cpu_start: cpu freq: 160000000 Hz[0m
[0;32mI (275) cpu_start: Application information:[0m
[0;32mI (280) cpu_start: Project name:     main[0m
[0;32mI (285) cpu_start: App version:      1[0m
[0;32mI (289) cpu_start: Compile time:     Oct 11 2025 23:46:53[0m
[0;32mI (295) cpu_start: ELF file SHA256:  c66a3a7ec895d51b...[0m
[0;32mI (301) cpu_start: ESP-IDF:          v5.1.1-dirty[0m
[0;32mI (307) cpu_start: Min chip rev:     v0.0[0m
[0;32mI (311) cpu_start: Max chip rev:     v3.99 [0m
[0;32mI (316) cpu_start: Chip rev:         v1.1[0m
[0;32mI (321) heap_init: Initializing. RAM available for dynamic allocation:[0m
[0;32mI (328) heap_init: At 3FFAE6E0 len 0000F480 (61 KiB): DRAM[0m
[0;32mI (334) heap_init: At 3FFC4A80 len 0001B580 (109 KiB): DRAM[0m
[0;32mI (341) heap_init: At 3FFE0440 len 00003AE0 (14 KiB): D/IRAM[0m
[0;32mI (347) heap_init: At 3FFE4350 len 0001BCB0 (111 KiB): D/IRAM[0m
[0;32mI (353) heap_init: At 40091250 len 0000EDB0 (59 KiB): IRAM[0m
[0;32mI (361) spi_flash: detected chip: generic[0m
[0;32mI (364) spi_flash: flash io: dio[0m
[0;33mW (368) spi_flash: Detected size(4096k) larger than the size in the binary image header(2048k). Using the size in the binary image header.[0m
[0;32mI (382) coexist: coex firmware version: 80b0d89[0m
[0;32mI (387) app_start: Starting scheduler on CPU0[0m
[0;32[0;32mI (392) app_start: Starting scheduler on CPU1[0m
mI (392) main_task: Started on CPU0[0m
[0;32mI (402) main_task: Calling app_main()[0m
[0;32mI (452) WIFI STATION: wifi_init_sta finished, ssid:Infrastructure NW_Ext, pass:NetworkPolicy. ssid len:21, pass len:13[0m
ESP_ERROR_CHECK failed: esp_err_t 0x3001 (ESP_ERR_WIFI_NOT_INIT) at 0x400d5aaa
file: "./components/Libs_wifiSta/Libs_wifiSta.c" line 123
func: Libs_staInit
expression: esp_wifi_set_mode(WIFI_MODE_STA)

abort() was called at PC 0x4008896f on core 0


Backtrace: 0x40081996:0x3ffb1cc0 0x40088979:0x3ffb1ce0 0x4008ea6a:0x3ffb1d00 0x4008896f:0x3ffb1d70 0x400d5aaa:0x3ffb1da0 0x400d5a32:0x3ffb1e90 0x400fff0b:0x3ffb1eb0 0x4008aea9:0x3ffb1ee0




ELF file SHA256: c66a3a7ec895d51b

Rebooting...
ets Jun  8 2016 00:22:57

rst:0xc (SW_CPU_RESET),boot:0x13 (SPI_FAST_FLASH_BOOT)
configsip: 0, SPIWP:0xee
clk_drv:0x00,q_drv:0x00,d_drv:0x00,cs0_drv:0x00,hd_drv:0x00,wp_drv:0x00
mode:DIO, clock div:2
load:0x3fff0030,len:7084
ho 0 tail 12 room 4
load:0x40078000,len:15584
load:0x40080400,len:4
load:0x40080404,len:3876
entry 0x4008064c
[0;32mI (31) boot: ESP-IDF v5.1.1-dirty 2nd stage bootloader[0m
[0;32mI (31) boot: compile time Oct 11 2025 23:47:32[0m
[0;32mI (31) boot: Multicore bootloader[0m
[0;32mI (36) boot: chip revision: v1.1[0m
[0;32mI (40) boot.esp32: SPI Speed      : 40MHz[0m
[0;32mI (44) boot.esp32: SPI Mode       : DIO[0m
[0;32mI (49) boot.esp32: SPI Flash Size : 2MB[0m
[0;32mI (53) boot: Enabling RNG early entropy source...[0m
[0;32mI (59) boot: Partition Table:[0m
[0;32mI (62) boot: ## Label            Usage          Type ST Offset   Length[0m
[0;32mI (70) boot:  0 nvs              WiFi data        01 02 00009000 00006000[0m
[0;32mI (77) boot:  1 phy_init         RF data          01 01 0000f000 00001000[0m
[0;32mI (84) boot:  2 factory          factory app      00 00 00010000 00100000[0m
[0;32mI (92) boot: End of partition table[0m
[0;32mI (96) esp_image: segment 0: paddr=00010020 vaddr=3f400020 size=0c918h ( 51480) map[0m
[0;32mI (123) esp_image: segment 1: paddr=0001c940 vaddr=3ffbdb60 size=036d8h ( 14040) load[0m
[0;32mI (129) esp_image: segment 2: paddr=00020020 vaddr=400d0020 size=30bd0h (199632) map[0m
[0;32mI (201) esp_image: segment 3: paddr=00050bf8 vaddr=3ffc1238 size=00a28h (  2600) load[0m
[0;32mI (203) esp_image: segment 4: paddr=00051628 vaddr=40080000 size=11250h ( 70224) load[0m
[0;32mI (245) boot: Loaded app from partition at offset 0x10000[0m
[0;32mI (245) boot: Disabling RNG early entropy source...[0m
[0;32mI (257) cpu_start: Multicore app[0m
[0;32mI (257) cpu_start: Pro cpu up.[0m
[0;32mI (257) cpu_start: Starting app cpu, entry point is 0x400812ec[0m
[0;32mI (245) cpu_start: App cpu up.[0m
[0;32mI (275) cpu_start: Pro cpu start user code[0m
[0;32mI (275) cpu_start: cpu freq: 160000000 Hz[0m
[0;32mI (275) cpu_start: Application information:[0m
[0;32mI (280) cpu_start: Project name:     main[0m
[0;32mI (285) cpu_start: App version:      1[0m
[0;32mI (289) cpu_start: Compile time:     Oct 11 2025 23:46:53[0m
[0;32mI (295) cpu_start: ELF file SHA256:  c66a3a7ec895d51b...[0m
[0;32mI (301) cpu_start: ESP-IDF:          v5.1.1-dirty[0m
[0;32mI (307) cpu_start: Min chip rev:     v0.0[0m
[0;32mI (311) cpu_start: Max chip rev:     v3.99 [0m
[0;32mI (316) cpu_start: Chip rev:         v1.1[0m
[0;32mI (321) heap_init: Initializing. RAM available for dynamic allocation:[0m
[0;32mI (328) heap_init: At 3FFAE6E0 len 0000F480 (61 KiB): DRAM[0m
[0;32mI (334) heap_init: At 3FFC4A80 len 0001B580 (109 KiB): DRAM[0m
[0;32mI (341) heap_init: At 3FFE0440 len 00003AE0 (14 KiB): D/IRAM[0m
[0;32mI (347) heap_init: At 3FFE4350 len 0001BCB0 (111 KiB): D/IRAM[0m
[0;32mI (353) heap_init: At 40091250 len 0000EDB0 (59 KiB): IRAM[0m
[0;32mI (361) spi_flash: detected chip: generic[0m
[0;32mI (364) spi_flash: flash io: dio[0m
[0;33mW (368) spi_flash: Detected size(4096k) larger than the size in the binary image header(2048k). Using the size in the binary image header.[0m
[0;32mI (382) coexist: coex firmware version: 80b0d89[0m
[0;32mI (387) app_start: Starting scheduler on CPU0[0m
[0;32[0;32mI (392) app_start: Starting scheduler on CPU1[0m
mI (392) main_task: Started on CPU0[0m
[0;32mI (402) main_task: Calling app_main()[0m
[0;32mI (452) WIFI STATION: wifi_init_sta finished, ssid:Infrastructure NW_Ext, pass:NetworkPolicy. ssid len:21, pass len:13[0m
ESP_ERROR_CHECK failed: esp_err_t 0x3001 (ESP_ERR_WIFI_NOT_INIT) at 0x400d5aaa
file: "./components/Libs_wifiSta/Libs_wifiSta.c" line 123
func: Libs_staInit
expression: esp_wifi_set_mode(WIFI_MODE_STA)

abort() was called at PC 0x4008896f on core 0


Backtrace: 0x40081996:0x3ffb1cc0 0x40088979:0x3ffb1ce0 0x4008ea6a:0x3ffb1d00 0x4008896f:0x3ffb1d70 0x400d5aaa:0x3ffb1da0 0x400d5a32:0x3ffb1e90 0x400fff0b:0x3ffb1eb0 0x4008aea9:0x3ffb1ee0




ELF file SHA256: c66a3a7ec895d51b

Rebooting...
ets Jun  8 2016 00:22:57

rst:0xc (SW_CPU_RESET),boot:0x13 (SPI_FAST_FLASH_BOOT)
configsip: 0, SPIWP:0xee
clk_drv:0x00,q_drv:0x00,d_drv:0x00,cs0_drv:0x00,hd_drv:0x00,wp_drv:0x00
mode:DIO, clock div:2
load:0x3fff0030,len:7084
ho 0 tail 12 room 4
load:0x40078000,len:15584
load:0x40080400,len:4
load:0x40080404,len:3876
entry 0x4008064c
[0;32mI (31) boot: ESP-IDF v5.1.1-dirty 2nd stage bootloader[0m
[0;32mI (31) boot: compile time Oct 11 2025 23:47:32[0m
[0;32mI (31) boot: Multicore bootloader[0m
[0;32mI (36) boot: chip revision: v1.1[0m
[0;32mI (40) boot.esp32: SPI Speed      : 40MHz[0m
[0;32mI (44) boot.esp32: SPI Mode       : DIO[0m
[0;32mI (49) boot.esp32: SPI Flash Size : 2MB[0m
[0;32mI (53) boot: Enabling RNG early entropy source...[0m
[0;32mI (59) boot: Partition Table:[0m
[0;32mI (62) boot: ## Label            Usage          Type ST Offset   Length[0m
[0;32mI (70) boot:  0 nvs              WiFi data        01 02 00009000 00006000[0m
[0;32mI (77) boot:  1 phy_init         RF data          01 01 0000f000 00001000[0m
[0;32mI (84) boot:  2 factory          factory app      00 00 00010000 00100000[0m
[0;32mI (92) boot: End of partition table[0m
[0;32mI (96) esp_image: segment 0: paddr=00010020 vaddr=3f400020 size=0c918h ( 51480) map[0m
[0;32mI (123) esp_image: segment 1: paddr=0001c940 vaddr=3ffbdb60 size=036d8h ( 14040) load[0m
[0;32mI (129) esp_image: segment 2: paddr=00020020 vaddr=400d0020 size=30bd0h (199632) map[0m
[0;32mI (201) esp_image: segment 3: paddr=00050bf8 vaddr=3ffc1238 size=00a28h (  2600) load[0m
[0;32mI (203) esp_image: segment 4: paddr=00051628 vaddr=40080000 size=11250h ( 70224) load[0m
[0;32mI (245) boot: Loaded app from partition at offset 0x10000[0m
[0;32mI (245) boot: Disabling RNG early entropy source...[0m
[0;32mI (257) cpu_start: Multicore app[0m
[0;32mI (257) cpu_start: Pro cpu up.[0m
[0;32mI (257) cpu_start: Starting app cpu, entry point is 0x400812ec[0m
[0;32mI (245) cpu_start: App cpu up.[0m
[0;32mI (275) cpu_start: Pro cpu start user code[0m
[0;32mI (275) cpu_start: cpu freq: 160000000 Hz[0m
[0;32mI (275) cpu_start: Application information:[0m
[0;32mI (280) cpu_start: Project name:     main[0m
[0;32mI (285) cpu_start: App version:      1[0m
[0;32mI (289) cpu_start: Compile time:     Oct 11 2025 23:46:53[0m
[0;32mI (295) cpu_start: ELF file SHA256:  c66a3a7ec895d51b...[0m
[0;32mI (301) cpu_start: ESP-IDF:          v5.1.1-dirty[0m
[0;32mI (307) cpu_start: Min chip rev:     v0.0[0m
[0;32mI (311) cpu_start: Max chip rev:     v3.99 [0m
[0;32mI (316) cpu_start: Chip rev:         v1.1[0m
[0;32mI (321) heap_init: Initializing. RAM available for dynamic allocation:[0m
[0;32mI (328) heap_init: At 3FFAE6E0 len 0000F480 (61 KiB): DRAM[0m
[0;32mI (334) heap_init: At 3FFC4A80 len 0001B580 (109 KiB): DRAM[0m
[0;32mI (341) heap_init: At 3FFE0440 len 00003AE0 (14 KiB): D/IRAM[0m
[0;32mI (347) heap_init: At 3FFE4350 len 0001BCB0 (111 KiB): D/IRAM[0m
[0;32mI (353) heap_init: At 40091250 len 0000EDB0 (59 KiB): IRAM[0m
[0;32mI (361) spi_flash: detected chip: generic[0m
[0;32mI (364) spi_flash: flash io: dio[0m
[0;33mW (368) spi_flash: Detected size(4096k) larger than the size in the binary image header(2048k). Using the size in the binary image header.[0m
[0;32mI (382) coexist: coex firmware version: 80b0d89[0m
[0;32mI (387) app_start: Starting scheduler on CPU0[0m
[0;32[0;32mI (392) app_start: Starting scheduler on CPU1[0m
mI (392) main_task: Started on CPU0[0m
[0;32mI (402) main_task: Calling app_main()[0m
[0;32mI (452) WIFI STATION: wifi_init_sta finished, ssid:Infrastructure NW_Ext, pass:NetworkPolicy. ssid len:21, pass len:13[0m
ESP_ERROR_CHECK failed: esp_err_t 0x3001 (ESP_ERR_WIFI_NOT_INIT) at 0x400d5aaa
file: "./components/Libs_wifiSta/Libs_wifiSta.c" line 123
func: Libs_staInit
expression: esp_wifi_set_mode(WIFI_MODE_STA)

abort() was called at PC 0x4008896f on core 0


Backtrace: 0x40081996:0x3ffb1cc0 0x40088979:0x3ffb1ce0 0x4008ea6a:0x3ffb1d00 0x4008896f:0x3ffb1d70 0x400d5aaa:0x3ffb1da0 0x400d5a32:0x3ffb1e90 0x400fff0b:0x3ffb1eb0 0x4008aea9:0x3ffb1ee0




ELF file SHA256: c66a3a7ec895d51b

Rebooting...
ets Jun  8 2016 00:22:57

rst:0xc (SW_CPU_RESET),boot:0x13 (SPI_FAST_FLASH_BOOT)
configsip: 0, SPIWP:0xee
clk_drv:0x00,q_drv:0x00,d_drv:0x00,cs0_drv:0x00,hd_drv:0x00,wp_drv:0x00
mode:DIO, clock div:2
load:0x3fff0030,len:7084
ho 0 tail 12 room 4
load:0x40078000,len:15584
load:0x40080400,len:4
load:0x40080404,len:3876
entry 0x4008064c
[0;32mI (31) boot: ESP-IDF v5.1.1-dirty 2nd stage bootloader[0m
[0;32mI (31) boot: compile time Oct 11 2025 23:47:32[0m
[0;32mI (31) boot: Multicore bootloader[0m
[0;32mI (36) boot: chip revision: v1.1[0m
[0;32mI (40) boot.esp32: SPI Speed      : 40MHz[0m
[0;32mI (44) boot.esp32: SPI Mode       : DIO[0m
[0;32mI (49) boot.esp32: SPI Flash Size : 2MB[0m
[0;32mI (53) boot: Enabling RNG early entropy source...[0m
[0;32mI (59) boot: Partition Table:[0m
[0;32mI (62) boot: ## Label            Usage          Type ST Offset   Length[0m
[0;32mI (70) boot:  0 nvs              WiFi data        01 02 00009000 00006000[0m
[0;32mI (77) boot:  1 phy_init         RF data          01 01 0000f000 00001000[0m
[0;32mI (84) boot:  2 factory          factory app      00 00 00010000 00100000[0m
[0;32mI (92) boot: End of partition table[0m
[0;32mI (96) esp_image: segment 0: paddr=00010020 vaddr=3f400020 size=0c918h ( 51480) map[0m
[0;32mI (123) esp_image: segment 1: paddr=0001c940 vaddr=3ffbdb60 size=036d8h ( 14040) load[0m
[0;32mI (129) esp_image: segment 2: paddr=00020020 vaddr=400d0020 size=30bd0h (199632) map[0m
[0;32mI (201) esp_image: segment 3: paddr=00050bf8 vaddr=3ffc1238 size=00a28h (  2600) load[0m
[0;32mI (203) esp_image: segment 4: paddr=00051628 vaddr=40080000 size=11250h ( 70224) load[0m
[0;32mI (245) boot: Loaded app from partition at offset 0x10000[0m
[0;32mI (245) boot: Disabling RNG early entropy source...[0m
[0;32mI (257) cpu_start: Multicore app[0m
[0;32mI (257) cpu_start: Pro cpu up.[0m
[0;32mI (257) cpu_start: Starting app cpu, entry point is 0x400812ec[0m
[0;32mI (245) cpu_start: App cpu up.[0m
[0;32mI (275) cpu_start: Pro cpu start user code[0m
[0;32mI (275) cpu_start: cpu freq: 160000000 Hz[0m
[0;32mI (275) cpu_start: Application information:[0m
[0;32mI (280) cpu_start: Project name:     main[0m
[0;32mI (285) cpu_start: App version:      1[0m
[0;32mI (289) cpu_start: Compile time:     Oct 11 2025 23:46:53[0m
[0;32mI (295) cpu_start: ELF file SHA256:  c66a3a7ec895d51b...[0m
[0;32mI (301) cpu_start: ESP-IDF:          v5.1.1-dirty[0m
[0;32mI (307) cpu_start: Min chip rev:     v0.0[0m
[0;32mI (311) cpu_start: Max chip rev:     v3.99 [0m
[0;32mI (316) cpu_start: Chip rev:         v1.1[0m
[0;32mI (321) heap_init: Initializing. RAM available for dynamic allocation:[0m
[0;32mI (328) heap_init: At 3FFAE6E0 len 0000F480 (61 KiB): DRAM[0m
[0;32mI (334) heap_init: At 3FFC4A80 len 0001B580 (109 KiB): DRAM[0m
[0;32mI (341) heap_init: At 3FFE0440 len 00003AE0 (14 KiB): D/IRAM[0m
[0;32mI (347) heap_init: At 3FFE4350 len 0001BCB0 (111 KiB): D/IRAM[0m
[0;32mI (353) heap_init: At 40091250 len 0000EDB0 (59 KiB): IRAM[0m
[0;32mI (361) spi_flash: detected chip: generic[0m
[0;32mI (364) spi_flash: flash io: dio[0m
[0;33mW (368) spi_flash: Detected size(4096k) larger than the size in the binary image header(2048k). Using the size in the binary image header.[0m
[0;32mI (382) coexist: coex firmware version: 80b0d89[0m
[0;32mI (387) app_start: Starting scheduler on CPU0[0m
[0;32[0;32mI (392) app_start: Starting scheduler on CPU1[0m
mI (392) main_task: Started on CPU0[0m
[0;32mI (402) main_task: Calling app_main()[0m
[0;32mI (452) WIFI STATION: wifi_init_sta finished, ssid:Infrastructure NW_Ext, pass:NetworkPolicy. ssid len:21, pass len:13[0m
ESP_ERROR_CHECK failed: esp_err_t 0x3001 (ESP_ERR_WIFI_NOT_INIT) at 0x400d5aaa
file: "./components/Libs_wifiSta/Libs_wifiSta.c" line 123
func: Libs_staInit
expression: esp_wifi_set_mode(WIFI_MODE_STA)

abort() was called at PC 0x4008896f on core 0


Backtrace: 0x40081996:0x3ffb1cc0 0x40088979:0x3ffb1ce0 0x4008ea6a:0x3ffb1d00 0x4008896f:0x3ffb1d70 0x400d5aaa:0x3ffb1da0 0x400d5a32:0x3ffb1e90 0x400fff0b:0x3ffb1eb0 0x4008aea9:0x3ffb1ee0




ELF file SHA256: c66a3a7ec895d51b

Rebooting...
ets Jun  8 2016 00:22:57

rst:0xc (SW_CPU_RESET),boot:0x13 (SPI_FAST_FLASH_BOOT)
configsip: 0, SPIWP:0xee
clk_drv:0x00,q_drv:0x00,d_drv:0x00,cs0_drv:0x00,hd_drv:0x00,wp_drv:0x00
mode:DIO, clock div:2
load:0x3fff0030,len:7084
ho 0 tail 12 room 4
load:0x40078000,len:15584
load:0x40080400,len:4
load:0x40080404,len:3876
entry 0x4008064c
[0;32mI (31) boot: ESP-IDF v5.1.1-dirty 2nd stage bootloader[0m
[0;32mI (31) boot: compile time Oct 11 2025 23:47:32[0m
[0;32mI (31) boot: Multicore bootloader[0m
[0;32mI (36) boot: chip revision: v1.1[0m
[0;32mI (40) boot.esp32: SPI Speed      : 40MHz[0m
[0;32mI (44) boot.esp32: SPI Mode       : DIO[0m
[0;32mI (49) boot.esp32: SPI Flash Size : 2MB[0m
[0;32mI (53) boot: Enabling RNG early entropy source...[0m
[0;32mI (59) boot: Partition Table:[0m
[0;32mI (62) boot: ## Label            Usage          Type ST Offset   Length[0m
[0;32mI (70) boot:  0 nvs              WiFi data        01 02 00009000 00006000[0m
[0;32mI (77) boot:  1 phy_init         RF data          01 01 0000f000 00001000[0m
[0;32mI (84) boot:  2 factory          factory app      00 00 00010000 00100000[0m
[0;32mI (92) boot: End of partition table[0m
[0;32mI (96) esp_image: segment 0: paddr=00010020 vaddr=3f400020 size=0c918h ( 51480) map[0m
[0;32mI (123) esp_image: segment 1: paddr=0001c940 vaddr=3ffbdb60 size=036d8h ( 14040) load[0m
[0;32mI (129) esp_image: segment 2: paddr=00020020 vaddr=400d0020 size=30bd0h (199632) map[0m
[0;32mI (201) esp_image: segment 3: paddr=00050bf8 vaddr=3ffc1238 size=00a28h (  2600) load[0m
[0;32mI (203) esp_image: segment 4: paddr=00051628 vaddr=40080000 size=11250h ( 70224) load[0m
[0;32mI (245) boot: Loaded app from partition at offset 0x10000[0m
[0;32mI (245) boot: Disabling RNG early entropy source...[0m
[0;32mI (257) cpu_start: Multicore app[0m
[0;32mI (257) cpu_start: Pro cpu up.[0m
[0;32mI (257) cpu_start: Starting app cpu, entry point is 0x400812ec[0m
[0;32mI (245) cpu_start: App cpu up.[0m
[0;32mI (275) cpu_start: Pro cpu start user code[0m
[0;32mI (275) cpu_start: cpu freq: 160000000 Hz[0m
[0;32mI (275) cpu_start: Application information:[0m
[0;32mI (280) cpu_start: Project name:     main[0m
[0;32mI (285) cpu_start: App version:      1[0m
[0;32mI (289) cpu_start: Compile time:     Oct 11 2025 23:46:53[0m
[0;32mI (295) cpu_start: ELF file SHA256:  c66a3a7ec895d51b...[0m
[0;32mI (301) cpu_start: ESP-IDF:          v5.1.1-dirty[0m
[0;32mI (307) cpu_start: Min chip rev:     v0.0[0m
[0;32mI (311) cpu_start: Max chip rev:     v3.99 [0m
[0;32mI (316) cpu_start: Chip rev:         v1.1[0m
[0;32mI (321) heap_init: Initializing. RAM available for dynamic allocation:[0m
[0;32mI (328) heap_init: At 3FFAE6E0 len 0000F480 (61 KiB): DRAM[0m
[0;32mI (334) heap_init: At 3FFC4A80 len 0001B580 (109 KiB): DRAM[0m
[0;32mI (341) heap_init: At 3FFE0440 len 00003AE0 (14 KiB): D/IRAM[0m
[0;32mI (347) heap_init: At 3FFE4350 len 0001BCB0 (111 KiB): D/IRAM[0m
[0;32mI (353) heap_init: At 40091250 len 0000EDB0 (59 KiB): IRAM[0m
[0;32mI (361) spi_flash: detected chip: generic[0m
[0;32mI (364) spi_flash: flash io: dio[0m
[0;33mW (368) spi_flash: Detected size(4096k) larger than the size in the binary image header(2048k). Using the size in the binary image header.[0m
[0;32mI (382) coexist: coex firmware version: 80b0d89[0m
[0;32mI (387) app_start: Starting scheduler on CPU0[0m
[0;32[0;32mI (392) app_start: Starting scheduler on CPU1[0m
mI (392) main_task: Started on CPU0[0m
[0;32mI (402) main_task: Calling app_main()[0m
[0;32mI (452) WIFI STATION: wifi_init_sta finished, ssid:Infrastructure NW_Ext, pass:NetworkPolicy. ssid len:21, pass len:13[0m
ESP_ERROR_CHECK failed: esp_err_t 0x3001 (ESP_ERR_WIFI_NOT_INIT) at 0x400d5aaa
file: "./components/Libs_wifiSta/Libs_wifiSta.c" line 123
func: Libs_staInit
expression: esp_wifi_set_mode(WIFI_MODE_STA)

abort() was called at PC 0x4008896f on core 0


Backtrace: 0x40081996:0x3ffb1cc0 0x40088979:0x3ffb1ce0 0x4008ea6a:0x3ffb1d00 0x4008896f:0x3ffb1d70 0x400d5aaa:0x3ffb1da0 0x400d5a32:0x3ffb1e90 0x400fff0b:0x3ffb1eb0 0x4008aea9:0x3ffb1ee0




ELF file SHA256: c66a3a7ec895d51b

Rebooting...
ets Jun  8 2016 00:22:57

rst:0xc (SW_CPU_RESET),boot:0x13 (SPI_FAST_FLASH_BOOT)
configsip: 0, SPIWP:0xee
clk_drv:0x00,q_drv:0x00,d_drv:0x00,cs0_drv:0x00,hd_drv:0x00,wp_drv:0x00
mode:DIO, clock div:2
load:0x3fff0030,len:7084
ho 0 tail 12 room 4
load:0x40078000,len:15584
load:0x40080400,len:4
load:0x40080404,len:3876
entry 0x4008064c
[0;32mI (31) boot: ESP-IDF v5.1.1-dirty 2nd stage bootloader[0m
[0;32mI (31) boot: compile time Oct 11 2025 23:47:32[0m
[0;32mI (31) boot: Multicore bootloader[0m
[0;32mI (36) boot: chip revision: v1.1[0m
[0;32mI (40) boot.esp32: SPI Speed      : 40MHz[0m
