ets Jul 29 2019 12:21:46

rst:0x1 (POWERON_RESET),boot:0x13 (SPI_FAST_FLASH_BOOT)
configsip: 0, SPIWP:0xee
clk_drv:0x00,q_drv:0x00,d_drv:0x00,cs0_drv:0x00,hd_drv:0x00,wp_drv:0x00
mode:DIO, clock div:2
load:0x3fff0030,len:7084
ho 0 tail 12 room 4
load:0x40078000,len:15584
load:0x40080400,len:4
load:0x40080404,len:3876
entry 0x4008064c
[0;32mI (31) boot: ESP-IDF v5.1.1-dirty 2nd stage bootloader[0m
[0;32mI (31) boot: compile time Oct 14 2025 11:40:32[0m
[0;32mI (31) boot: Multicore bootloader[0m
[0;32mI (36) boot: chip revision: v3.1[0m
[0;32mI (40) boot.esp32: SPI Speed      : 40MHz[0m
[0;32mI (44) boot.esp32: SPI Mode       : DIO[0m
[0;32mI (49) boot.esp32: SPI Flash Size : 4MB[0m
[0;32mI (53) boot: Enabling RNG early entropy source...[0m
[0;32mI (59) boot: Partition Table:[0m
[0;32mI (62) boot: ## Label            Usage          Type ST Offset   Length[0m
[0;32mI (70) boot:  0 nvs              WiFi data        01 02 00009000 00006000[0m
[0;32mI (77) boot:  1 phy_init         RF data          01 01 0000f000 00001000[0m
[0;32mI (85) boot:  2 factory          factory app      00 00 00010000 00200000[0m
[0;32mI (92) boot: End of partition table[0m
[0;32mI (96) esp_image: segment 0: paddr=00010020 vaddr=3f400020 size=76eb0h (487088) map[0m
[0;32mI (281) esp_image: segment 1: paddr=00086ed8 vaddr=3ffbdb60 size=05468h ( 21608) load[0m
[0;32mI (289) esp_image: segment 2: paddr=0008c348 vaddr=40080000 size=03cd0h ( 15568) load[0m
[0;32mI (296) esp_image: segment 3: paddr=00090020 vaddr=400d0020 size=fb23ch (1028668) map[0m
[0;32mI (669) esp_image: segment 4: paddr=0018b264 vaddr=40083cd0 size=1ac5ch (109660) load[0m
[0;32mI (730) boot: Loaded app from partition at offset 0x10000[0m
[0;32mI (730) boot: Disabling RNG early entropy source...[0m
[0;32mI (741) cpu_start: Multicore app[0m
[0;32mI (742) cpu_start: Pro cpu up.[0m
[0;32mI (742) cpu_start: Starting app cpu, entry point is 0x40081408[0m
[0;32mI (0) cpu_start: App cpu up.[0m
[0;32mI (762) cpu_start: Pro cpu start user code[0m
[0;32mI (762) cpu_start: cpu freq: 160000000 Hz[0m
[0;32mI (762) cpu_start: Application information:[0m
[0;32mI (767) cpu_start: Project name:     main[0m
[0;32mI (771) cpu_start: App version:      1[0m
[0;32mI (776) cpu_start: Compile time:     Oct 14 2025 11:40:01[0m
[0;32mI (782) cpu_start: ELF file SHA256:  24529b70feb13421...[0m
[0;32mI (788) cpu_start: ESP-IDF:          v5.1.1-dirty[0m
[0;32mI (793) cpu_start: Min chip rev:     v0.0[0m
[0;32mI (798) cpu_start: Max chip rev:     v3.99 [0m
[0;32mI (803) cpu_start: Chip rev:         v3.1[0m
[0;32mI (808) heap_init: Initializing. RAM available for dynamic allocation:[0m
[0;32mI (815) heap_init: At 3FFAFF10 len 000000F0 (0 KiB): DRAM[0m
[0;32mI (821) heap_init: At 3FFB6388 len 00001C78 (7 KiB): DRAM[0m
[0;32mI (827) heap_init: At 3FFB9A20 len 00004108 (16 KiB): DRAM[0m
[0;32mI (833) heap_init: At 3FFCB890 len 00014770 (81 KiB): DRAM[0m
[0;32mI (839) heap_init: At 3FFE0440 len 00003AE0 (14 KiB): D/IRAM[0m
[0;32mI (845) heap_init: At 3FFE4350 len 0001BCB0 (111 KiB): D/IRAM[0m
[0;32mI (852) heap_init: At 4009E92C len 000016D4 (5 KiB): IRAM[0m
[0;32mI (860) spi_flash: detected chip: generic[0m
[0;32mI (863) spi_flash: flash io: dio[0m
[0;32mI (867) coexist: coex firmware version: 80b0d89[0m
[0;32mI (872) app_start: Starting scheduler on CPU0[0m
[0;32[0;32mI (877) app_start: Starting scheduler on CPU1[0m
mI (877) main_task: Started on CPU0[0m
[0;32mI (887) main_task: Calling app_main()[0m
[0;32mI (937) APP: Web server handler task started[0m
[0;32mI (947) NVS_HANDLE: Open nvs flash: 0[0m
[0;32mI (947) NVS_HANDLE: Open nvs flash: 0[0m
[0;32mI (947) NVS_HANDLE: Open nvs flash: 0[0m
[0;32mI (947) APP: Read data from nvs flash failed[0m
[0;32mI (947) APP: connection state: 0[0m
ets Jul 29 2019 12:21:46

rst:0x1 (POWERON_RESET),boot:0x13 (SPI_FAST_FLASH_BOOT)
configsip: 0, SPIWP:0xee
clk_drv:0x00,q_drv:0x00,d_drv:0x00,cs0_drv:0x00,hd_drv:0x00,wp_drv:0x00
mode:DIO, clock div:2
load:0x3fff0030,len:7084
ho 0 tail 12 room 4
load:0x40078000,len:15584
load:0x40080400,len:4
load:0x40080404,len:3876
entry 0x4008064c
[0;32mI (31) boot: ESP-IDF v5.1.1-dirty 2nd stage bootloader[0m
[0;32mI (31) boot: compile time Oct 14 2025 11:40:32[0m
[0;32mI (31) boot: Multicore bootloader[0m
[0;32mI (36) boot: chip revision: v3.1[0m
[0;32mI (40) boot.esp32: SPI Speed      : 40MHz[0m
[0;32mI (44) boot.esp32: SPI Mode       : DIO[0m
[0;32mI (49) boot.esp32: SPI Flash Size : 4MB[0m
[0;32mI (53) boot: Enabling RNG early entropy source...[0m
[0;32mI (59) boot: Partition Table:[0m
[0;32mI (62) boot: ## Label            Usage          Type ST Offset   Length[0m
[0;32mI (70) boot:  0 nvs              WiFi data        01 02 00009000 00006000[0m
[0;32mI (77) boot:  1 phy_init         RF data          01 01 0000f000 00001000[0m
[0;32mI (85) boot:  2 factory          factory app      00 00 00010000 00200000[0m
[0;32mI (92) boot: End of partition table[0m
[0;32mI (96) esp_image: segment 0: paddr=00010020 vaddr=3f400020 size=76eb0h (487088) map[0m
[0;32mI (281) esp_image: segment 1: paddr=00086ed8 vaddr=3ffbdb60 size=05468h ( 21608) load[0m
[0;32mI (289) esp_image: segment 2: paddr=0008c348 vaddr=40080000 size=03cd0h ( 15568) load[0m
[0;32mI (296) esp_image: segment 3: paddr=00090020 vaddr=400d0020 size=fb23ch (1028668) map[0m
[0;32mI (669) esp_image: segment 4: paddr=0018b264 vaddr=40083cd0 size=1ac5ch (109660) load[0m
[0;32mI (730) boot: Loaded app from partition at offset 0x10000[0m
[0;32mI (730) boot: Disabling RNG early entropy source...[0m
[0;32mI (741) cpu_start: Multicore app[0m
[0;32mI (742) cpu_start: Pro cpu up.[0m
[0;32mI (742) cpu_start: Starting app cpu, entry point is 0x40081408[0m
[0;32mI (0) cpu_start: App cpu up.[0m
[0;32mI (762) cpu_start: Pro cpu start user code[0m
[0;32mI (762) cpu_start: cpu freq: 160000000 Hz[0m
[0;32mI (762) cpu_start: Application information:[0m
[0;32mI (767) cpu_start: Project name:     main[0m
[0;32mI (771) cpu_start: App version:      1[0m
[0;32mI (776) cpu_start: Compile time:     Oct 14 2025 11:40:01[0m
[0;32mI (782) cpu_start: ELF file SHA256:  24529b70feb13421...[0m
[0;32mI (788) cpu_start: ESP-IDF:          v5.1.1-dirty[0m
[0;32mI (793) cpu_start: Min chip rev:     v0.0[0m
[0;32mI (798) cpu_start: Max chip rev:     v3.99 [0m
[0;32mI (803) cpu_start: Chip rev:         v3.1[0m
[0;32mI (808) heap_init: Initializing. RAM available for dynamic allocation:[0m
[0;32mI (815) heap_init: At 3FFAFF10 len 000000F0 (0 KiB): DRAM[0m
[0;32mI (821) heap_init: At 3FFB6388 len 00001C78 (7 KiB): DRAM[0m
[0;32mI (827) heap_init: At 3FFB9A20 len 00004108 (16 KiB): DRAM[0m
[0;32mI (833) heap_init: At 3FFCB890 len 00014770 (81 KiB): DRAM[0m
[0;32mI (839) heap_init: At 3FFE0440 len 00003AE0 (14 KiB): D/IRAM[0m
[0;32mI (845) heap_init: At 3FFE4350 len 0001BCB0 (111 KiB): D/IRAM[0m
[0;32mI (852) heap_init: At 4009E92C len 000016D4 (5 KiB): IRAM[0m
[0;32mI (860) spi_flash: detected chip: generic[0m
[0;32mI (863) spi_flash: flash io: dio[0m
[0;32mI (867) coexist: coex firmware version: 80b0d89[0m
[0;32mI (872) app_start: Starting scheduler on CPU0[0m
[0;32[0;32mI (877) app_start: Starting scheduler on CPU1[0m
mI (877) main_task: Started on CPU0[0m
[0;32mI (887) main_task: Calling app_main()[0m
[0;32mI (937) APP: Web server handler task started[0m
[0;32mI (937) NVS_HANDLE: Open nvs flash: 0[0m
[0;32mI (937) NVS_HANDLE: Open nvs flash: 0[0m
[0;32mI (937) NVS_HANDLE: Open nvs flash: 0[0m
[0;32mI (937) APP: Read data from nvs flash failed[0m
[0;32mI (947) APP: connection state: 0[0m
I (967) wifi:wifi driver task: 3ffd1ac4, prio:23, stack:6656, core=0
I (987) wifi:wifi firmware version: ce9244d
I (987) wifi:wifi certification version: v7.0
I (987) wifi:config NVS flash: enabled
I (987) wifi:config nano formating: disabled
I (997) wifi:Init data frame dynamic rx buffer num: 32
I (997) wifi:Init management frame dynamic rx buffer num: 32
I (1007) wifi:Init management short buffer num: 32
I (1007) wifi:Init dynamic tx buffer num: 32
I (1017) wifi:Init static rx buffer size: 1600
I (1017) wifi:Init static rx buffer num: 10
I (1017) wifi:Init dynamic rx buffer num: 32
[0;32mI (1027) wifi_init: rx ba win: 6[0m
[0;32mI (1027) wifi_init: tcpip mbox: 32[0m
[0;32mI (1037) wifi_init: udp mbox: 6[0m
[0;32mI (1037) wifi_init: tcp mbox: 6[0m
[0;32mI (1037) wifi_init: tcp tx win: 5744[0m
[0;32mI (1047) wifi_init: tcp rx win: 5744[0m
[0;32mI (1047) wifi_init: tcp mss: 1440[0m
[0;32mI (1057) wifi_init: WiFi IRAM OP enabled[0m
[0;32mI (1057) wifi_init: WiFi RX IRAM OP enabled[0m
[0;32mI (1077) phy_init: phy_version 4670,719f9f6,Feb 18 2021,17:07:07[0m
I (1197) wifi:mode : softAP (24:dc:c3:a6:d0:29)
I (1327) wifi:Total power save buffer number: 16
I (1327) wifi:Init max length of beacon: 752/752
I (1327) wifi:Init max length of beacon: 752/752
[0;32mI (1327) SOFTAP: wifi_init_softap finished. SSID:ESP32 password:12345678 channel:2[0m
[0;32mI (1337) esp_netif_lwip: DHCP server started on interface WIFI_AP_DEF with IP: 192.168.4.1[0m
[0;32mI (1347) HTTP_SERVER: http_server_configure: Starting server on port: '80' with task priority: '3'[0m
[0;32mI (1357) HTTP_SERVER: http_server_configure: Registering URI handlers[0m
[0;32mI (1367) APP: Start webserver for connection configuration[0m
I (16297) wifi:new:<2,0>, old:<2,1>, ap:<2,1>, sta:<255,255>, prof:2
I (16297) wifi:station: d6:2e:43:ee:8e:a6 join, AID=1, bgn, 20
[0;32mI (16317) SOFTAP: event connected[0m
[0;32mI (16447) esp_netif_lwip: DHCP server assigned IP to a client, IP is: 192.168.4.2[0m
I (16707) wifi:<ba-add>idx:2 (ifx:1, d6:2e:43:ee:8e:a6), tid:0, ssn:16, winSize:64
[0;32mI (18657) HTTP_SERVER: index.html requested[0m
[0;32mI (30547) HTTP_SERVER: index.html requested[0m
[0;32mI (48397) HTTP_SERVER: sssid: laptop[0m
[0;32mI (48397) HTTP_SERVER: password: 12345678[0m
[0;32mI (48397) HTTP_SERVER: port: 11[0m
[0;32mI (48397) HTTP_SERVER: Receive data:laptop 12345678[0m
I (48417) wifi:station: d6:2e:43:ee:8e:a6 leave, AID = 1, bss_flags is 8916035, bss:0x3ffdc9cc
I (48417) wifi:new:<2,0>, old:<2,0>, ap:<2,1>, sta:<255,255>, prof:2
I (48417) wifi:<ba-del>idx:2, tid:0
E (48427) wifi:NAN WiFi stop
[0;32mI (48427) SOFTAP: event disconnected connected[0m
[0;33mW (48437) httpd_txrx: httpd_sock_err: error in recv : 113[0m
[0;33mW (48437) httpd_txrx: httpd_sock_err: error in recv : 113[0m
[0;33mW (48447) httpd_txrx: httpd_sock_err: error in recv : 113[0m
I (48487) wifi:flush txq
I (48487) wifi:stop sw txq
I (48487) wifi:lmac stop hw txq
[0;32mI (48497) wifi_init: rx ba win: 6[0m
[0;32mI (48497) wifi_init: tcpip mbox: 32[0m
[0;32mI (48497) wifi_init: udp mbox: 6[0m
[0;32mI (48497) wifi_init: tcp mbox: 6[0m
[0;32mI (48497) wifi_init: tcp tx win: 5744[0m
[0;32mI (48507) wifi_init: tcp rx win: 5744[0m
[0;32mI (48507) wifi_init: tcp mss: 1440[0m
[0;32mI (48517) wifi_init: WiFi IRAM OP enabled[0m
[0;32mI (48517) wifi_init: WiFi RX IRAM OP enabled[0m
[0;32mI (48527) WIFI STATION: wifi_init_sta finished, ssid:laptop, pass:12345678. ssid len:6, pass len:8[0m
I (48577) wifi:mode : sta (24:dc:c3:a6:d0:28)
I (48577) wifi:enable tsf
[0;32mI (48587) WIFI STA: start connect to access point[0m
I (50997) wifi:new:<2,1>, old:<1,0>, ap:<255,255>, sta:<2,1>, prof:2
I (52167) wifi:state: init -> auth (b0)
I (52167) wifi:state: auth -> assoc (0)
I (52177) wifi:state: assoc -> run (10)
I (52187) wifi:connected with laptop, aid = 7, channel 2, 40U, bssid = 16:13:33:02:85:b3
I (52187) wifi:security: WPA2-PSK, phy: bgn, rssi: -46
I (52197) wifi:pm start, type: 1

I (52207) wifi:AP's beacon interval = 102400 us, DTIM period = 1
I (52217) wifi:<ba-add>idx:0 (ifx:0, 16:13:33:02:85:b3), tid:0, ssn:4, winSize:64
[0;32mI (53197) esp_netif_handlers: sta ip: 192.168.137.216, mask: 255.255.255.0, gw: 192.168.137.1[0m
[0;32mI (53197) WIFI STATION: got ip:192.168.137.1[0m
[0;32mI (53197) APP: Connect to AP successful[0m
[0;32mI (54307) BTDM_INIT: BT controller compile version [946b762][0m
[0;32mI (54307) BTDM_INIT: Bluetooth MAC: 24:dc:c3:a6:d0:2a[0m
[0;32mI (54627) GATTC_MULTI: Registered gattc_if=3, start scan[0m
[0;32mI (54637) APP: Init SNTP...[0m
[0;32mI (54637) GATTC_MULTI: Scan params set -> start scanning[0m
[0;32mI (54637) APP: Waiting for system time to be set... (1/30)[0m
[0;32mI (55647) APP: Time synced: Thu Oct 16 13:55:39 2025
[0m
[0;32mI (55647) APP: HTTP PUT https://htn-iot-8e223-default-rtdb.asia-southeast1.firebasedatabase.app/sensor/data/ESP32_ABC123.json?auth=ok7JtCJv8A9JTdhfsNUZwkG8GyvOO1pkY5PAgn5e[0m
[0;32mI (56397) esp-x509-crt-bundle: Certificate validated[0m
[0;32mI (58157) APP: PUT status=200, resp={"CO2":800,"Humi":60,"Mode":1,"State":1,"Temp":25.5}[0m
[0;32mI (58157) APP: HTTP GET https://htn-iot-8e223-default-rtdb.asia-southeast1.firebasedatabase.app/sensor/data/ESP32_ABC123.json?auth=ok7JtCJv8A9JTdhfsNUZwkG8GyvOO1pkY5PAgn5e[0m
[0;32mI (58527) esp-x509-crt-bundle: Certificate validated[0m
[0;32mI (59587) APP: GET status=200[0m
[0;32mI (59587) APP: GET body={"CO2":800,"Humi":60,"Mode":1,"State":1,"Temp":25.5}[0m
[0;32mI (59587) APP: mode=1[0m
Guru Meditation Error: Core  0 panic'ed (LoadProhibited). Exception was unhandled.

Core  0 register dump:
PC      : 0x400014fd  PS      : 0x00060830  A0      : 0x801b9f4a  A1      : 0x3ffbb560  
A2      : 0x00000000  A3      : 0xfffffffc  A4      : 0x000000ff  A5      : 0x0000ff00  
A6      : 0x00ff0000  A7      : 0xff000000  A8      : 0x00000000  A9      : 0x00000000  
A10     : 0x00000000  A11     : 0x00000003  A12     : 0x3ffbb7a4  A13     : 0x00000000  
A14     : 0x3ffbb774  A15     : 0x00000001  SAR     : 0x00000004  EXCCAUSE: 0x0000001c  
EXCVADDR: 0x00000000  LBEG    : 0x400014fd  LEND    : 0x4000150d  LCOUNT  : 0xffffffff  


Backtrace: 0x400014fa:0x3ffbb560 0x401b9f47:0x3ffbb570 0x401bb5f1:0x3ffbb890 0x401c9d39:0x3ffbb8c0 0x4009723d:0x3ffbb8f0 0x400d8545:0x3ffbb940 0x400d864f:0x3ffbbc10 0x401c9403:0x3ffbbc50 0x400941b1:0x3ffbbc80




ELF file SHA256: 24529b70feb13421

Rebooting...
ets Jul 29 2019 12:21:46

rst:0xc (SW_CPU_RESET),boot:0x13 (SPI_FAST_FLASH_BOOT)
configsip: 0, SPIWP:0xee
clk_drv:0x00,q_drv:0x00,d_drv:0x00,cs0_drv:0x00,hd_drv:0x00,wp_drv:0x00
mode:DIO, clock div:2
load:0x3fff0030,len:7084
ho 0 tail 12 room 4
load:0x40078000,len:15584
load:0x40080400,len:4
load:0x40080404,len:3876
entry 0x4008064c
[0;32mI (31) boot: ESP-IDF v5.1.1-dirty 2nd stage bootloader[0m
[0;32mI (31) boot: compile time Oct 14 2025 11:40:32[0m
[0;32mI (31) boot: Multicore bootloader[0m
[0;32mI (36) boot: chip revision: v3.1[0m
[0;32mI (40) boot.esp32: SPI Speed      : 40MHz[0m
[0;32mI (44) boot.esp32: SPI Mode       : DIO[0m
[0;32mI (49) boot.esp32: SPI Flash Size : 4MB[0m
[0;32mI (53) boot: Enabling RNG early entropy source...[0m
[0;32mI (59) boot: Partition Table:[0m
[0;32mI (62) boot: ## Label            Usage          Type ST Offset   Length[0m
[0;32mI (70) boot:  0 nvs              WiFi data        01 02 00009000 00006000[0m
[0;32mI (77) boot:  1 phy_init         RF data          01 01 0000f000 00001000[0m
[0;32mI (85) boot:  2 factory          factory app      00 00 00010000 00200000[0m
[0;32mI (92) boot: End of partition table[0m
[0;32mI (96) esp_image: segment 0: paddr=00010020 vaddr=3f400020 size=76eb0h (487088) map[0m
[0;32mI (281) esp_image: segment 1: paddr=00086ed8 vaddr=3ffbdb60 size=05468h ( 21608) load[0m
[0;32mI (289) esp_image: segment 2: paddr=0008c348 vaddr=40080000 size=03cd0h ( 15568) load[0m
[0;32mI (296) esp_image: segment 3: paddr=00090020 vaddr=400d0020 size=fb23ch (1028668) map[0m
[0;32mI (668) esp_image: segment 4: paddr=0018b264 vaddr=40083cd0 size=1ac5ch (109660) load[0m
[0;32mI (730) boot: Loaded app from partition at offset 0x10000[0m
[0;32mI (730) boot: Disabling RNG early entropy source...[0m
[0;32mI (741) cpu_start: Multicore app[0m
[0;32mI (742) cpu_start: Pro cpu up.[0m
[0;32mI (742) cpu_start: Starting app cpu, entry point is 0x40081408[0m
[0;32mI (731) cpu_start: App cpu up.[0m
[0;32mI (762) cpu_start: Pro cpu start user code[0m
[0;32mI (762) cpu_start: cpu freq: 160000000 Hz[0m
[0;32mI (762) cpu_start: Application information:[0m
[0;32mI (767) cpu_start: Project name:     main[0m
[0;32mI (771) cpu_start: App version:      1[0m
[0;32mI (776) cpu_start: Compile time:     Oct 14 2025 11:40:01[0m
[0;32mI (782) cpu_start: ELF file SHA256:  24529b70feb13421...[0m
[0;32mI (788) cpu_start: ESP-IDF:          v5.1.1-dirty[0m
[0;32mI (793) cpu_start: Min chip rev:     v0.0[0m
[0;32mI (798) cpu_start: Max chip rev:     v3.99 [0m
[0;32mI (803) cpu_start: Chip rev:         v3.1[0m
[0;32mI (808) heap_init: Initializing. RAM available for dynamic allocation:[0m
[0;32mI (815) heap_init: At 3FFAFF10 len 000000F0 (0 KiB): DRAM[0m
[0;32mI (821) heap_init: At 3FFB6388 len 00001C78 (7 KiB): DRAM[0m
[0;32mI (827) heap_init: At 3FFB9A20 len 00004108 (16 KiB): DRAM[0m
[0;32mI (833) heap_init: At 3FFCB890 len 00014770 (81 KiB): DRAM[0m
[0;32mI (839) heap_init: At 3FFE0440 len 00003AE0 (14 KiB): D/IRAM[0m
[0;32mI (845) heap_init: At 3FFE4350 len 0001BCB0 (111 KiB): D/IRAM[0m
[0;32mI (852) heap_init: At 4009E92C len 000016D4 (5 KiB): IRAM[0m
[0;32mI (860) spi_flash: detected chip: generic[0m
[0;32mI (863) spi_flash: flash io: dio[0m
[0;32mI (867) coexist: coex firmware version: 80b0d89[0m
[0;32mI (873) app_start: Starting scheduler on CPU0[0m
[0;32[0;32mI (877) app_start: Starting scheduler on CPU1[0m
mI (877) main_task: Started on CPU0[0m
[0;32mI (887) main_task: Calling app_main()[0m
[0;32mI (937) APP: Web server handler task started[0m
[0;32mI (937) NVS_HANDLE: Open nvs flash: 0[0m
[0;32mI (937) NVS_HANDLE: Open nvs flash: 0[0m
[0;32mI (937) NVS_HANDLE: Open nvs flash: 0[0m
I (957) wifi:wifi driver task: 3ffd1a7c, prio:23, stack:6656, core=0
I (977) wifi:wifi firmware version: ce9244d
I (977) wifi:wifi certification version: v7.0
I (977) wifi:config NVS flash: enabled
I (977) wifi:config nano formating: disabled
I (987) wifi:Init data frame dynamic rx buffer num: 32
I (987) wifi:Init management frame dynamic rx buffer num: 32
I (997) wifi:Init management short buffer num: 32
I (997) wifi:Init dynamic tx buffer num: 32
I (1007) wifi:Init static rx buffer size: 1600
I (1007) wifi:Init static rx buffer num: 10
I (1007) wifi:Init dynamic rx buffer num: 32
[0;32mI (1017) wifi_init: rx ba win: 6[0m
[0;32mI (1017) wifi_init: tcpip mbox: 32[0m
[0;32mI (1027) wifi_init: udp mbox: 6[0m
[0;32mI (1027) wifi_init: tcp mbox: 6[0m
[0;32mI (1027) wifi_init: tcp tx win: 5744[0m
[0;32mI (1037) wifi_init: tcp rx win: 5744[0m
[0;32mI (1037) wifi_init: tcp mss: 1440[0m
[0;32mI (1047) wifi_init: WiFi IRAM OP enabled[0m
[0;32mI (1047) wifi_init: WiFi RX IRAM OP enabled[0m
[0;32mI (1047) WIFI STATION: wifi_init_sta finished, ssid:laptop, pass:12345678. ssid len:6, pass len:8[0m
[0;32mI (1067) phy_init: phy_version 4670,719f9f6,Feb 18 2021,17:07:07[0m
I (1177) wifi:mode : sta (24:dc:c3:a6:d0:28)
I (1177) wifi:enable tsf
[0;32mI (1177) APP: Read data from nvs flash: laptop 12345678 0[0m
[0;32mI (1187) WIFI STA: start connect to access point[0m
I (3597) wifi:new:<2,1>, old:<1,0>, ap:<255,255>, sta:<2,1>, prof:2
I (3597) wifi:state: init -> auth (b0)
I (3637) wifi:state: auth -> assoc (0)
I (3637) wifi:state: assoc -> run (10)
I (3657) wifi:connected with laptop, aid = 12, channel 2, 40U, bssid = 16:13:33:02:85:b3
I (3657) wifi:security: WPA2-PSK, phy: bgn, rssi: -65
I (3657) wifi:pm start, type: 1

I (3677) wifi:AP's beacon interval = 102400 us, DTIM period = 1
I (4307) wifi:<ba-add>idx:0 (ifx:0, 16:13:33:02:85:b3), tid:0, ssn:4, winSize:64
[0;32mI (4667) esp_netif_handlers: sta ip: 192.168.137.216, mask: 255.255.255.0, gw: 192.168.137.1[0m
[0;32mI (4667) WIFI STATION: got ip:192.168.137.1[0m
[0;32mI (4667) APP: Connect to AP successful[0m
[0;32mI (4677) APP: connection state: 1[0m
[0;32mI (4677) BTDM_INIT: BT controller compile version [946b762][0m
[0;32mI (4687) BTDM_INIT: Bluetooth MAC: 24:dc:c3:a6:d0:2a[0m
[0;32mI (5007) GATTC_MULTI: Registered gattc_if=3, start scan[0m
[0;32mI (5007) GATTC_MULTI: Scan params set -> start scanning[0m
[0;32mI (5007) APP: Init SNTP...[0m
[0;32mI (5017) APP: Time synced: Thu Oct 16 13:55:47 2025
[0m
[0;32mI (5017) APP: HTTP PUT https://htn-iot-8e223-default-rtdb.asia-southeast1.firebasedatabase.app/sensor/data/ESP32_ABC123.json?auth=ok7JtCJv8A9JTdhfsNUZwkG8GyvOO1pkY5PAgn5e[0m
[0;32mI (5407) esp-x509-crt-bundle: Certificate validated[0m
[0;32mI (6547) APP: PUT status=200, resp={"CO2":800,"Humi":60,"Mode":1,"State":1,"Temp":25.5}[0m
[0;32mI (6557) APP: HTTP GET https://htn-iot-8e223-default-rtdb.asia-southeast1.firebasedatabase.app/sensor/data/ESP32_ABC123.json?auth=ok7JtCJv8A9JTdhfsNUZwkG8GyvOO1pkY5PAgn5e[0m
[0;32mI (7037) esp-x509-crt-bundle: Certificate validated[0m
[0;32mI (8087) APP: GET status=200[0m
[0;32mI (8087) APP: GET body={"CO2":800,"Humi":60,"Mode":1,"State":1,"Temp":25.5}[0m
[0;32mI (8087) APP: mode=1[0m
Guru Meditation Error: Core  0 panic'ed (LoadProhibited). Exception was unhandled.

Core  0 register dump:
PC      : 0x400014fd  PS      : 0x00060530  A0      : 0x801b9f4a  A1      : 0x3ffbb560  
A2      : 0x00000000  A3      : 0xfffffffc  A4      : 0x000000ff  A5      : 0x0000ff00  
A6      : 0x00ff0000  A7      : 0xff000000  A8      : 0x00000000  A9      : 0x00000000  
A10     : 0x00000000  A11     : 0x00000003  A12     : 0x3ffbb7a4  A13     : 0x00000000  
A14     : 0x3ffbb774  A15     : 0x00000001  SAR     : 0x00000004  EXCCAUSE: 0x0000001c  
EXCVADDR: 0x00000000  LBEG    : 0x400014fd  LEND    : 0x4000150d  LCOUNT  : 0xffffffff  


Backtrace: 0x400014fa:0x3ffbb560 0x401b9f47:0x3ffbb570 0x401bb5f1:0x3ffbb890 0x401c9d39:0x3ffbb8c0 0x4009723d:0x3ffbb8f0 0x400d8545:0x3ffbb940 0x400d864f:0x3ffbbc10 0x401c9403:0x3ffbbc50 0x400941b1:0x3ffbbc80




ELF file SHA256: 24529b70feb13421

Rebooting...
ets Jul 29 2019 12:21:46

rst:0xc (SW_CPU_RESET),boot:0x13 (SPI_FAST_FLASH_BOOT)
configsip: 0, SPIWP:0xee
clk_drv:0x00,q_drv:0x00,d_drv:0x00,cs0_drv:0x00,hd_drv:0x00,wp_drv:0x00
mode:DIO, clock div:2
load:0x3fff0030,len:7084
ho 0 tail 12 room 4
load:0x40078000,len:15584
load:0x40080400,len:4
load:0x40080404,len:3876
entry 0x4008064c
[0;32mI (31) boot: ESP-IDF v5.1.1-dirty 2nd stage bootloader[0m
[0;32mI (31) boot: compile time Oct 14 2025 11:40:32[0m
[0;32mI (31) boot: Multicore bootloader[0m
[0;32mI (36) boot: chip revision: v3.1[0m
[0;32mI (40) boot.esp32: SPI Speed      : 40MHz[0m
[0;32mI (44) boot.esp32: SPI Mode       : DIO[0m
[0;32mI (49) boot.esp32: SPI Flash Size : 4MB[0m
[0;32mI (53) boot: Enabling RNG early entropy source...[0m
[0;32mI (59) boot: Partition Table:[0m
[0;32mI (62) boot: ## Label            Usage          Type ST Offset   Length[0m
[0;32mI (70) boot:  0 nvs              WiFi data        01 02 00009000 00006000[0m
[0;32mI (77) boot:  1 phy_init         RF data          01 01 0000f000 00001000[0m
[0;32mI (85) boot:  2 factory          factory app      00 00 00010000 00200000[0m
[0;32mI (92) boot: End of partition table[0m
[0;32mI (96) esp_image: segment 0: paddr=00010020 vaddr=3f400020 size=76eb0h (487088) map[0m
[0;32mI (281) esp_image: segment 1: paddr=00086ed8 vaddr=3ffbdb60 size=05468h ( 21608) load[0m
[0;32mI (289) esp_image: segment 2: paddr=0008c348 vaddr=40080000 size=03cd0h ( 15568) load[0m
[0;32mI (296) esp_image: segment 3: paddr=00090020 vaddr=400d0020 size=fb23ch (1028668) map[0m
[0;32mI (668) esp_image: segment 4: paddr=0018b264 vaddr=40083cd0 size=1ac5ch (109660) load[0m
[0;32mI (730) boot: Loaded app from partition at offset 0x10000[0m
[0;32mI (730) boot: Disabling RNG early entropy source...[0m
[0;32mI (741) cpu_start: Multicore app[0m
[0;32mI (742) cpu_start: Pro cpu up.[0m
[0;32mI (742) cpu_start: Starting app cpu, entry point is 0x40081408[0m
[0;32mI (731) cpu_start: App cpu up.[0m
[0;32mI (762) cpu_start: Pro cpu start user code[0m
[0;32mI (762) cpu_start: cpu freq: 160000000 Hz[0m
[0;32mI (762) cpu_start: Application information:[0m
[0;32mI (767) cpu_start: Project name:     main[0m
[0;32mI (771) cpu_start: App version:      1[0m
[0;32mI (776) cpu_start: Compile time:     Oct 14 2025 11:40:01[0m
[0;32mI (782) cpu_start: ELF file SHA256:  24529b70feb13421...[0m
[0;32mI (788) cpu_start: ESP-IDF:          v5.1.1-dirty[0m
[0;32mI (793) cpu_start: Min chip rev:     v0.0[0m
[0;32mI (798) cpu_start: Max chip rev:     v3.99 [0m
[0;32mI (803) cpu_start: Chip rev:         v3.1[0m
[0;32mI (808) heap_init: Initializing. RAM available for dynamic allocation:[0m
[0;32mI (815) heap_init: At 3FFAFF10 len 000000F0 (0 KiB): DRAM[0m
[0;32mI (821) heap_init: At 3FFB6388 len 00001C78 (7 KiB): DRAM[0m
[0;32mI (827) heap_init: At 3FFB9A20 len 00004108 (16 KiB): DRAM[0m
[0;32mI (833) heap_init: At 3FFCB890 len 00014770 (81 KiB): DRAM[0m
[0;32mI (839) heap_init: At 3FFE0440 len 00003AE0 (14 KiB): D/IRAM[0m
[0;32mI (845) heap_init: At 3FFE4350 len 0001BCB0 (111 KiB): D/IRAM[0m
[0;32mI (852) heap_init: At 4009E92C len 000016D4 (5 KiB): IRAM[0m
[0;32mI (860) spi_flash: detected chip: generic[0m
[0;32mI (863) spi_flash: flash io: dio[0m
[0;32mI (867) coexist: coex firmware version: 80b0d89[0m
[0;32mI (873) app_start: Starting scheduler on CPU0[0m
[0;32[0;32mI (877) app_start: Starting scheduler on CPU1[0m
mI (877) main_task: Started on CPU0[0m
[0;32mI (887) main_task: Calling app_main()[0m
[0;32mI (937) APP: Web server handler task started[0m
[0;32mI (937) NVS_HANDLE: Open nvs flash: 0[0m
[0;32mI (937) NVS_HANDLE: Open nvs flash: 0[0m
[0;32mI (937) NVS_HANDLE: Open nvs flash: 0[0m
I (957) wifi:wifi driver task: 3ffd1a7c, prio:23, stack:6656, core=0
I (977) wifi:wifi firmware version: ce9244d
I (977) wifi:wifi certification version: v7.0
I (977) wifi:config NVS flash: enabled
I (977) wifi:config nano formating: disabled
I (987) wifi:Init data frame dynamic rx buffer num: 32
I (987) wifi:Init management frame dynamic rx buffer num: 32
I (997) wifi:Init management short buffer num: 32
I (997) wifi:Init dynamic tx buffer num: 32
I (1007) wifi:Init static rx buffer size: 1600
I (1007) wifi:Init static rx buffer num: 10
I (1007) wifi:Init dynamic rx buffer num: 32
[0;32mI (1017) wifi_init: rx ba win: 6[0m
[0;32mI (1017) wifi_init: tcpip mbox: 32[0m
[0;32mI (1017) wifi_init: udp mbox: 6[0m
[0;32mI (1027) wifi_init: tcp mbox: 6[0m
[0;32mI (1027) wifi_init: tcp tx win: 5744[0m
[0;32mI (1037) wifi_init: tcp rx win: 5744[0m
[0;32mI (1037) wifi_init: tcp mss: 1440[0m
[0;32mI (1047) wifi_init: WiFi IRAM OP enabled[0m
[0;32mI (1047) wifi_init: WiFi RX IRAM OP enabled[0m
[0;32mI (1047) WIFI STATION: wifi_init_sta finished, ssid:laptop, pass:12345678. ssid len:6, pass len:8[0m
[0;32mI (1067) phy_init: phy_version 4670,719f9f6,Feb 18 2021,17:07:07[0m
I (1177) wifi:mode : sta (24:dc:c3:a6:d0:28)
I (1177) wifi:enable tsf
[0;32mI (1187) APP: Read data from nvs flash: laptop 12345678 0[0m
[0;32mI (1187) WIFI STA: start connect to access point[0m
I (3597) wifi:new:<2,1>, old:<1,0>, ap:<255,255>, sta:<2,1>, prof:2
I (3597) wifi:state: init -> auth (b0)
I (4597) wifi:state: auth -> init (200)
I (4607) wifi:new:<2,0>, old:<2,1>, ap:<255,255>, sta:<2,1>, prof:2
[0;32mI (4607) WIFI STATION: retry to connect to the AP[0m
[0;32mI (4607) WIFI STATION: connect to the AP fail[0m
[0;32mI (7017) WIFI STATION: retry to connect to the AP[0m
[0;32mI (7017) WIFI STATION: connect to the AP fail[0m
I (9427) wifi:new:<2,1>, old:<2,0>, ap:<255,255>, sta:<2,1>, prof:2
I (9437) wifi:state: init -> auth (b0)
I (10437) wifi:state: auth -> init (200)
I (10437) wifi:new:<2,0>, old:<2,1>, ap:<255,255>, sta:<2,1>, prof:2
[0;32mI (10437) WIFI STATION: retry to connect to the AP[0m
[0;32mI (10437) WIFI STATION: connect to the AP fail[0m
[0;32mI (12857) WIFI STATION: retry to connect to the AP[0m
[0;32mI (12857) WIFI STATION: connect to the AP fail[0m
I (15267) wifi:new:<2,1>, old:<2,0>, ap:<255,255>, sta:<2,1>, prof:2
I (15267) wifi:state: init -> auth (b0)
I (15277) wifi:state: auth -> assoc (0)
I (15287) wifi:state: assoc -> run (10)
I (15897) wifi:connected with laptop, aid = 15, channel 2, 40U, bssid = 16:13:33:02:85:b3
I (15897) wifi:security: WPA2-PSK, phy: bgn, rssi: -42
I (15907) wifi:pm start, type: 1

I (15937) wifi:<ba-add>idx:0 (ifx:0, 16:13:33:02:85:b3), tid:0, ssn:4, winSize:64
I (15967) wifi:AP's beacon interval = 102400 us, DTIM period = 1
[0;32mI (16907) esp_netif_handlers: sta ip: 192.168.137.216, mask: 255.255.255.0, gw: 192.168.137.1[0m
[0;32mI (16907) WIFI STATION: got ip:192.168.137.1[0m
[0;32mI (16907) APP: Connect to AP successful[0m
[0;32mI (16917) APP: connection state: 1[0m
[0;32mI (16917) BTDM_INIT: BT controller compile version [946b762][0m
[0;32mI (16927) BTDM_INIT: Bluetooth MAC: 24:dc:c3:a6:d0:2a[0m
[0;32mI (17247) GATTC_MULTI: Registered gattc_if=3, start scan[0m
[0;32mI (17257) APP: Init SNTP...[0m
[0;32mI (17257) GATTC_MULTI: Scan params set -> start scanning[0m
[0;32mI (17257) APP: Time synced: Thu Oct 16 13:56:08 2025
[0m
[0;32mI (17267) APP: HTTP PUT https://htn-iot-8e223-default-rtdb.asia-southeast1.firebasedatabase.app/sensor/data/ESP32_ABC123.json?auth=ok7JtCJv8A9JTdhfsNUZwkG8GyvOO1pkY5PAgn5e[0m
[0;32mI (17787) esp-x509-crt-bundle: Certificate validated[0m
[0;32mI (18937) APP: PUT status=200, resp={"CO2":800,"Humi":60,"Mode":1,"State":1,"Temp":25.5}[0m
[0;32mI (18947) APP: HTTP GET https://htn-iot-8e223-default-rtdb.asia-southeast1.firebasedatabase.app/sensor/data/ESP32_ABC123.json?auth=ok7JtCJv8A9JTdhfsNUZwkG8GyvOO1pkY5PAgn5e[0m
[0;32mI (19957) esp-x509-crt-bundle: Certificate validated[0m
[0;32mI (21017) APP: GET status=200[0m
[0;32mI (21017) APP: GET body={"CO2":800,"Humi":60,"Mode":1,"State":1,"Temp":25.5}[0m
[0;32mI (21017) APP: mode=1[0m
Guru Meditation Error: Core  0 panic'ed (LoadProhibited). Exception was unhandled.

Core  0 register dump:
PC      : 0x400014fd  PS      : 0x00060530  A0      : 0x801b9f4a  A1      : 0x3ffbb560  
A2      : 0x00000000  A3      : 0xfffffffc  A4      : 0x000000ff  A5      : 0x0000ff00  
A6      : 0x00ff0000  A7      : 0xff000000  A8      : 0x00000000  A9      : 0x00000000  
A10     : 0x00000000  A11     : 0x00000003  A12     : 0x3ffbb7a4  A13     : 0x00000000  
A14     : 0x3ffbb774  A15     : 0x00000001  SAR     : 0x00000004  EXCCAUSE: 0x0000001c  
EXCVADDR: 0x00000000  LBEG    : 0x400014fd  LEND    : 0x4000150d  LCOUNT  : 0xffffffff  


Backtrace: 0x400014fa:0x3ffbb560 0x401b9f47:0x3ffbb570 0x401bb5f1:0x3ffbb890 0x401c9d39:0x3ffbb8c0 0x4009723d:0x3ffbb8f0 0x400d8545:0x3ffbb940 0x400d864f:0x3ffbbc10 0x401c9403:0x3ffbbc50 0x400941b1:0x3ffbbc80




ELF file SHA256: 24529b70feb13421

Rebooting...
ets Jul 29 2019 12:21:46

rst:0xc (SW_CPU_RESET),boot:0x13 (SPI_FAST_FLASH_BOOT)
configsip: 0, SPIWP:0xee
clk_drv:0x00,q_drv:0x00,d_drv:0x00,cs0_drv:0x00,hd_drv:0x00,wp_drv:0x00
mode:DIO, clock div:2
load:0x3fff0030,len:7084
ho 0 tail 12 room 4
load:0x40078000,len:15584
load:0x40080400,len:4
load:0x40080404,len:3876
entry 0x4008064c
[0;32mI (31) boot: ESP-IDF v5.1.1-dirty 2nd stage bootloader[0m
[0;32mI (31) boot: compile time Oct 14 2025 11:40:32[0m
[0;32mI (31) boot: Multicore bootloader[0m
[0;32mI (36) boot: chip revision: v3.1[0m
[0;32mI (40) boot.esp32: SPI Speed      : 40MHz[0m
[0;32mI (44) boot.esp32: SPI Mode       : DIO[0m
[0;32mI (49) boot.esp32: SPI Flash Size : 4MB[0m
[0;32mI (53) boot: Enabling RNG early entropy source...[0m
[0;32mI (59) boot: Partition Table:[0m
[0;32mI (62) boot: ## Label            Usage          Type ST Offset   Length[0m
[0;32mI (70) boot:  0 nvs              WiFi data        01 02 00009000 00006000[0m
[0;32mI (77) boot:  1 phy_init         RF data          01 01 0000f000 00001000[0m
[0;32mI (85) boot:  2 factory          factory app      00 00 00010000 00200000[0m
[0;32mI (92) boot: End of partition table[0m
[0;32mI (96) esp_image: segment 0: paddr=00010020 vaddr=3f400020 size=76eb0h (487088) map[0m
[0;32mI (281) esp_image: segment 1: paddr=00086ed8 vaddr=3ffbdb60 size=05468h ( 21608) load[0m
[0;32mI (289) esp_image: segment 2: paddr=0008c348 vaddr=40080000 size=03cd0h ( 15568) load[0m
[0;32mI (296) esp_image: segment 3: paddr=00090020 vaddr=400d0020 size=fb23ch (1028668) map[0m
[0;32mI (668) esp_image: segment 4: paddr=0018b264 vaddr=40083cd0 size=1ac5ch (109660) load[0m
[0;32mI (730) boot: Loaded app from partition at offset 0x10000[0m
[0;32mI (730) boot: Disabling RNG early entropy source...[0m
[0;32mI (741) cpu_start: Multicore app[0m
[0;32mI (742) cpu_start: Pro cpu up.[0m
[0;32mI (742) cpu_start: Starting app cpu, entry point is 0x40081408[0m
[0;32mI (731) cpu_start: App cpu up.[0m
[0;32mI (762) cpu_start: Pro cpu start user code[0m
[0;32mI (762) cpu_start: cpu freq: 160000000 Hz[0m
[0;32mI (762) cpu_start: Application information:[0m
[0;32mI (767) cpu_start: Project name:     main[0m
[0;32mI (771) cpu_start: App version:      1[0m
[0;32mI (776) cpu_start: Compile time:     Oct 14 2025 11:40:01[0m
[0;32mI (782) cpu_start: ELF file SHA256:  24529b70feb13421...[0m
[0;32mI (788) cpu_start: ESP-IDF:          v5.1.1-dirty[0m
[0;32mI (793) cpu_start: Min chip rev:     v0.0[0m
[0;32mI (798) cpu_start: Max chip rev:     v3.99 [0m
[0;32mI (803) cpu_start: Chip rev:         v3.1[0m
[0;32mI (808) heap_init: Initializing. RAM available for dynamic allocation:[0m
[0;32mI (815) heap_init: At 3FFAFF10 len 000000F0 (0 KiB): DRAM[0m
[0;32mI (821) heap_init: At 3FFB6388 len 00001C78 (7 KiB): DRAM[0m
[0;32mI (827) heap_init: At 3FFB9A20 len 00004108 (16 KiB): DRAM[0m
[0;32mI (833) heap_init: At 3FFCB890 len 00014770 (81 KiB): DRAM[0m
[0;32mI (839) heap_init: At 3FFE0440 len 00003AE0 (14 KiB): D/IRAM[0m
[0;32mI (845) heap_init: At 3FFE4350 len 0001BCB0 (111 KiB): D/IRAM[0m
[0;32mI (852) heap_init: At 4009E92C len 000016D4 (5 KiB): IRAM[0m
[0;32mI (860) spi_flash: detected chip: generic[0m
[0;32mI (863) spi_flash: flash io: dio[0m
[0;32mI (867) coexist: coex firmware version: 80b0d89[0m
[0;32mI (873) app_start: Starting scheduler on CPU0[0m
[0;32[0;32mI (877) app_start: Starting scheduler on CPU1[0m
mI (877) main_task: Started on CPU0[0m
[0;32mI (887) main_task: Calling app_main()[0m
[0;32mI (937) APP: Web server handler task started[0m
[0;32mI (937) NVS_HANDLE: Open nvs flash: 0[0m
[0;32mI (937) NVS_HANDLE: Open nvs flash: 0[0m
[0;32mI (937) NVS_HANDLE: Open nvs flash: 0[0m
I (957) wifi:wifi driver task: 3ffd1a7c, prio:23, stack:6656, core=0
I (977) wifi:wifi firmware version: ce9244d
I (977) wifi:wifi certification version: v7.0
I (977) wifi:config NVS flash: enabled
I (977) wifi:config nano formating: disabled
I (987) wifi:Init data frame dynamic rx buffer num: 32
I (987) wifi:Init management frame dynamic rx buffer num: 32
I (997) wifi:Init management short buffer num: 32
I (997) wifi:Init dynamic tx buffer num: 32
I (1007) wifi:Init static rx buffer size: 1600
I (1007) wifi:Init static rx buffer num: 10
I (1007) wifi:Init dynamic rx buffer num: 32
[0;32mI (1017) wifi_init: rx ba win: 6[0m
[0;32mI (1017) wifi_init: tcpip mbox: 32[0m
[0;32mI (1027) wifi_init: udp mbox: 6[0m
[0;32mI (1027) wifi_init: tcp mbox: 6[0m
[0;32mI (1027) wifi_init: tcp tx win: 5744[0m
[0;32mI (1037) wifi_init: tcp rx win: 5744[0m
[0;32mI (1037) wifi_init: tcp mss: 1440[0m
[0;32mI (1047) wifi_init: WiFi IRAM OP enabled[0m
[0;32mI (1047) wifi_init: WiFi RX IRAM OP enabled[0m
[0;32mI (1047) WIFI STATION: wifi_init_sta finished, ssid:laptop, pass:12345678. ssid len:6, pass len:8[0m
[0;32mI (1067) phy_init: phy_version 4670,719f9f6,Feb 18 2021,17:07:07[0m
I (1177) wifi:mode : sta (24:dc:c3:a6:d0:28)
I (1177) wifi:enable tsf
[0;32mI (1177) APP: Read data from nvs flash: laptop 12345678 0[0m
[0;32mI (1187) WIFI STA: start connect to access point[0m
I (3597) wifi:new:<2,1>, old:<1,0>, ap:<255,255>, sta:<2,1>, prof:2
I (3597) wifi:state: init -> auth (b0)
I (4597) wifi:state: auth -> init (200)
I (4597) wifi:new:<2,0>, old:<2,1>, ap:<255,255>, sta:<2,1>, prof:2
[0;32mI (4607) WIFI STATION: retry to connect to the AP[0m
[0;32mI (4607) WIFI STATION: connect to the AP fail[0m
[0;32mI (7017) WIFI STATION: retry to connect to the AP[0m
[0;32mI (7017) WIFI STATION: connect to the AP fail[0m
I (9427) wifi:new:<2,1>, old:<2,0>, ap:<255,255>, sta:<2,1>, prof:2
I (9437) wifi:state: init -> auth (b0)
I (10437) wifi:state: auth -> init (200)
I (10437) wifi:new:<2,0>, old:<2,1>, ap:<255,255>, sta:<2,1>, prof:2
[0;32mI (10437) WIFI STATION: retry to connect to the AP[0m
[0;32mI (10437) WIFI STATION: connect to the AP fail[0m
[0;32mI (12857) WIFI STATION: retry to connect to the AP[0m
[0;32mI (12857) WIFI STATION: connect to the AP fail[0m
I (15267) wifi:new:<2,1>, old:<2,0>, ap:<255,255>, sta:<2,1>, prof:2
I (15267) wifi:state: init -> auth (b0)
I (15277) wifi:state: auth -> assoc (0)
I (15287) wifi:state: assoc -> run (10)
I (15797) wifi:connected with laptop, aid = 16, channel 2, 40U, bssid = 16:13:33:02:85:b3
I (15807) wifi:security: WPA2-PSK, phy: bgn, rssi: -42
I (15807) wifi:pm start, type: 1

I (15827) wifi:<ba-add>idx:0 (ifx:0, 16:13:33:02:85:b3), tid:0, ssn:4, winSize:64
I (15837) wifi:AP's beacon interval = 102400 us, DTIM period = 1
[0;32mI (16817) esp_netif_handlers: sta ip: 192.168.137.216, mask: 255.255.255.0, gw: 192.168.137.1[0m
[0;32mI (16817) WIFI STATION: got ip:192.168.137.1[0m
[0;32mI (16817) APP: Connect to AP successful[0m
[0;32mI (16827) APP: connection state: 1[0m
[0;32mI (16827) BTDM_INIT: BT controller compile version [946b762][0m
[0;32mI (16837) BTDM_INIT: Bluetooth MAC: 24:dc:c3:a6:d0:2a[0m
[0;32mI (17157) GATTC_MULTI: Registered gattc_if=3, start scan[0m
[0;32mI (17167) APP: Init SNTP...[0m
[0;32mI (17167) GATTC_MULTI: Scan params set -> start scanning[0m
[0;32mI (17187) APP: Time synced: Thu Oct 16 13:56:29 2025
[0m
[0;32mI (17197) APP: HTTP PUT https://htn-iot-8e223-default-rtdb.asia-southeast1.firebasedatabase.app/sensor/data/ESP32_ABC123.json?auth=ok7JtCJv8A9JTdhfsNUZwkG8GyvOO1pkY5PAgn5e[0m
[0;32mI (17677) esp-x509-crt-bundle: Certificate validated[0m
[0;32mI (20347) APP: PUT status=200, resp={"CO2":800,"Humi":60,"Mode":1,"State":1,"Temp":25.5}[0m
[0;32mI (20357) APP: HTTP GET https://htn-iot-8e223-default-rtdb.asia-southeast1.firebasedatabase.app/sensor/data/ESP32_ABC123.json?auth=ok7JtCJv8A9JTdhfsNUZwkG8GyvOO1pkY5PAgn5e[0m
[0;32mI (20837) esp-x509-crt-bundle: Certificate validated[0m
[0;32mI (21787) APP: GET status=200[0m
[0;32mI (21787) APP: GET body={"CO2":800,"Humi":60,"Mode":1,"State":1,"Temp":25.5}[0m
[0;32mI (21787) APP: mode=1[0m
Guru Meditation Error: Core  0 panic'ed (LoadProhibited). Exception was unhandled.

Core  0 register dump:
PC      : 0x400014fd  PS      : 0x00060930  A0      : 0x801b9f4a  A1      : 0x3ffbb560  
A2      : 0x00000000  A3      : 0xfffffffc  A4      : 0x000000ff  A5      : 0x0000ff00  
A6      : 0x00ff0000  A7      : 0xff000000  A8      : 0x00000000  A9      : 0x00000000  
A10     : 0x00000000  A11     : 0x00000003  A12     : 0x3ffbb7a4  A13     : 0x00000000  
A14     : 0x3ffbb774  A15     : 0x00000001  SAR     : 0x00000004  EXCCAUSE: 0x0000001c  
EXCVADDR: 0x00000000  LBEG    : 0x400014fd  LEND    : 0x4000150d  LCOUNT  : 0xffffffff  


Backtrace: 0x400014fa:0x3ffbb560 0x401b9f47:0x3ffbb570 0x401bb5f1:0x3ffbb890 0x401c9d39:0x3ffbb8c0 0x4009723d:0x3ffbb8f0 0x400d8545:0x3ffbb940 0x400d864f:0x3ffbbc10 0x401c9403:0x3ffbbc50 0x400941b1:0x3ffbbc80




ELF file SHA256: 24529b70feb13421

Rebooting...
ets Jul 29 2019 12:21:46

rst:0xc (SW_CPU_RESET),boot:0x13 (SPI_FAST_FLASH_BOOT)
configsip: 0, SPIWP:0xee
clk_drv:0x00,q_drv:0x00,d_drv:0x00,cs0_drv:0x00,hd_drv:0x00,wp_drv:0x00
mode:DIO, clock div:2
load:0x3fff0030,len:7084
ho 0 tail 12 room 4
load:0x40078000,len:15584
load:0x40080400,len:4
load:0x40080404,len:3876
entry 0x4008064c
[0;32mI (31) boot: ESP-IDF v5.1.1-dirty 2nd stage bootloader[0m
[0;32mI (31) boot: compile time Oct 14 2025 11:40:32[0m
[0;32mI (31) boot: Multicore bootloader[0m
[0;32mI (36) boot: chip revision: v3.1[0m
[0;32mI (40) boot.esp32: SPI Speed      : 40MHz[0m
[0;32mI (44) boot.esp32: SPI Mode       : DIO[0m
[0;32mI (49) boot.esp32: SPI Flash Size : 4MB[0m
[0;32mI (53) boot: Enabling RNG early entropy source...[0m
[0;32mI (59) boot: Partition Table:[0m
[0;32mI (62) boot: ## Label            Usage          Type ST Offset   Length[0m
[0;32mI (70) boot:  0 nvs              WiFi data        01 02 00009000 00006000[0m
[0;32mI (77) boot:  1 phy_init         RF data          01 01 0000f000 00001000[0m
[0;32mI (85) boot:  2 factory          factory app      00 00 00010000 00200000[0m
[0;32mI (92) boot: End of partition table[0m
[0;32mI (96) esp_image: segment 0: paddr=00010020 vaddr=3f400020 size=76eb0h (487088) map[0m
[0;32mI (281) esp_image: segment 1: paddr=00086ed8 vaddr=3ffbdb60 size=05468h ( 21608) load[0m
[0;32mI (289) esp_image: segment 2: paddr=0008c348 vaddr=40080000 size=03cd0h ( 15568) load[0m
[0;32mI (296) esp_image: segment 3: paddr=00090020 vaddr=400d0020 size=fb23ch (1028668) map[0m
[0;32mI (668) esp_image: segment 4: paddr=0018b264 vaddr=40083cd0 size=1ac5ch (109660) load[0m
[0;32mI (730) boot: Loaded app from partition at offset 0x10000[0m
[0;32mI (730) boot: Disabling RNG early entropy source...[0m
[0;32mI (741) cpu_start: Multicore app[0m
[0;32mI (742) cpu_start: Pro cpu up.[0m
[0;32mI (742) cpu_start: Starting app cpu, entry point is 0x40081408[0m
[0;32mI (731) cpu_start: App cpu up.[0m
[0;32mI (762) cpu_start: Pro cpu start user code[0m
[0;32mI (762) cpu_start: cpu freq: 160000000 Hz[0m
[0;32mI (762) cpu_start: Application information:[0m
[0;32mI (767) cpu_start: Project name:     main[0m
[0;32mI (771) cpu_start: App version:      1[0m
[0;32mI (776) cpu_start: Compile time:     Oct 14 2025 11:40:01[0m
[0;32mI (782) cpu_start: ELF file SHA256:  24529b70feb13421...[0m
[0;32mI (788) cpu_start: ESP-IDF:          v5.1.1-dirty[0m
[0;32mI (793) cpu_start: Min chip rev:     v0.0[0m
[0;32mI (798) cpu_start: Max chip rev:     v3.99 [0m
[0;32mI (803) cpu_start: Chip rev:         v3.1[0m
[0;32mI (808) heap_init: Initializing. RAM available for dynamic allocation:[0m
[0;32mI (815) heap_init: At 3FFAFF10 len 000000F0 (0 KiB): DRAM[0m
[0;32mI (821) heap_init: At 3FFB6388 len 00001C78 (7 KiB): DRAM[0m
[0;32mI (827) heap_init: At 3FFB9A20 len 00004108 (16 KiB): DRAM[0m
[0;32mI (833) heap_init: At 3FFCB890 len 00014770 (81 KiB): DRAM[0m
[0;32mI (839) heap_init: At 3FFE0440 len 00003AE0 (14 KiB): D/IRAM[0m
[0;32mI (845) heap_init: At 3FFE4350 len 0001BCB0 (111 KiB): D/IRAM[0m
[0;32mI (852) heap_init: At 4009E92C len 000016D4 (5 KiB): IRAM[0m
[0;32mI (860) spi_flash: detected chip: generic[0m
[0;32mI (863) spi_flash: flash io: dio[0m
[0;32mI (867) coexist: coex firmware version: 80b0d89[0m
[0;32mI (873) app_start: Starting scheduler on CPU0[0m
[0;32[0;32mI (877) app_start: Starting scheduler on CPU1[0m
mI (877) main_task: Started on CPU0[0m
[0;32mI (887) main_task: Calling app_main()[0m
[0;32mI (937) APP: Web server handler task started[0m
[0;32mI (937) NVS_HANDLE: Open nvs flash: 0[0m
[0;32mI (937) NVS_HANDLE: Open nvs flash: 0[0m
[0;32mI (937) NVS_HANDLE: Open nvs flash: 0[0m
I (957) wifi:wifi driver task: 3ffd1a7c, prio:23, stack:6656, core=0
I (977) wifi:wifi firmware version: ce9244d
I (977) wifi:wifi certification version: v7.0
I (977) wifi:config NVS flash: enabled
I (977) wifi:config nano formating: disabled
I (987) wifi:Init data frame dynamic rx buffer num: 32
I (987) wifi:Init management frame dynamic rx buffer num: 32
I (997) wifi:Init management short buffer num: 32
I (997) wifi:Init dynamic tx buffer num: 32
I (1007) wifi:Init static rx buffer size: 1600
I (1007) wifi:Init static rx buffer num: 10
I (1007) wifi:Init dynamic rx buffer num: 32
[0;32mI (1017) wifi_init: rx ba win: 6[0m
[0;32mI (1017) wifi_init: tcpip mbox: 32[0m
[0;32mI (1027) wifi_init: udp mbox: 6[0m
[0;32mI (1027) wifi_init: tcp mbox: 6[0m
[0;32mI (1027) wifi_init: tcp tx win: 5744[0m
[0;32mI (1037) wifi_init: tcp rx win: 5744[0m
[0;32mI (1037) wifi_init: tcp mss: 1440[0m
[0;32mI (1047) wifi_init: WiFi IRAM OP enabled[0m
[0;32mI (1047) wifi_init: WiFi RX IRAM OP enabled[0m
[0;32mI (1047) WIFI STATION: wifi_init_sta finished, ssid:laptop, pass:12345678. ssid len:6, pass len:8[0m
[0;32mI (1067) phy_init: phy_version 4670,719f9f6,Feb 18 2021,17:07:07[0m
I (1177) wifi:mode : sta (24:dc:c3:a6:d0:28)
I (1177) wifi:enable tsf
[0;32mI (1177) APP: Read data from nvs flash: laptop 12345678 0[0m
[0;32mI (1187) WIFI STA: start connect to access point[0m
I (3597) wifi:new:<2,1>, old:<1,0>, ap:<255,255>, sta:<2,1>, prof:2
I (3597) wifi:state: init -> auth (b0)
I (4597) wifi:state: auth -> init (200)
I (4607) wifi:new:<2,0>, old:<2,1>, ap:<255,255>, sta:<2,1>, prof:2
[0;32mI (4607) WIFI STATION: retry to connect to the AP[0m
[0;32mI (4607) WIFI STATION: connect to the AP fail[0m
[0;32mI (7017) WIFI STATION: retry to connect to the AP[0m
[0;32mI (7017) WIFI STATION: connect to the AP fail[0m
I (9427) wifi:new:<2,1>, old:<2,0>, ap:<255,255>, sta:<2,1>, prof:2
I (9437) wifi:state: init -> auth (b0)
I (9447) wifi:state: auth -> assoc (0)
I (9457) wifi:state: assoc -> run (10)
I (9977) wifi:connected with laptop, aid = 17, channel 2, 40U, bssid = 16:13:33:02:85:b3
I (9977) wifi:security: WPA2-PSK, phy: bgn, rssi: -67
I (9987) wifi:pm start, type: 1

I (10007) wifi:<ba-add>idx:0 (ifx:0, 16:13:33:02:85:b3), tid:0, ssn:4, winSize:64
I (10027) wifi:AP's beacon interval = 102400 us, DTIM period = 1
[0;32mI (10987) esp_netif_handlers: sta ip: 192.168.137.216, mask: 255.255.255.0, gw: 192.168.137.1[0m
[0;32mI (10987) WIFI STATION: got ip:192.168.137.1[0m
[0;32mI (10987) APP: Connect to AP successful[0m
[0;32mI (10987) APP: connection state: 1[0m
[0;32mI (10997) BTDM_INIT: BT controller compile version [946b762][0m
[0;32mI (11007) BTDM_INIT: Bluetooth MAC: 24:dc:c3:a6:d0:2a[0m
[0;32mI (11327) GATTC_MULTI: Registered gattc_if=3, start scan[0m
[0;32mI (11337) APP: Init SNTP...[0m
[0;32mI (11337) GATTC_MULTI: Scan params set -> start scanning[0m
[0;32mI (11347) APP: Time synced: Thu Oct 16 13:56:45 2025
[0m
[0;32mI (11347) APP: HTTP PUT https://htn-iot-8e223-default-rtdb.asia-southeast1.firebasedatabase.app/sensor/data/ESP32_ABC123.json?auth=ok7JtCJv8A9JTdhfsNUZwkG8GyvOO1pkY5PAgn5e[0m
[0;32mI (11757) esp-x509-crt-bundle: Certificate validated[0m
[0;32mI (12797) APP: PUT status=200, resp={"CO2":800,"Humi":60,"Mode":1,"State":1,"Temp":25.5}[0m
[0;32mI (12807) APP: HTTP GET https://htn-iot-8e223-default-rtdb.asia-southeast1.firebasedatabase.app/sensor/data/ESP32_ABC123.json?auth=ok7JtCJv8A9JTdhfsNUZwkG8GyvOO1pkY5PAgn5e[0m
[0;32mI (13217) esp-x509-crt-bundle: Certificate validated[0m
[0;32mI (14337) APP: GET status=200[0m
[0;32mI (14347) APP: GET body={"CO2":800,"Humi":60,"Mode":1,"State":1,"Temp":25.5}[0m
[0;32mI (14347) APP: mode=1[0m
Guru Meditation Error: Core  0 panic'ed (LoadProhibited). Exception was unhandled.

Core  0 register dump:
PC      : 0x400014fd  PS      : 0x00060330  A0      : 0x801b9f4a  A1      : 0x3ffbb560  
A2      : 0x00000000  A3      : 0xfffffffc  A4      : 0x000000ff  A5      : 0x0000ff00  
A6      : 0x00ff0000  A7      : 0xff000000  A8      : 0x00000000  A9      : 0x00000000  
A10     : 0x00000000  A11     : 0x00000003  A12     : 0x3ffbb7a4  A13     : 0x00000000  
A14     : 0x3ffbb774  A15     : 0x00000001  SAR     : 0x00000004  EXCCAUSE: 0x0000001c  
EXCVADDR: 0x00000000  LBEG    : 0x400014fd  LEND    : 0x4000150d  LCOUNT  : 0xffffffff  


Backtrace: 0x400014fa:0x3ffbb560 0x401b9f47:0x3ffbb570 0x401bb5f1:0x3ffbb890 0x401c9d39:0x3ffbb8c0 0x4009723d:0x3ffbb8f0 0x400d8545:0x3ffbb940 0x400d864f:0x3ffbbc10 0x401c9403:0x3ffbbc50 0x400941b1:0x3ffbbc80




ELF file SHA256: 24529b70feb13421

Rebooting...
ets Jul 29 2019 12:21:46

rst:0xc (SW_CPU_RESET),boot:0x13 (SPI_FAST_FLASH_BOOT)
configsip: 0, SPIWP:0xee
clk_drv:0x00,q_drv:0x00,d_drv:0x00,cs0_drv:0x00,hd_drv:0x00,wp_drv:0x00
mode:DIO, clock div:2
load:0x3fff0030,len:7084
ho 0 tail 12 room 4
load:0x40078000,len:15584
load:0x40080400,len:4
load:0x40080404,len:3876
entry 0x4008064c
[0;32mI (31) boot: ESP-IDF v5.1.1-dirty 2nd stage bootloader[0m
[0;32mI (31) boot: compile time Oct 14 2025 11:40:32[0m
[0;32mI (31) boot: Multicore bootloader[0m
[0;32mI (36) boot: chip revision: v3.1[0m
[0;32mI (40) boot.esp32: SPI Speed      : 40MHz[0m
[0;32mI (44) boot.esp32: SPI Mode       : DIO[0m
[0;32mI (49) boot.esp32: SPI Flash Size : 4MB[0m
[0;32mI (53) boot: Enabling RNG early entropy source...[0m
[0;32mI (59) boot: Partition Table:[0m
[0;32mI (62) boot: ## Label            Usage          Type ST Offset   Length[0m
[0;32mI (70) boot:  0 nvs              WiFi data        01 02 00009000 00006000[0m
[0;32mI (77) boot:  1 phy_init         RF data          01 01 0000f000 00001000[0m
[0;32mI (85) boot:  2 factory          factory app      00 00 00010000 00200000[0m
[0;32mI (92) boot: End of partition table[0m
[0;32mI (96) esp_image: segment 0: paddr=00010020 vaddr=3f400020 size=76eb0h (487088) map[0m
[0;32mI (281) esp_image: segment 1: paddr=00086ed8 vaddr=3ffbdb60 size=05468h ( 21608) load[0m
[0;32mI (289) esp_image: segment 2: paddr=0008c348 vaddr=40080000 size=03cd0h ( 15568) load[0m
[0;32mI (296) esp_image: segment 3: paddr=00090020 vaddr=400d0020 size=fb23ch (1028668) map[0m
[0;32mI (668) esp_image: segment 4: paddr=0018b264 vaddr=40083cd0 size=1ac5ch (109660) load[0m
[0;32mI (730) boot: Loaded app from partition at offset 0x10000[0m
[0;32mI (730) boot: Disabling RNG early entropy source...[0m
[0;32mI (741) cpu_start: Multicore app[0m
[0;32mI (742) cpu_start: Pro cpu up.[0m
[0;32mI (742) cpu_start: Starting app cpu, entry point is 0x40081408[0m
[0;32mI (731) cpu_start: App cpu up.[0m
[0;32mI (762) cpu_start: Pro cpu start user code[0m
[0;32mI (762) cpu_start: cpu freq: 160000000 Hz[0m
[0;32mI (762) cpu_start: Application information:[0m
[0;32mI (767) cpu_start: Project name:     main[0m
[0;32mI (771) cpu_start: App version:      1[0m
[0;32mI (776) cpu_start: Compile time:     Oct 14 2025 11:40:01[0m
[0;32mI (782) cpu_start: ELF file SHA256:  24529b70feb13421...[0m
[0;32mI (788) cpu_start: ESP-IDF:          v5.1.1-dirty[0m
[0;32mI (793) cpu_start: Min chip rev:     v0.0[0m
[0;32mI (798) cpu_start: Max chip rev:     v3.99 [0m
[0;32mI (803) cpu_start: Chip rev:         v3.1[0m
[0;32mI (808) heap_init: Initializing. RAM available for dynamic allocation:[0m
[0;32mI (815) heap_init: At 3FFAFF10 len 000000F0 (0 KiB): DRAM[0m
[0;32mI (821) heap_init: At 3FFB6388 len 00001C78 (7 KiB): DRAM[0m
[0;32mI (827) heap_init: At 3FFB9A20 len 00004108 (16 KiB): DRAM[0m
[0;32mI (833) heap_init: At 3FFCB890 len 00014770 (81 KiB): DRAM[0m
[0;32mI (839) heap_init: At 3FFE0440 len 00003AE0 (14 KiB): D/IRAM[0m
[0;32mI (845) heap_init: At 3FFE4350 len 0001BCB0 (111 KiB): D/IRAM[0m
[0;32mI (852) heap_init: At 4009E92C len 000016D4 (5 KiB): IRAM[0m
[0;32mI (860) spi_flash: detected chip: generic[0m
[0;32mI (863) spi_flash: flash io: dio[0m
[0;32mI (867) coexist: coex firmware version: 80b0d89[0m
[0;32mI (873) app_start: Starting scheduler on CPU0[0m
[0;32[0;32mI (877) app_start: Starting scheduler on CPU1[0m
mI (877) main_task: Started on CPU0[0m
[0;32mI (887) main_task: Calling app_main()[0m
[0;32mI (937) APP: Web server handler task started[0m
[0;32mI (937) NVS_HANDLE: Open nvs flash: 0[0m
[0;32mI (937) NVS_HANDLE: Open nvs flash: 0[0m
[0;32mI (937) NVS_HANDLE: Open nvs flash: 0[0m
I (957) wifi:wifi driver task: 3ffd1a7c, prio:23, stack:6656, core=0
I (977) wifi:wifi firmware version: ce9244d
I (977) wifi:wifi certification version: v7.0
I (977) wifi:config NVS flash: enabled
I (977) wifi:config nano formating: disabled
I (987) wifi:Init data frame dynamic rx buffer num: 32
I (987) wifi:Init management frame dynamic rx buffer num: 32
I (997) wifi:Init management short buffer num: 32
I (997) wifi:Init dynamic tx buffer num: 32
I (1007) wifi:Init static rx buffer size: 1600
I (1007) wifi:Init static rx buffer num: 10
I (1007) wifi:Init dynamic rx buffer num: 32
[0;32mI (1017) wifi_init: rx ba win: 6[0m
[0;32mI (1017) wifi_init: tcpip mbox: 32[0m
[0;32mI (1017) wifi_init: udp mbox: 6[0m
[0;32mI (1027) wifi_init: tcp mbox: 6[0m
[0;32mI (1027) wifi_init: tcp tx win: 5744[0m
[0;32mI (1037) wifi_init: tcp rx win: 5744[0m
[0;32mI (1037) wifi_init: tcp mss: 1440[0m
[0;32mI (1047) wifi_init: WiFi IRAM OP enabled[0m
[0;32mI (1047) wifi_init: WiFi RX IRAM OP enabled[0m
[0;32mI (1047) WIFI STATION: wifi_init_sta finished, ssid:laptop, pass:12345678. ssid len:6, pass len:8[0m
[0;32mI (1067) phy_init: phy_version 4670,719f9f6,Feb 18 2021,17:07:07[0m
I (1177) wifi:mode : sta (24:dc:c3:a6:d0:28)
I (1177) wifi:enable tsf
[0;32mI (1177) APP: Read data from nvs flash: laptop 12345678 0[0m
[0;32mI (1187) WIFI STA: start connect to access point[0m
I (3597) wifi:new:<2,1>, old:<1,0>, ap:<255,255>, sta:<2,1>, prof:2
I (3597) wifi:state: init -> auth (b0)
I (3607) wifi:state: auth -> assoc (0)
I (3617) wifi:state: assoc -> run (10)
I (4137) wifi:connected with laptop, aid = 10, channel 2, 40U, bssid = 16:13:33:02:85:b3
I (4137) wifi:security: WPA2-PSK, phy: bgn, rssi: -69
I (4137) wifi:pm start, type: 1

I (4167) wifi:<ba-add>idx:0 (ifx:0, 16:13:33:02:85:b3), tid:0, ssn:4, winSize:64
I (4187) wifi:AP's beacon interval = 102400 us, DTIM period = 1
[0;32mI (5147) esp_netif_handlers: sta ip: 192.168.137.216, mask: 255.255.255.0, gw: 192.168.137.1[0m
[0;32mI (5147) WIFI STATION: got ip:192.168.137.1[0m
[0;32mI (5147) APP: Connect to AP successful[0m
[0;32mI (5157) APP: connection state: 1[0m
[0;32mI (5157) BTDM_INIT: BT controller compile version [946b762][0m
[0;32mI (5167) BTDM_INIT: Bluetooth MAC: 24:dc:c3:a6:d0:2a[0m
[0;32mI (5487) GATTC_MULTI: Registered gattc_if=3, start scan[0m
[0;32mI (5497) APP: Init SNTP...[0m
[0;32mI (5497) GATTC_MULTI: Scan params set -> start scanning[0m
[0;32mI (5507) APP: Time synced: Thu Oct 16 13:56:54 2025
[0m
[0;32mI (5507) APP: HTTP PUT https://htn-iot-8e223-default-rtdb.asia-southeast1.firebasedatabase.app/sensor/data/ESP32_ABC123.json?auth=ok7JtCJv8A9JTdhfsNUZwkG8GyvOO1pkY5PAgn5e[0m
[0;32mI (5927) esp-x509-crt-bundle: Certificate validated[0m
[0;32mI (6957) APP: PUT status=200, resp={"CO2":800,"Humi":60,"Mode":1,"State":1,"Temp":25.5}[0m
[0;32mI (6967) APP: HTTP GET https://htn-iot-8e223-default-rtdb.asia-southeast1.firebasedatabase.app/sensor/data/ESP32_ABC123.json?auth=ok7JtCJv8A9JTdhfsNUZwkG8GyvOO1pkY5PAgn5e[0m
[0;32mI (7337) esp-x509-crt-bundle: Certificate validated[0m
[0;32mI (8397) APP: GET status=200[0m
[0;32mI (8397) APP: GET body={"CO2":800,"Humi":60,"Mode":1,"State":1,"Temp":25.5}[0m
[0;32mI (8397) APP: mode=1[0m
Guru Meditation Error: Core  0 panic'ed (LoadProhibited). Exception was unhandled.

Core  0 register dump:
PC      : 0x400014fd  PS      : 0x00060130  A0      : 0x801b9f4a  A1      : 0x3ffbb560  
A2      : 0x00000000  A3      : 0xfffffffc  A4      : 0x000000ff  A5      : 0x0000ff00  
A6      : 0x00ff0000  A7      : 0xff000000  A8      : 0x00000000  A9      : 0x00000000  
A10     : 0x00000000  A11     : 0x00000003  A12     : 0x3ffbb7a4  A13     : 0x00000000  
A14     : 0x3ffbb774  A15     : 0x00000001  SAR     : 0x00000004  EXCCAUSE: 0x0000001c  
EXCVADDR: 0x00000000  LBEG    : 0x400014fd  LEND    : 0x4000150d  LCOUNT  : 0xffffffff  


Backtrace: 0x400014fa:0x3ffbb560 0x401b9f47:0x3ffbb570 0x401bb5f1:0x3ffbb890 0x401c9d39:0x3ffbb8c0 0x4009723d:0x3ffbb8f0 0x400d8545:0x3ffbb940 0x400d864f:0x3ffbbc10 0x401c9403:0x3ffbbc50 0x400941b1:0x3ffbbc80




ELF file SHA256: 24529b70feb13421

Rebooting...
ets Jul 29 2019 12:21:46

rst:0xc (SW_CPU_RESET),boot:0x13 (SPI_FAST_FLASH_BOOT)
configsip: 0, SPIWP:0xee
clk_drv:0x00,q_drv:0x00,d_drv:0x00,cs0_drv:0x00,hd_drv:0x00,wp_drv:0x00
mode:DIO, clock div:2
load:0x3fff0030,len:7084
ho 0 tail 12 room 4
load:0x40078000,len:15584
load:0x40080400,len:4
load:0x40080404,len:3876
entry 0x4008064c
[0;32mI (31) boot: ESP-IDF v5.1.1-dirty 2nd stage bootloader[0m
[0;32mI (31) boot: compile time Oct 14 2025 11:40:32[0m
[0;32mI (31) boot: Multicore bootloader[0m
[0;32mI (36) boot: chip revision: v3.1[0m
[0;32mI (40) boot.esp32: SPI Speed      : 40MHz[0m
[0;32mI (44) boot.esp32: SPI Mode       : DIO[0m
[0;32mI (49) boot.esp32: SPI Flash Size : 4MB[0m
[0;32mI (53) boot: Enabling RNG early entropy source...[0m
[0;32mI (59) boot: Partition Table:[0m
[0;32mI (62) boot: ## Label            Usage          Type ST Offset   Length[0m
[0;32mI (70) boot:  0 nvs              WiFi data        01 02 00009000 00006000[0m
[0;32mI (77) boot:  1 phy_init         RF data          01 01 0000f000 00001000[0m
[0;32mI (85) boot:  2 factory          factory app      00 00 00010000 00200000[0m
[0;32mI (92) boot: End of partition table[0m
[0;32mI (96) esp_image: segment 0: paddr=00010020 vaddr=3f400020 size=76eb0h (487088) map[0m
[0;32mI (281) esp_image: segment 1: paddr=00086ed8 vaddr=3ffbdb60 size=05468h ( 21608) load[0m
[0;32mI (289) esp_image: segment 2: paddr=0008c348 vaddr=40080000 size=03cd0h ( 15568) load[0m
[0;32mI (296) esp_image: segment 3: paddr=00090020 vaddr=400d0020 size=fb23ch (1028668) map[0m
[0;32mI (668) esp_image: segment 4: paddr=0018b264 vaddr=40083cd0 size=1ac5ch (109660) load[0m
[0;32mI (730) boot: Loaded app from partition at offset 0x10000[0m
[0;32mI (730) boot: Disabling RNG early entropy source...[0m
[0;32mI (741) cpu_start: Multicore app[0m
[0;32mI (742) cpu_start: Pro cpu up.[0m
[0;32mI (742) cpu_start: Starting app cpu, entry point is 0x40081408[0m
[0;32mI (731) cpu_start: App cpu up.[0m
[0;32mI (762) cpu_start: Pro cpu start user code[0m
[0;32mI (762) cpu_start: cpu freq: 160000000 Hz[0m
[0;32mI (762) cpu_start: Application information:[0m
[0;32mI (767) cpu_start: Project name:     main[0m
[0;32mI (771) cpu_start: App version:      1[0m
[0;32mI (776) cpu_start: Compile time:     Oct 14 2025 11:40:01[0m
[0;32mI (782) cpu_start: ELF file SHA256:  24529b70feb13421...[0m
[0;32mI (788) cpu_start: ESP-IDF:          v5.1.1-dirty[0m
[0;32mI (793) cpu_start: Min chip rev:     v0.0[0m
[0;32mI (798) cpu_start: Max chip rev:     v3.99 [0m
[0;32mI (803) cpu_start: Chip rev:         v3.1[0m
[0;32mI (808) heap_init: Initializing. RAM available for dynamic allocation:[0m
[0;32mI (815) heap_init: At 3FFAFF10 len 000000F0 (0 KiB): DRAM[0m
[0;32mI (821) heap_init: At 3FFB6388 len 00001C78 (7 KiB): DRAM[0m
[0;32mI (827) heap_init: At 3FFB9A20 len 00004108 (16 KiB): DRAM[0m
[0;32mI (833) heap_init: At 3FFCB890 len 00014770 (81 KiB): DRAM[0m
[0;32mI (839) heap_init: At 3FFE0440 len 00003AE0 (14 KiB): D/IRAM[0m
[0;32mI (845) heap_init: At 3FFE4350 len 0001BCB0 (111 KiB): D/IRAM[0m
[0;32mI (852) heap_init: At 4009E92C len 000016D4 (5 KiB): IRAM[0m
[0;32mI (860) spi_flash: detected chip: generic[0m
[0;32mI (863) spi_flash: flash io: dio[0m
[0;32mI (867) coexist: coex firmware version: 80b0d89[0m
[0;32mI (873) app_start: Starting scheduler on CPU0[0m
[0;32[0;32mI (877) app_start: Starting scheduler on CPU1[0m
mI (877) main_task: Started on CPU0[0m
[0;32mI (887) main_task: Calling app_main()[0m
[0;32mI (937) APP: Web server handler task started[0m
[0;32mI (937) NVS_HANDLE: Open nvs flash: 0[0m
[0;32mI (937) NVS_HANDLE: Open nvs flash: 0[0m
[0;32mI (937) NVS_HANDLE: Open nvs flash: 0[0m
I (957) wifi:wifi driver task: 3ffd1a7c, prio:23, stack:6656, core=0
I (977) wifi:wifi firmware version: ce9244d
I (977) wifi:wifi certification version: v7.0
I (977) wifi:config NVS flash: enabled
I (977) wifi:config nano formating: disabled
I (987) wifi:Init data frame dynamic rx buffer num: 32
I (987) wifi:Init management frame dynamic rx buffer num: 32
I (997) wifi:Init management short buffer num: 32
I (997) wifi:Init dynamic tx buffer num: 32
I (1007) wifi:Init static rx buffer size: 1600
I (1007) wifi:Init static rx buffer num: 10
I (1007) wifi:Init dynamic rx buffer num: 32
[0;32mI (1017) wifi_init: rx ba win: 6[0m
[0;32mI (1017) wifi_init: tcpip mbox: 32[0m
[0;32mI (1017) wifi_init: udp mbox: 6[0m
[0;32mI (1027) wifi_init: tcp mbox: 6[0m
[0;32mI (1027) wifi_init: tcp tx win: 5744[0m
[0;32mI (1037) wifi_init: tcp rx win: 5744[0m
[0;32mI (1037) wifi_init: tcp mss: 1440[0m
[0;32mI (1047) wifi_init: WiFi IRAM OP enabled[0m
[0;32mI (1047) wifi_init: WiFi RX IRAM OP enabled[0m
[0;32mI (1047) WIFI STATION: wifi_init_sta finished, ssid:laptop, pass:12345678. ssid len:6, pass len:8[0m
[0;32mI (1067) phy_init: phy_version 4670,719f9f6,Feb 18 2021,17:07:07[0m
I (1177) wifi:mode : sta (24:dc:c3:a6:d0:28)
I (1177) wifi:enable tsf
[0;32mI (1177) APP: Read data from nvs flash: laptop 12345678 0[0m
[0;32mI (1187) WIFI STA: start connect to access point[0m
I (3597) wifi:new:<2,1>, old:<1,0>, ap:<255,255>, sta:<2,1>, prof:2
I (3597) wifi:state: init -> auth (b0)
I (3607) wifi:state: auth -> assoc (0)
I (3617) wifi:state: assoc -> run (10)
I (4127) wifi:connected with laptop, aid = 13, channel 2, 40U, bssid = 16:13:33:02:85:b3
I (4137) wifi:security: WPA2-PSK, phy: bgn, rssi: -70
I (4137) wifi:pm start, type: 1

I (4157) wifi:<ba-add>idx:0 (ifx:0, 16:13:33:02:85:b3), tid:0, ssn:4, winSize:64
I (4197) wifi:AP's beacon interval = 102400 us, DTIM period = 1
[0;32mI (5147) esp_netif_handlers: sta ip: 192.168.137.216, mask: 255.255.255.0, gw: 192.168.137.1[0m
[0;32mI (5147) WIFI STATION: got ip:192.168.137.1[0m
[0;32mI (5147) APP: Connect to AP successful[0m
[0;32mI (5157) APP: connection state: 1[0m
[0;32mI (5157) BTDM_INIT: BT controller compile version [946b762][0m
[0;32mI (5167) BTDM_INIT: Bluetooth MAC: 24:dc:c3:a6:d0:2a[0m
[0;32mI (5497) GATTC_MULTI: Registered gattc_if=3, start scan[0m
[0;32mI (5497) APP: Init SNTP...[0m
[0;32mI (5507) GATTC_MULTI: Scan params set -> start scanning[0m
[0;32mI (5507) APP: Time synced: Thu Oct 16 13:57:02 2025
[0m
[0;32mI (5517) APP: HTTP PUT https://htn-iot-8e223-default-rtdb.asia-southeast1.firebasedatabase.app/sensor/data/ESP32_ABC123.json?auth=ok7JtCJv8A9JTdhfsNUZwkG8GyvOO1pkY5PAgn5e[0m
[0;32mI (5927) esp-x509-crt-bundle: Certificate validated[0m
[0;32mI (7067) APP: PUT status=200, resp={"CO2":800,"Humi":60,"Mode":1,"State":1,"Temp":25.5}[0m
[0;32mI (7077) APP: HTTP GET https://htn-iot-8e223-default-rtdb.asia-southeast1.firebasedatabase.app/sensor/data/ESP32_ABC123.json?auth=ok7JtCJv8A9JTdhfsNUZwkG8GyvOO1pkY5PAgn5e[0m
[0;32mI (7447) esp-x509-crt-bundle: Certificate validated[0m
[0;32mI (8397) APP: GET status=200[0m
[0;32mI (8397) APP: GET body={"CO2":800,"Humi":60,"Mode":1,"State":1,"Temp":25.5}[0m
[0;32mI (8407) APP: mode=1[0m
Guru Meditation Error: Core  0 panic'ed (LoadProhibited). Exception was unhandled.

Core  0 register dump:
PC      : 0x400014fd  PS      : 0x00060130  A0      : 0x801b9f4a  A1      : 0x3ffbb560  
A2      : 0x00000000  A3      : 0xfffffffc  A4      : 0x000000ff  A5      : 0x0000ff00  
A6      : 0x00ff0000  A7      : 0xff000000  A8      : 0x00000000  A9      : 0x00000000  
A10     : 0x00000000  A11     : 0x00000003  A12     : 0x3ffbb7a4  A13     : 0x00000000  
A14     : 0x3ffbb774  A15     : 0x00000001  SAR     : 0x00000004  EXCCAUSE: 0x0000001c  
EXCVADDR: 0x00000000  LBEG    : 0x400014fd  LEND    : 0x4000150d  LCOUNT  : 0xffffffff  


Backtrace: 0x400014fa:0x3ffbb560 0x401b9f47:0x3ffbb570 0x401bb5f1:0x3ffbb890 0x401c9d39:0x3ffbb8c0 0x4009723d:0x3ffbb8f0 0x400d8545:0x3ffbb940 0x400d864f:0x3ffbbc10 0x401c9403:0x3ffbbc50 0x400941b1:0x3ffbbc80




ELF file SHA256: 24529b70feb13421

Rebooting...
ets Jul 29 2019 12:21:46

rst:0xc (SW_CPU_RESET),boot:0x13 (SPI_FAST_FLASH_BOOT)
configsip: 0, SPIWP:0xee
clk_drv:0x00,q_drv:0x00,d_drv:0x00,cs0_drv:0x00,hd_drv:0x00,wp_drv:0x00
mode:DIO, clock div:2
load:0x3fff0030,len:7084
ho 0 tail 12 room 4
load:0x40078000,len:15584
load:0x40080400,len:4
load:0x40080404,len:3876
entry 0x4008064c
[0;32mI (31) boot: ESP-IDF v5.1.1-dirty 2nd stage bootloader[0m
[0;32mI (31) boot: compile time Oct 14 2025 11:40:32[0m
[0;32mI (31) boot: Multicore bootloader[0m
[0;32mI (36) boot: chip revision: v3.1[0m
[0;32mI (40) boot.esp32: SPI Speed      : 40MHz[0m
[0;32mI (44) boot.esp32: SPI Mode       : DIO[0m
[0;32mI (49) boot.esp32: SPI Flash Size : 4MB[0m
[0;32mI (53) boot: Enabling RNG early entropy source...[0m
[0;32mI (59) boot: Partition Table:[0m
[0;32mI (62) boot: ## Label            Usage          Type ST Offset   Length[0m
[0;32mI (70) boot:  0 nvs              WiFi data        01 02 00009000 00006000[0m
[0;32mI (77) boot:  1 phy_init         RF data          01 01 0000f000 00001000[0m
[0;32mI (85) boot:  2 factory          factory app      00 00 00010000 00200000[0m
[0;32mI (92) boot: End of partition table[0m
[0;32mI (96) esp_image: segment 0: paddr=00010020 vaddr=3f400020 size=76eb0h (487088) map[0m
[0;32mI (281) esp_image: segment 1: paddr=00086ed8 vaddr=3ffbdb60 size=05468h ( 21608) load[0m
[0;32mI (289) esp_image: segment 2: paddr=0008c348 vaddr=40080000 size=03cd0h ( 15568) load[0m
[0;32mI (296) esp_image: segment 3: paddr=00090020 vaddr=400d0020 size=fb23ch (1028668) map[0m
[0;32mI (668) esp_image: segment 4: paddr=0018b264 vaddr=40083cd0 size=1ac5ch (109660) load[0m
[0;32mI (730) boot: Loaded app from partition at offset 0x10000[0m
[0;32mI (730) boot: Disabling RNG early entropy source...[0m
[0;32mI (741) cpu_start: Multicore app[0m
[0;32mI (742) cpu_start: Pro cpu up.[0m
[0;32mI (742) cpu_start: Starting app cpu, entry point is 0x40081408[0m
[0;32mI (731) cpu_start: App cpu up.[0m
[0;32mI (762) cpu_start: Pro cpu start user code[0m
[0;32mI (762) cpu_start: cpu freq: 160000000 Hz[0m
[0;32mI (762) cpu_start: Application information:[0m
[0;32mI (767) cpu_start: Project name:     main[0m
[0;32mI (771) cpu_start: App version:      1[0m
[0;32mI (776) cpu_start: Compile time:     Oct 14 2025 11:40:01[0m
[0;32mI (782) cpu_start: ELF file SHA256:  24529b70feb13421...[0m
[0;32mI (788) cpu_start: ESP-IDF:          v5.1.1-dirty[0m
[0;32mI (793) cpu_start: Min chip rev:     v0.0[0m
[0;32mI (798) cpu_start: Max chip rev:     v3.99 [0m
[0;32mI (803) cpu_start: Chip rev:         v3.1[0m
[0;32mI (808) heap_init: Initializing. RAM available for dynamic allocation:[0m
[0;32mI (815) heap_init: At 3FFAFF10 len 000000F0 (0 KiB): DRAM[0m
[0;32mI (821) heap_init: At 3FFB6388 len 00001C78 (7 KiB): DRAM[0m
[0;32mI (827) heap_init: At 3FFB9A20 len 00004108 (16 KiB): DRAM[0m
[0;32mI (833) heap_init: At 3FFCB890 len 00014770 (81 KiB): DRAM[0m
[0;32mI (839) heap_init: At 3FFE0440 len 00003AE0 (14 KiB): D/IRAM[0m
[0;32mI (845) heap_init: At 3FFE4350 len 0001BCB0 (111 KiB): D/IRAM[0m
[0;32mI (852) heap_init: At 4009E92C len 000016D4 (5 KiB): IRAM[0m
[0;32mI (860) spi_flash: detected chip: generic[0m
[0;32mI (863) spi_flash: flash io: dio[0m
[0;32mI (867) coexist: coex firmware version: 80b0d89[0m
[0;32mI (873) app_start: Starting scheduler on CPU0[0m
[0;32[0;32mI (877) app_start: Starting scheduler on CPU1[0m
mI (877) main_task: Started on CPU0[0m
[0;32mI (887) main_task: Calling app_main()[0m
[0;32mI (937) APP: Web server handler task started[0m
[0;32mI (937) NVS_HANDLE: Open nvs flash: 0[0m
[0;32mI (937) NVS_HANDLE: Open nvs flash: 0[0m
[0;32mI (937) NVS_HANDLE: Open nvs flash: 0[0m
I (957) wifi:wifi driver task: 3ffd1a7c, prio:23, stack:6656, core=0
I (977) wifi:wifi firmware version: ce9244d
I (977) wifi:wifi certification version: v7.0
I (977) wifi:config NVS flash: enabled
I (977) wifi:config nano formating: disabled
I (987) wifi:Init data frame dynamic rx buffer num: 32
I (987) wifi:Init management frame dynamic rx buffer num: 32
I (997) wifi:Init management short buffer num: 32
I (997) wifi:Init dynamic tx buffer num: 32
I (1007) wifi:Init static rx buffer size: 1600
I (1007) wifi:Init static rx buffer num: 10
I (1007) wifi:Init dynamic rx buffer num: 32
[0;32mI (1017) wifi_init: rx ba win: 6[0m
[0;32mI (1017) wifi_init: tcpip mbox: 32[0m
[0;32mI (1027) wifi_init: udp mbox: 6[0m
[0;32mI (1027) wifi_init: tcp mbox: 6[0m
[0;32mI (1027) wifi_init: tcp tx win: 5744[0m
[0;32mI (1037) wifi_init: tcp rx win: 5744[0m
[0;32mI (1037) wifi_init: tcp mss: 1440[0m
[0;32mI (1047) wifi_init: WiFi IRAM OP enabled[0m
[0;32mI (1047) wifi_init: WiFi RX IRAM OP enabled[0m
[0;32mI (1047) WIFI STATION: wifi_init_sta finished, ssid:laptop, pass:12345678. ssid len:6, pass len:8[0m
[0;32mI (1067) phy_init: phy_version 4670,719f9f6,Feb 18 2021,17:07:07[0m
I (1177) wifi:mode : sta (24:dc:c3:a6:d0:28)
I (1177) wifi:enable tsf
[0;32mI (1177) APP: Read data from nvs flash: laptop 12345678 0[0m
[0;32mI (1187) WIFI STA: start connect to access point[0m
I (3597) wifi:new:<2,1>, old:<1,0>, ap:<255,255>, sta:<2,1>, prof:2
I (3597) wifi:state: init -> auth (b0)
I (3607) wifi:state: auth -> assoc (0)
I (3617) wifi:state: assoc -> run (10)
I (4147) wifi:connected with laptop, aid = 14, channel 2, 40U, bssid = 16:13:33:02:85:b3
I (4147) wifi:security: WPA2-PSK, phy: bgn, rssi: -72
I (4147) wifi:pm start, type: 1

I (4187) wifi:AP's beacon interval = 102400 us, DTIM period = 1
I (4217) wifi:<ba-add>idx:0 (ifx:0, 16:13:33:02:85:b3), tid:0, ssn:4, winSize:64
[0;32mI (5157) esp_netif_handlers: sta ip: 192.168.137.216, mask: 255.255.255.0, gw: 192.168.137.1[0m
[0;32mI (5157) WIFI STATION: got ip:192.168.137.1[0m
[0;32mI (5157) APP: Connect to AP successful[0m
[0;32mI (5167) APP: connection state: 1[0m
[0;32mI (5167) BTDM_INIT: BT controller compile version [946b762][0m
[0;32mI (5177) BTDM_INIT: Bluetooth MAC: 24:dc:c3:a6:d0:2a[0m
[0;32mI (5507) GATTC_MULTI: Registered gattc_if=3, start scan[0m
[0;32mI (5507) APP: Init SNTP...[0m
[0;32mI (5507) GATTC_MULTI: Scan params set -> start scanning[0m
[0;32mI (5517) APP: Time synced: Thu Oct 16 13:57:11 2025
[0m
[0;32mI (5517) APP: HTTP PUT https://htn-iot-8e223-default-rtdb.asia-southeast1.firebasedatabase.app/sensor/data/ESP32_ABC123.json?auth=ok7JtCJv8A9JTdhfsNUZwkG8GyvOO1pkY5PAgn5e[0m
[0;32mI (5907) esp-x509-crt-bundle: Certificate validated[0m
[0;32mI (6967) APP: PUT status=200, resp={"CO2":800,"Humi":60,"Mode":1,"State":1,"Temp":25.5}[0m
[0;32mI (6967) APP: HTTP GET https://htn-iot-8e223-default-rtdb.asia-southeast1.firebasedatabase.app/sensor/data/ESP32_ABC123.json?auth=ok7JtCJv8A9JTdhfsNUZwkG8GyvOO1pkY5PAgn5e[0m
[0;32mI (7347) esp-x509-crt-bundle: Certificate validated[0m
[0;32mI (8297) APP: GET status=200[0m
[0;32mI (8297) APP: GET body={"CO2":800,"Humi":60,"Mode":1,"State":1,"Temp":25.5}[0m
[0;32mI (8297) APP: mode=1[0m
Guru Meditation Error: Core  0 panic'ed (LoadProhibited). Exception was unhandled.

Core  0 register dump:
PC      : 0x400014fd  PS      : 0x00060d30  A0      : 0x801b9f4a  A1      : 0x3ffbb560  
A2      : 0x00000000  A3      : 0xfffffffc  A4      : 0x000000ff  A5      : 0x0000ff00  
A6      : 0x00ff0000  A7      : 0xff000000  A8      : 0x00000000  A9      : 0x00000000  
A10     : 0x00000000  A11     : 0x00000003  A12     : 0x3ffbb7a4  A13     : 0x00000000  
A14     : 0x3ffbb774  A15     : 0x00000001  SAR     : 0x00000004  EXCCAUSE: 0x0000001c  
EXCVADDR: 0x00000000  LBEG    : 0x400014fd  LEND    : 0x4000150d  LCOUNT  : 0xffffffff  


Backtrace: 0x400014fa:0x3ffbb560 0x401b9f47:0x3ffbb570 0x401bb5f1:0x3ffbb890 0x401c9d39:0x3ffbb8c0 0x4009723d:0x3ffbb8f0 0x400d8545:0x3ffbb940 0x400d864f:0x3ffbbc10 0x401c9403:0x3ffbbc50 0x400941b1:0x3ffbbc80




ELF file SHA256: 24529b70feb13421

Rebooting...
ets Jul 29 2019 12:21:46

rst:0xc (SW_CPU_RESET),boot:0x13 (SPI_FAST_FLASH_BOOT)
configsip: 0, SPIWP:0xee
clk_drv:0x00,q_drv:0x00,d_drv:0x00,cs0_drv:0x00,hd_drv:0x00,wp_drv:0x00
mode:DIO, clock div:2
load:0x3fff0030,len:7084
ho 0 tail 12 room 4
load:0x40078000,len:15584
load:0x40080400,len:4
load:0x40080404,len:3876
entry 0x4008064c
[0;32mI (31) boot: ESP-IDF v5.1.1-dirty 2nd stage bootloader[0m
[0;32mI (31) boot: compile time Oct 14 2025 11:40:32[0m
[0;32mI (31) boot: Multicore bootloader[0m
[0;32mI (36) boot: chip revision: v3.1[0m
[0;32mI (40) boot.esp32: SPI Speed      : 40MHz[0m
[0;32mI (44) boot.esp32: SPI Mode       : DIO[0m
[0;32mI (49) boot.esp32: SPI Flash Size : 4MB[0m
[0;32mI (53) boot: Enabling RNG early entropy source...[0m
[0;32mI (59) boot: Partition Table:[0m
[0;32mI (62) boot: ## Label            Usage          Type ST Offset   Length[0m
[0;32mI (70) boot:  0 nvs              WiFi data        01 02 00009000 00006000[0m
[0;32mI (77) boot:  1 phy_init         RF data          01 01 0000f000 00001000[0m
[0;32mI (85) boot:  2 factory          factory app      00 00 00010000 00200000[0m
[0;32mI (92) boot: End of partition table[0m
[0;32mI (96) esp_image: segment 0: paddr=00010020 vaddr=3f400020 size=76eb0h (487088) map[0m
[0;32mI (281) esp_image: segment 1: paddr=00086ed8 vaddr=3ffbdb60 size=05468h ( 21608) load[0m
[0;32mI (289) esp_image: segment 2: paddr=0008c348 vaddr=40080000 size=03cd0h ( 15568) load[0m
[0;32mI (296) esp_image: segment 3: paddr=00090020 vaddr=400d0020 size=fb23ch (1028668) map[0m
[0;32mI (668) esp_image: segment 4: paddr=0018b264 vaddr=40083cd0 size=1ac5ch (109660) load[0m
[0;32mI (730) boot: Loaded app from partition at offset 0x10000[0m
[0;32mI (730) boot: Disabling RNG early entropy source...[0m
[0;32mI (741) cpu_start: Multicore app[0m
[0;32mI (742) cpu_start: Pro cpu up.[0m
[0;32mI (742) cpu_start: Starting app cpu, entry point is 0x40081408[0m
[0;32mI (731) cpu_start: App cpu up.[0m
[0;32mI (762) cpu_start: Pro cpu start user code[0m
[0;32mI (762) cpu_start: cpu freq: 160000000 Hz[0m
[0;32mI (762) cpu_start: Application information:[0m
[0;32mI (767) cpu_start: Project name:     main[0m
[0;32mI (771) cpu_start: App version:      1[0m
[0;32mI (776) cpu_start: Compile time:     Oct 14 2025 11:40:01[0m
[0;32mI (782) cpu_start: ELF file SHA256:  24529b70feb13421...[0m
[0;32mI (788) cpu_start: ESP-IDF:          v5.1.1-dirty[0m
[0;32mI (793) cpu_start: Min chip rev:     v0.0[0m
[0;32mI (798) cpu_start: Max chip rev:     v3.99 [0m
[0;32mI (803) cpu_start: Chip rev:         v3.1[0m
[0;32mI (808) heap_init: Initializing. RAM available for dynamic allocation:[0m
[0;32mI (815) heap_init: At 3FFAFF10 len 000000F0 (0 KiB): DRAM[0m
[0;32mI (821) heap_init: At 3FFB6388 len 00001C78 (7 KiB): DRAM[0m
[0;32mI (827) heap_init: At 3FFB9A20 len 00004108 (16 KiB): DRAM[0m
[0;32mI (833) heap_init: At 3FFCB890 len 00014770 (81 KiB): DRAM[0m
[0;32mI (839) heap_init: At 3FFE0440 len 00003AE0 (14 KiB): D/IRAM[0m
[0;32mI (845) heap_init: At 3FFE4350 len 0001BCB0 (111 KiB): D/IRAM[0m
[0;32mI (852) heap_init: At 4009E92C len 000016D4 (5 KiB): IRAM[0m
[0;32mI (860) spi_flash: detected chip: generic[0m
[0;32mI (863) spi_flash: flash io: dio[0m
[0;32mI (867) coexist: coex firmware version: 80b0d89[0m
[0;32mI (873) app_start: Starting scheduler on CPU0[0m
[0;32[0;32mI (877) app_start: Starting scheduler on CPU1[0m
mI (877) main_task: Started on CPU0[0m
[0;32mI (887) main_task: Calling app_main()[0m
[0;32mI (937) APP: Web server handler task started[0m
[0;32mI (937) NVS_HANDLE: Open nvs flash: 0[0m
[0;32mI (937) NVS_HANDLE: Open nvs flash: 0[0m
[0;32mI (937) NVS_HANDLE: Open nvs flash: 0[0m
I (957) wifi:wifi driver task: 3ffd1a7c, prio:23, stack:6656, core=0
I (977) wifi:wifi firmware version: ce9244d
I (977) wifi:wifi certification version: v7.0
I (977) wifi:config NVS flash: enabled
I (977) wifi:config nano formating: disabled
I (987) wifi:Init data frame dynamic rx buffer num: 32
I (987) wifi:Init management frame dynamic rx buffer num: 32
I (997) wifi:Init management short buffer num: 32
I (997) wifi:Init dynamic tx buffer num: 32
I (1007) wifi:Init static rx buffer size: 1600
I (1007) wifi:Init static rx buffer num: 10
I (1007) wifi:Init dynamic rx buffer num: 32
[0;32mI (1017) wifi_init: rx ba win: 6[0m
[0;32mI (1017) wifi_init: tcpip mbox: 32[0m
[0;32mI (1027) wifi_init: udp mbox: 6[0m
[0;32mI (1027) wifi_init: tcp mbox: 6[0m
[0;32mI (1027) wifi_init: tcp tx win: 5744[0m
[0;32mI (1037) wifi_init: tcp rx win: 5744[0m
[0;32mI (1037) wifi_init: tcp mss: 1440[0m
[0;32mI (1047) wifi_init: WiFi IRAM OP enabled[0m
[0;32mI (1047) wifi_init: WiFi RX IRAM OP enabled[0m
[0;32mI (1047) WIFI STATION: wifi_init_sta finished, ssid:laptop, pass:12345678. ssid len:6, pass len:8[0m
[0;32mI (1067) phy_init: phy_version 4670,719f9f6,Feb 18 2021,17:07:07[0m
I (1177) wifi:mode : sta (24:dc:c3:a6:d0:28)
I (1177) wifi:enable tsf
[0;32mI (1177) APP: Read data from nvs flash: laptop 12345678 0[0m
[0;32mI (1187) WIFI STA: start connect to access point[0m
I (3597) wifi:new:<2,1>, old:<1,0>, ap:<255,255>, sta:<2,1>, prof:2
I (3597) wifi:state: init -> auth (b0)
I (3607) wifi:state: auth -> assoc (0)
I (3617) wifi:state: assoc -> run (10)
I (4127) wifi:connected with laptop, aid = 11, channel 2, 40U, bssid = 16:13:33:02:85:b3
I (4127) wifi:security: WPA2-PSK, phy: bgn, rssi: -72
I (4137) wifi:pm start, type: 1

I (4167) wifi:<ba-add>idx:0 (ifx:0, 16:13:33:02:85:b3), tid:0, ssn:4, winSize:64
I (4197) wifi:AP's beacon interval = 102400 us, DTIM period = 1
[0;32mI (5137) esp_netif_handlers: sta ip: 192.168.137.216, mask: 255.255.255.0, gw: 192.168.137.1[0m
[0;32mI (5137) WIFI STATION: got ip:192.168.137.1[0m
[0;32mI (5137) APP: Connect to AP successful[0m
[0;32mI (5147) APP: connection state: 1[0m
[0;32mI (5147) BTDM_INIT: BT controller compile version [946b762][0m
[0;32mI (5157) BTDM_INIT: Bluetooth MAC: 24:dc:c3:a6:d0:2a[0m
[0;32mI (5487) GATTC_MULTI: Registered gattc_if=3, start scan[0m
[0;32mI (5487) APP: Init SNTP...[0m
[0;32mI (5487) GATTC_MULTI: Scan params set -> start scanning[0m
[0;32mI (5497) APP: Time synced: Thu Oct 16 13:57:19 2025
[0m
[0;32mI (5497) APP: HTTP PUT https://htn-iot-8e223-default-rtdb.asia-southeast1.firebasedatabase.app/sensor/data/ESP32_ABC123.json?auth=ok7JtCJv8A9JTdhfsNUZwkG8GyvOO1pkY5PAgn5e[0m
[0;32mI (5847) esp-x509-crt-bundle: Certificate validated[0m
[0;32mI (6967) APP: PUT status=200, resp={"CO2":800,"Humi":60,"Mode":1,"State":1,"Temp":25.5}[0m
[0;32mI (6967) APP: HTTP GET https://htn-iot-8e223-default-rtdb.asia-southeast1.firebasedatabase.app/sensor/data/ESP32_ABC123.json?auth=ok7JtCJv8A9JTdhfsNUZwkG8GyvOO1pkY5PAgn5e[0m
[0;32mI (7347) esp-x509-crt-bundle: Certificate validated[0m
[0;32mI (8307) APP: GET status=200[0m
[0;32mI (8307) APP: GET body={"CO2":800,"Humi":60,"Mode":1,"State":1,"Temp":25.5}[0m
[0;32mI (8307) APP: mode=1[0m
Guru Meditation Error: Core  0 panic'ed (LoadProhibited). Exception was unhandled.

Core  0 register dump:
PC      : 0x400014fd  PS      : 0x00060b30  A0      : 0x801b9f4a  A1      : 0x3ffbb560  
A2      : 0x00000000  A3      : 0xfffffffc  A4      : 0x000000ff  A5      : 0x0000ff00  
A6      : 0x00ff0000  A7      : 0xff000000  A8      : 0x00000000  A9      : 0x00000000  
A10     : 0x00000000  A11     : 0x00000003  A12     : 0x3ffbb7a4  A13     : 0x00000000  
A14     : 0x3ffbb774  A15     : 0x00000001  SAR     : 0x00000004  EXCCAUSE: 0x0000001c  
EXCVADDR: 0x00000000  LBEG    : 0x400014fd  LEND    : 0x4000150d  LCOUNT  : 0xffffffff  


Backtrace: 0x400014fa:0x3ffbb560 0x401b9f47:0x3ffbb570 0x401bb5f1:0x3ffbb890 0x401c9d39:0x3ffbb8c0 0x4009723d:0x3ffbb8f0 0x400d8545:0x3ffbb940 0x400d864f:0x3ffbbc10 0x401c9403:0x3ffbbc50 0x400941b1:0x3ffbbc80




ELF file SHA256: 24529b70feb13421

Rebooting...
ets Jul 29 2019 12:21:46

rst:0xc (SW_CPU_RESET),boot:0x13 (SPI_FAST_FLASH_BOOT)
configsip: 0, SPIWP:0xee
clk_drv:0x00,q_drv:0x00,d_drv:0x00,cs0_drv:0x00,hd_drv:0x00,wp_drv:0x00
mode:DIO, clock div:2
load:0x3fff0030,len:7084
ho 0 tail 12 room 4
load:0x40078000,len:15584
load:0x40080400,len:4
load:0x40080404,len:3876
entry 0x4008064c
[0;32mI (31) boot: ESP-IDF v5.1.1-dirty 2nd stage bootloader[0m
[0;32mI (31) boot: compile time Oct 14 2025 11:40:32[0m
[0;32mI (31) boot: Multicore bootloader[0m
[0;32mI (36) boot: chip revision: v3.1[0m
[0;32mI (40) boot.esp32: SPI Speed      : 40MHz[0m
[0;32mI (44) boot.esp32: SPI Mode       : DIO[0m
[0;32mI (49) boot.esp32: SPI Flash Size : 4MB[0m
[0;32mI (53) boot: Enabling RNG early entropy source...[0m
[0;32mI (59) boot: Partition Table:[0m
[0;32mI (62) boot: ## Label            Usage          Type ST Offset   Length[0m
[0;32mI (70) boot:  0 nvs              WiFi data        01 02 00009000 00006000[0m
[0;32mI (77) boot:  1 phy_init         RF data          01 01 0000f000 00001000[0m
[0;32mI (85) boot:  2 factory          factory app      00 00 00010000 00200000[0m
[0;32mI (92) boot: End of partition table[0m
[0;32mI (96) esp_image: segment 0: paddr=00010020 vaddr=3f400020 size=76eb0h (487088) map[0m
[0;32mI (281) esp_image: segment 1: paddr=00086ed8 vaddr=3ffbdb60 size=05468h ( 21608) load[0m
[0;32mI (289) esp_image: segment 2: paddr=0008c348 vaddr=40080000 size=03cd0h ( 15568) load[0m
[0;32mI (296) esp_image: segment 3: paddr=00090020 vaddr=400d0020 size=fb23ch (1028668) map[0m
[0;32mI (668) esp_image: segment 4: paddr=0018b264 vaddr=40083cd0 size=1ac5ch (109660) load[0m
[0;32mI (730) boot: Loaded app from partition at offset 0x10000[0m
[0;32mI (730) boot: Disabling RNG early entropy source...[0m
[0;32mI (741) cpu_start: Multicore app[0m
[0;32mI (742) cpu_start: Pro cpu up.[0m
[0;32mI (742) cpu_start: Starting app cpu, entry point is 0x40081408[0m
[0;32mI (731) cpu_start: App cpu up.[0m
[0;32mI (762) cpu_start: Pro cpu start user code[0m
[0;32mI (762) cpu_start: cpu freq: 160000000 Hz[0m
[0;32mI (762) cpu_start: Application information:[0m
[0;32mI (767) cpu_start: Project name:     main[0m
[0;32mI (771) cpu_start: App version:      1[0m
[0;32mI (776) cpu_start: Compile time:     Oct 14 2025 11:40:01[0m
[0;32mI (782) cpu_start: ELF file SHA256:  24529b70feb13421...[0m
[0;32mI (788) cpu_start: ESP-IDF:          v5.1.1-dirty[0m
[0;32mI (793) cpu_start: Min chip rev:     v0.0[0m
[0;32mI (798) cpu_start: Max chip rev:     v3.99 [0m
[0;32mI (803) cpu_start: Chip rev:         v3.1[0m
[0;32mI (808) heap_init: Initializing. RAM available for dynamic allocation:[0m
[0;32mI (815) heap_init: At 3FFAFF10 len 000000F0 (0 KiB): DRAM[0m
[0;32mI (821) heap_init: At 3FFB6388 len 00001C78 (7 KiB): DRAM[0m
[0;32mI (827) heap_init: At 3FFB9A20 len 00004108 (16 KiB): DRAM[0m
[0;32mI (833) heap_init: At 3FFCB890 len 00014770 (81 KiB): DRAM[0m
[0;32mI (839) heap_init: At 3FFE0440 len 00003AE0 (14 KiB): D/IRAM[0m
[0;32mI (845) heap_init: At 3FFE4350 len 0001BCB0 (111 KiB): D/IRAM[0m
[0;32mI (852) heap_init: At 4009E92C len 000016D4 (5 KiB): IRAM[0m
[0;32mI (860) spi_flash: detected chip: generic[0m
[0;32mI (863) spi_flash: flash io: dio[0m
[0;32mI (867) coexist: coex firmware version: 80b0d89[0m
[0;32mI (873) app_start: Starting scheduler on CPU0[0m
[0;32[0;32mI (877) app_start: Starting scheduler on CPU1[0m
mI (877) main_task: Started on CPU0[0m
[0;32mI (887) main_task: Calling app_main()[0m
[0;32mI (937) APP: Web server handler task started[0m
[0;32mI (937) NVS_HANDLE: Open nvs flash: 0[0m
[0;32mI (937) NVS_HANDLE: Open nvs flash: 0[0m
[0;32mI (937) NVS_HANDLE: Open nvs flash: 0[0m
I (957) wifi:wifi driver task: 3ffd1a7c, prio:23, stack:6656, core=0
I (977) wifi:wifi firmware version: ce9244d
I (977) wifi:wifi certification version: v7.0
I (977) wifi:config NVS flash: enabled
I (977) wifi:config nano formating: disabled
I (987) wifi:Init data frame dynamic rx buffer num: 32
I (987) wifi:Init management frame dynamic rx buffer num: 32
I (997) wifi:Init management short buffer num: 32
I (997) wifi:Init dynamic tx buffer num: 32
I (1007) wifi:Init static rx buffer size: 1600
I (1007) wifi:Init static rx buffer num: 10
I (1007) wifi:Init dynamic rx buffer num: 32
[0;32mI (1017) wifi_init: rx ba win: 6[0m
[0;32mI (1017) wifi_init: tcpip mbox: 32[0m
[0;32mI (1027) wifi_init: udp mbox: 6[0m
[0;32mI (1027) wifi_init: tcp mbox: 6[0m
[0;32mI (1027) wifi_init: tcp tx win: 5744[0m
[0;32mI (1037) wifi_init: tcp rx win: 5744[0m
[0;32mI (1037) wifi_init: tcp mss: 1440[0m
[0;32mI (1047) wifi_init: WiFi IRAM OP enabled[0m
[0;32mI (1047) wifi_init: WiFi RX IRAM OP enabled[0m
[0;32mI (1047) WIFI STATION: wifi_init_sta finished, ssid:laptop, pass:12345678. ssid len:6, pass len:8[0m
[0;32mI (1067) phy_init: phy_version 4670,719f9f6,Feb 18 2021,17:07:07[0m
I (1177) wifi:mode : sta (24:dc:c3:a6:d0:28)
I (1177) wifi:enable tsf
[0;32mI (1187) APP: Read data from nvs flash: laptop 12345678 0[0m
[0;32mI (1187) WIFI STA: start connect to access point[0m
I (3597) wifi:new:<2,1>, old:<1,0>, ap:<255,255>, sta:<2,1>, prof:2
I (3597) wifi:state: init -> auth (b0)
I (3617) wifi:state: auth -> assoc (0)
I (3617) wifi:state: assoc -> run (10)
I (4127) wifi:connected with laptop, aid = 3, channel 2, 40U, bssid = 16:13:33:02:85:b3
I (4127) wifi:security: WPA2-PSK, phy: bgn, rssi: -59
I (4137) wifi:pm start, type: 1

I (4157) wifi:<ba-add>idx:0 (ifx:0, 16:13:33:02:85:b3), tid:0, ssn:4, winSize:64
I (4187) wifi:AP's beacon interval = 102400 us, DTIM period = 1
[0;32mI (5137) esp_netif_handlers: sta ip: 192.168.137.216, mask: 255.255.255.0, gw: 192.168.137.1[0m
[0;32mI (5137) WIFI STATION: got ip:192.168.137.1[0m
[0;32mI (5137) APP: Connect to AP successful[0m
[0;32mI (5147) APP: connection state: 1[0m
[0;32mI (5147) BTDM_INIT: BT controller compile version [946b762][0m
[0;32mI (5157) BTDM_INIT: Bluetooth MAC: 24:dc:c3:a6:d0:2a[0m
[0;32mI (5487) GATTC_MULTI: Registered gattc_if=3, start scan[0m
[0;32mI (5487) APP: Init SNTP...[0m
[0;32mI (5487) GATTC_MULTI: Scan params set -> start scanning[0m
[0;32mI (5497) APP: Time synced: Thu Oct 16 13:57:28 2025
[0m
[0;32mI (5507) APP: HTTP PUT https://htn-iot-8e223-default-rtdb.asia-southeast1.firebasedatabase.app/sensor/data/ESP32_ABC123.json?auth=ok7JtCJv8A9JTdhfsNUZwkG8GyvOO1pkY5PAgn5e[0m
[0;32mI (5907) esp-x509-crt-bundle: Certificate validated[0m
[0;32mI (6957) APP: PUT status=200, resp={"CO2":800,"Humi":60,"Mode":1,"State":1,"Temp":25.5}[0m
[0;32mI (6967) APP: HTTP GET https://htn-iot-8e223-default-rtdb.asia-southeast1.firebasedatabase.app/sensor/data/ESP32_ABC123.json?auth=ok7JtCJv8A9JTdhfsNUZwkG8GyvOO1pkY5PAgn5e[0m
[0;32mI (7337) esp-x509-crt-bundle: Certificate validated[0m
[0;32mI (8297) APP: GET status=200[0m
[0;32mI (8297) APP: GET body={"CO2":800,"Humi":60,"Mode":1,"State":1,"Temp":25.5}[0m
[0;32mI (8297) APP: mode=1[0m
Guru Meditation Error: Core  0 panic'ed (LoadProhibited). Exception was unhandled.

Core  0 register dump:
PC      : 0x400014fd  PS      : 0x00060f30  A0      : 0x801b9f4a  A1      : 0x3ffbb560  
A2      : 0x00000000  A3      : 0xfffffffc  A4      : 0x000000ff  A5      : 0x0000ff00  
A6      : 0x00ff0000  A7      : 0xff000000  A8      : 0x00000000  A9      : 0x00000000  
A10     : 0x00000000  A11     : 0x00000003  A12     : 0x3ffbb7a4  A13     : 0x00000000  
A14     : 0x3ffbb774  A15     : 0x00000001  SAR     : 0x00000004  EXCCAUSE: 0x0000001c  
EXCVADDR: 0x00000000  LBEG    : 0x400014fd  LEND    : 0x4000150d  LCOUNT  : 0xffffffff  


Backtrace: 0x400014fa:0x3ffbb560 0x401b9f47:0x3ffbb570 0x401bb5f1:0x3ffbb890 0x401c9d39:0x3ffbb8c0 0x4009723d:0x3ffbb8f0 0x400d8545:0x3ffbb940 0x400d864f:0x3ffbbc10 0x401c9403:0x3ffbbc50 0x400941b1:0x3ffbbc80




ELF file SHA256: 24529b70feb13421

Rebooting...
ets Jul 29 2019 12:21:46

rst:0xc (SW_CPU_RESET),boot:0x13 (SPI_FAST_FLASH_BOOT)
configsip: 0, SPIWP:0xee
clk_drv:0x00,q_drv:0x00,d_drv:0x00,cs0_drv:0x00,hd_drv:0x00,wp_drv:0x00
mode:DIO, clock div:2
load:0x3fff0030,len:7084
ho 0 tail 12 room 4
load:0x40078000,len:15584
load:0x40080400,len:4
load:0x40080404,len:3876
entry 0x4008064c
[0;32mI (31) boot: ESP-IDF v5.1.1-dirty 2nd stage bootloader[0m
[0;32mI (31) boot: compile time Oct 14 2025 11:40:32[0m
[0;32mI (31) boot: Multicore bootloader[0m
[0;32mI (36) boot: chip revision: v3.1[0m
[0;32mI (40) boot.esp32: SPI Speed      : 40MHz[0m
[0;32mI (44) boot.esp32: SPI Mode       : DIO[0m
[0;32mI (49) boot.esp32: SPI Flash Size : 4MB[0m
[0;32mI (53) boot: Enabling RNG early entropy source...[0m
[0;32mI (59) boot: Partition Table:[0m
[0;32mI (62) boot: ## Label            Usage          Type ST Offset   Length[0m
[0;32mI (70) boot:  0 nvs              WiFi data        01 02 00009000 00006000[0m
[0;32mI (77) boot:  1 phy_init         RF data          01 01 0000f000 00001000[0m
[0;32mI (85) boot:  2 factory          factory app      00 00 00010000 00200000[0m
[0;32mI (92) boot: End of partition table[0m
[0;32mI (96) esp_image: segment 0: paddr=00010020 vaddr=3f400020 size=76eb0h (487088) map[0m
[0;32mI (281) esp_image: segment 1: paddr=00086ed8 vaddr=3ffbdb60 size=05468h ( 21608) load[0m
[0;32mI (289) esp_image: segment 2: paddr=0008c348 vaddr=40080000 size=03cd0h ( 15568) load[0m
[0;32mI (296) esp_image: segment 3: paddr=00090020 vaddr=400d0020 size=fb23ch (1028668) map[0m
[0;32mI (668) esp_image: segment 4: paddr=0018b264 vaddr=40083cd0 size=1ac5ch (109660) load[0m
[0;32mI (730) boot: Loaded app from partition at offset 0x10000[0m
[0;32mI (730) boot: Disabling RNG early entropy source...[0m
[0;32mI (741) cpu_start: Multicore app[0m
[0;32mI (742) cpu_start: Pro cpu up.[0m
[0;32mI (742) cpu_start: Starting app cpu, entry point is 0x40081408[0m
[0;32mI (731) cpu_start: App cpu up.[0m
[0;32mI (762) cpu_start: Pro cpu start user code[0m
[0;32mI (762) cpu_start: cpu freq: 160000000 Hz[0m
[0;32mI (762) cpu_start: Application information:[0m
[0;32mI (767) cpu_start: Project name:     main[0m
[0;32mI (771) cpu_start: App version:      1[0m
[0;32mI (776) cpu_start: Compile time:     Oct 14 2025 11:40:01[0m
[0;32mI (782) cpu_start: ELF file SHA256:  24529b70feb13421...[0m
[0;32mI (788) cpu_start: ESP-IDF:          v5.1.1-dirty[0m
[0;32mI (793) cpu_start: Min chip rev:     v0.0[0m
[0;32mI (798) cpu_start: Max chip rev:     v3.99 [0m
[0;32mI (803) cpu_start: Chip rev:         v3.1[0m
[0;32mI (808) heap_init: Initializing. RAM available for dynamic allocation:[0m
[0;32mI (815) heap_init: At 3FFAFF10 len 000000F0 (0 KiB): DRAM[0m
[0;32mI (821) heap_init: At 3FFB6388 len 00001C78 (7 KiB): DRAM[0m
[0;32mI (827) heap_init: At 3FFB9A20 len 00004108 (16 KiB): DRAM[0m
[0;32mI (833) heap_init: At 3FFCB890 len 00014770 (81 KiB): DRAM[0m
[0;32mI (839) heap_init: At 3FFE0440 len 00003AE0 (14 KiB): D/IRAM[0m
[0;32mI (845) heap_init: At 3FFE4350 len 0001BCB0 (111 KiB): D/IRAM[0m
[0;32mI (852) heap_init: At 4009E92C len 000016D4 (5 KiB): IRAM[0m
[0;32mI (860) spi_flash: detected chip: generic[0m
[0;32mI (863) spi_flash: flash io: dio[0m
[0;32mI (867) coexist: coex firmware version: 80b0d89[0m
[0;32mI (873) app_start: Starting scheduler on CPU0[0m
[0;32[0;32mI (877) app_start: Starting scheduler on CPU1[0m
mI (877) main_task: Started on CPU0[0m
[0;32mI (887) main_task: Calling app_main()[0m
[0;32mI (937) APP: Web server handler task started[0m
[0;32mI (937) NVS_HANDLE: Open nvs flash: 0[0m
[0;32mI (937) NVS_HANDLE: Open nvs flash: 0[0m
[0;32mI (937) NVS_HANDLE: Open nvs flash: 0[0m
I (957) wifi:wifi driver task: 3ffd1a7c, prio:23, stack:6656, core=0
I (977) wifi:wifi firmware version: ce9244d
I (977) wifi:wifi certification version: v7.0
I (977) wifi:config NVS flash: enabled
I (977) wifi:config nano formating: disabled
I (987) wifi:Init data frame dynamic rx buffer num: 32
I (987) wifi:Init management frame dynamic rx buffer num: 32
I (997) wifi:Init management short buffer num: 32
I (997) wifi:Init dynamic tx buffer num: 32
I (1007) wifi:Init static rx buffer size: 1600
I (1007) wifi:Init static rx buffer num: 10
I (1007) wifi:Init dynamic rx buffer num: 32
[0;32mI (1017) wifi_init: rx ba win: 6[0m
[0;32mI (1017) wifi_init: tcpip mbox: 32[0m
[0;32mI (1017) wifi_init: udp mbox: 6[0m
[0;32mI (1027) wifi_init: tcp mbox: 6[0m
[0;32mI (1027) wifi_init: tcp tx win: 5744[0m
[0;32mI (1037) wifi_init: tcp rx win: 5744[0m
[0;32mI (1037) wifi_init: tcp mss: 1440[0m
[0;32mI (1047) wifi_init: WiFi IRAM OP enabled[0m
[0;32mI (1047) wifi_init: WiFi RX IRAM OP enabled[0m
[0;32mI (1047) WIFI STATION: wifi_init_sta finished, ssid:laptop, pass:12345678. ssid len:6, pass len:8[0m
[0;32mI (1067) phy_init: phy_version 4670,719f9f6,Feb 18 2021,17:07:07[0m
I (1177) wifi:mode : sta (24:dc:c3:a6:d0:28)
I (1177) wifi:enable tsf
[0;32mI (1177) APP: Read data from nvs flash: laptop 12345678 0[0m
[0;32mI (1187) WIFI STA: start connect to access point[0m
I (3597) wifi:new:<2,1>, old:<1,0>, ap:<255,255>, sta:<2,1>, prof:2
I (3597) wifi:state: init -> auth (b0)
I (3617) wifi:state: auth -> assoc (0)
I (3617) wifi:state: assoc -> run (10)
I (4127) wifi:connected with laptop, aid = 19, channel 2, 40U, bssid = 16:13:33:02:85:b3
I (4127) wifi:security: WPA2-PSK, phy: bgn, rssi: -58
I (4137) wifi:pm start, type: 1

I (4157) wifi:<ba-add>idx:0 (ifx:0, 16:13:33:02:85:b3), tid:0, ssn:4, winSize:64
I (4187) wifi:AP's beacon interval = 102400 us, DTIM period = 1
[0;32mI (5137) esp_netif_handlers: sta ip: 192.168.137.216, mask: 255.255.255.0, gw: 192.168.137.1[0m
[0;32mI (5137) WIFI STATION: got ip:192.168.137.1[0m
[0;32mI (5137) APP: Connect to AP successful[0m
[0;32mI (5147) APP: connection state: 1[0m
[0;32mI (5147) BTDM_INIT: BT controller compile version [946b762][0m
[0;32mI (5157) BTDM_INIT: Bluetooth MAC: 24:dc:c3:a6:d0:2a[0m
[0;32mI (5487) GATTC_MULTI: Registered gattc_if=3, start scan[0m
[0;32mI (5487) APP: Init SNTP...[0m
[0;32mI (5487) GATTC_MULTI: Scan params set -> start scanning[0m
[0;32mI (5497) APP: Time synced: Thu Oct 16 13:57:36 2025
[0m
[0;32mI (5497) APP: HTTP PUT https://htn-iot-8e223-default-rtdb.asia-southeast1.firebasedatabase.app/sensor/data/ESP32_ABC123.json?auth=ok7JtCJv8A9JTdhfsNUZwkG8GyvOO1pkY5PAgn5e[0m
[0;32mI (5927) esp-x509-crt-bundle: Certificate validated[0m
[0;32mI (7057) APP: PUT status=200, resp={"CO2":800,"Humi":60,"Mode":1,"State":1,"Temp":25.5}[0m
[0;32mI (7067) APP: HTTP GET https://htn-iot-8e223-default-rtdb.asia-southeast1.firebasedatabase.app/sensor/data/ESP32_ABC123.json?auth=ok7JtCJv8A9JTdhfsNUZwkG8GyvOO1pkY5PAgn5e[0m
[0;32mI (7467) esp-x509-crt-bundle: Certificate validated[0m
[0;32mI (8517) APP: GET status=200[0m
[0;32mI (8517) APP: GET body={"CO2":800,"Humi":60,"Mode":1,"State":1,"Temp":25.5}[0m
[0;32mI (8517) APP: mode=1[0m
Guru Meditation Error: Core  0 panic'ed (LoadProhibited). Exception was unhandled.

Core  0 register dump:
PC      : 0x400014fd  PS      : 0x00060730  A0      : 0x801b9f4a  A1      : 0x3ffbb560  
A2      : 0x00000000  A3      : 0xfffffffc  A4      : 0x000000ff  A5      : 0x0000ff00  
A6      : 0x00ff0000  A7      : 0xff000000  A8      : 0x00000000  A9      : 0x00000000  
A10     : 0x00000000  A11     : 0x00000003  A12     : 0x3ffbb7a4  A13     : 0x00000000  
A14     : 0x3ffbb774  A15     : 0x00000001  SAR     : 0x00000004  EXCCAUSE: 0x0000001c  
EXCVADDR: 0x00000000  LBEG    : 0x400014fd  LEND    : 0x4000150d  LCOUNT  : 0xffffffff  


Backtrace: 0x400014fa:0x3ffbb560 0x401b9f47:0x3ffbb570 0x401bb5f1:0x3ffbb890 0x401c9d39:0x3ffbb8c0 0x4009723d:0x3ffbb8f0 0x400d8545:0x3ffbb940 0x400d864f:0x3ffbbc10 0x401c9403:0x3ffbbc50 0x400941b1:0x3ffbbc80




ELF file SHA256: 24529b70feb13421

Rebooting...
ets Jul 29 2019 12:21:46

rst:0xc (SW_CPU_RESET),boot:0x13 (SPI_FAST_FLASH_BOOT)
configsip: 0, SPIWP:0xee
clk_drv:0x00,q_drv:0x00,d_drv:0x00,cs0_drv:0x00,hd_drv:0x00,wp_drv:0x00
mode:DIO, clock div:2
load:0x3fff0030,len:7084
ho 0 tail 12 room 4
load:0x40078000,len:15584
load:0x40080400,len:4
load:0x40080404,len:3876
entry 0x4008064c
[0;32mI (31) boot: ESP-IDF v5.1.1-dirty 2nd stage bootloader[0m
